BL51 BANKED LINKER/LOCATER V6.00                                                        02/16/2023  10:50:55  PAGE 1


BL51 BANKED LINKER/LOCATER V6.00, INVOKED BY:
C:\KEIL\C51\BIN\BL51.EXE STARTUP.obj, ÎÂ¿Ø³ÌÐò.obj, modbus.obj, crc.obj TO ÎÂ¿Ø¿ª»·°å³ÌÐò RAMSIZE (256)


MEMORY MODEL: LARGE


INPUT MODULES INCLUDED:
  STARTUP.obj (?C_STARTUP)
  ÎÂ¿Ø³ÌÐò.obj (ÎÂ¿_³ÌÐò)
  modbus.obj (MODBUS)
  crc.obj (CRC)
  C:\KEIL\C51\LIB\C51L.LIB (?C_INIT)
  C:\KEIL\C51\LIB\C51L.LIB (?C?CLDPTR)
  C:\KEIL\C51\LIB\C51L.LIB (?C?CLDOPTR)
  C:\KEIL\C51\LIB\C51L.LIB (?C?CSTOPTR)
  C:\KEIL\C51\LIB\C51L.LIB (?C?IMUL)
  C:\KEIL\C51\LIB\C51L.LIB (?C?UIDIV)
  C:\KEIL\C51\LIB\C51L.LIB (?C?ILDIX)
  C:\KEIL\C51\LIB\C51L.LIB (?C?SLCMP)
  C:\KEIL\C51\LIB\C51L.LIB (?C?OFFXADD)
  C:\KEIL\C51\LIB\C51L.LIB (?C?CCASE)


LINK MAP OF MODULE:  ÎÂ¿Ø¿ª»·°å³ÌÐò (?C_STARTUP)


            TYPE    BASE      LENGTH    RELOCATION   SEGMENT NAME
            -----------------------------------------------------

            * * * * * * *   D A T A   M E M O R Y   * * * * * * *
            REG     0000H     0008H     ABSOLUTE     "REG BANK 0"
            REG     0008H     0008H     ABSOLUTE     "REG BANK 1"
            REG     0010H     0008H     ABSOLUTE     "REG BANK 2"
            REG     0018H     0008H     ABSOLUTE     "REG BANK 3"
            BIT     0020H.0   0003H.4   UNIT         ?BI?ÎÂ¿_³ÌÐò
            BIT     0023H.4   0000H.1   UNIT         ?BI?SET_DIS?ÎÂ¿_³ÌÐò
            BIT     0023H.5   0000H.1   UNIT         ?BI?CUR_DIS?ÎÂ¿_³ÌÐò
            BIT     0023H.6   0000H.1   UNIT         ?BI?F_DIS?ÎÂ¿_³ÌÐò
            BIT     0023H.7   0000H.1   UNIT         ?BI?M_DIS?ÎÂ¿_³ÌÐò
            BIT     0024H.0   0000H.1   UNIT         ?BI?R_DIS?ÎÂ¿_³ÌÐò
            BIT     0024H.1   0000H.1   UNIT         ?BI?P1_DIS?ÎÂ¿_³ÌÐò
            BIT     0024H.2   0000H.1   UNIT         ?BI?P2_DIS?ÎÂ¿_³ÌÐò
            BIT     0024H.3   0000H.1   UNIT         _BIT_GROUP_
                    0024H.4   0000H.4                *** GAP ***
            IDATA   0025H     004EH     UNIT         ?ID?ÎÂ¿_³ÌÐò
            IDATA   0073H     0001H     UNIT         ?STACK

            * * * * * * *  X D A T A   M E M O R Y  * * * * * * *
            XDATA   0000H     0244H     UNIT         ?XD?MODBUS
            XDATA   0244H     0056H     UNIT         ?XD?ÎÂ¿_³ÌÐò
            XDATA   029AH     0027H     UNIT         _XDATA_GROUP_

            * * * * * * *   C O D E   M E M O R Y   * * * * * * *
            CODE    0000H     0003H     ABSOLUTE     
            CODE    0003H     0003H     ABSOLUTE     
            CODE    0006H     0005H     UNIT         ?PR?_BROADCAST_PROCESS?MODBUS
            CODE    000BH     0003H     ABSOLUTE     
BL51 BANKED LINKER/LOCATER V6.00                                                      02/16/2023  10:50:55  PAGE 2


            CODE    000EH     0015H     UNIT         ?PR?_IAPERASESECTOR?ÎÂ¿_³ÌÐò
            CODE    0023H     0003H     ABSOLUTE     
            CODE    0026H     006BH     UNIT         ?PR?UART?ÎÂ¿_³ÌÐò
            CODE    0091H     000AH     UNIT         ?PR?_UART_SEND_BYTE?ÎÂ¿_³ÌÐò
            CODE    009BH     0003H     ABSOLUTE     
            CODE    009EH     073EH     UNIT         ?PR?MAIN?ÎÂ¿_³ÌÐò
            CODE    07DCH     02D8H     UNIT         ?PR?_FUNCTION_READ_HOLDING_REGISTERS_3?MODBUS
            CODE    0AB4H     02AAH     UNIT         ?PR?_FUNCTION_READ_INPUT_REGISTERS_4?MODBUS
            CODE    0D5EH     0222H     UNIT         ?PR?_FUNCTION_READ_WRITE_MULTIPLE_REGISTERS_17?MODBUS
            CODE    0F80H     0200H     UNIT         ?CO?CRC
            CODE    1180H     01C8H     UNIT         ?PR?_PARSE_RECV_BUFFER?MODBUS
            CODE    1348H     0164H     UNIT         ?PR?_FUNCTION_READ_COILS_1?MODBUS
            CODE    14ACH     0164H     UNIT         ?PR?_FUNCTION_READ_DISCREATE_INPUT_2?MODBUS
            CODE    1610H     0134H     UNIT         ?PR?_FUNCTION_WRITE_MULTIPLE_REGISTERS_10?MODBUS
            CODE    1744H     0131H     UNIT         ?PR?_FUNCTION_WRITE_SINGLE_REGISTER_6?MODBUS
            CODE    1875H     012DH     UNIT         ?C?LIB_CODE
            CODE    19A2H     011DH     UNIT         ?PR?_FUNCTION_WRITE_MULTIPLE_COILS_F?MODBUS
            CODE    1ABFH     0117H     UNIT         ?PR?_GET_TEMPERATURE?ÎÂ¿_³ÌÐò
            CODE    1BD6H     0104H     UNIT         ?CO?ÎÂ¿_³ÌÐò
            CODE    1CDAH     00F6H     UNIT         ?PR?T3INT?ÎÂ¿_³ÌÐò
            CODE    1DD0H     00D7H     UNIT         ?PR?_HOT_SELECT?ÎÂ¿_³ÌÐò
            CODE    1EA7H     00CBH     UNIT         ?PR?SAVE_MODE_WR?ÎÂ¿_³ÌÐò
            CODE    1F72H     00C3H     UNIT         ?PR?READ_DATA?ÎÂ¿_³ÌÐò
            CODE    2035H     00AEH     UNIT         ?PR?DIS1?ÎÂ¿_³ÌÐò
            CODE    20E3H     00A5H     UNIT         ?PR?_TEMPERATURE_LPF?ÎÂ¿_³ÌÐò
            CODE    2188H     0094H     UNIT         ?PR?_TM1722_WRITE_WORD?ÎÂ¿_³ÌÐò
            CODE    221CH     0093H     UNIT         ?PR?_FAN_RUN_STOP?ÎÂ¿_³ÌÐò
            CODE    22AFH     0090H     UNIT         ?PR?_FUNCTION_WRITE_SINGLE_COIL_5?MODBUS
            CODE    233FH     008CH     UNIT         ?C_C51STARTUP
            CODE    23CBH     008BH     UNIT         ?PR?_LCD_CLEAR?ÎÂ¿_³ÌÐò
            CODE    2456H     0089H     UNIT         ?PR?_FAN_DIS?ÎÂ¿_³ÌÐò
            CODE    24DFH     0086H     UNIT         ?PR?TM0_ISR?ÎÂ¿_³ÌÐò
            CODE    2565H     0065H     UNIT         ?PR?_CRC16?CRC
            CODE    25CAH     0057H     UNIT         ?PR?READ_MODE_WR_DATA?ÎÂ¿_³ÌÐò
            CODE    2621H     0050H     UNIT         ?PR?MODE_CHOSE?ÎÂ¿_³ÌÐò
            CODE    2671H     0049H     UNIT         ?PR?_SEND_BAD_MSG?MODBUS
            CODE    26BAH     0041H     UNIT         ?PR?_TM1722_WRITE_BYTE?ÎÂ¿_³ÌÐò
            CODE    26FBH     0035H     UNIT         ?PR?TEMP_DIS?ÎÂ¿_³ÌÐò
            CODE    2730H     0034H     UNIT         ?PR?_SEND_BUFFER?ÎÂ¿_³ÌÐò
            CODE    2764H     0034H     UNIT         ?C_INITSEG
            CODE    2798H     002FH     UNIT         ?PR?H1_DIS?ÎÂ¿_³ÌÐò
            CODE    27C7H     002FH     UNIT         ?PR?H2_DIS?ÎÂ¿_³ÌÐò
            CODE    27F6H     002FH     UNIT         ?PR?H3_DIS?ÎÂ¿_³ÌÐò
            CODE    2825H     002FH     UNIT         ?PR?TB_DIS?ÎÂ¿_³ÌÐò
            CODE    2854H     002FH     UNIT         ?PR?JG_DIS?ÎÂ¿_³ÌÐò
            CODE    2883H     002FH     UNIT         ?PR?MODE_DIS?ÎÂ¿_³ÌÐò
            CODE    28B2H     002FH     UNIT         ?PR?BF_DIS?ÎÂ¿_³ÌÐò
            CODE    28E1H     002FH     UNIT         ?PR?SET_DIS?ÎÂ¿_³ÌÐò
            CODE    2910H     002FH     UNIT         ?PR?CUR_DIS?ÎÂ¿_³ÌÐò
            CODE    293FH     002FH     UNIT         ?PR?P1_DIS?ÎÂ¿_³ÌÐò
            CODE    296EH     002FH     UNIT         ?PR?P2_DIS?ÎÂ¿_³ÌÐò
            CODE    299DH     002FH     UNIT         ?PR?S14_DIS?ÎÂ¿_³ÌÐò
            CODE    29CCH     002FH     UNIT         ?PR?S15_DIS?ÎÂ¿_³ÌÐò
            CODE    29FBH     002DH     UNIT         ?PR?_GETADCRESULT?ÎÂ¿_³ÌÐò
            CODE    2A28H     0025H     UNIT         ?PR?EXINT0?ÎÂ¿_³ÌÐò
            CODE    2A4DH     0023H     UNIT         ?PR?_IAPPROGRAMBYTE?ÎÂ¿_³ÌÐò
            CODE    2A70H     0022H     UNIT         ?PR?HOT_DIS?ÎÂ¿_³ÌÐò
BL51 BANKED LINKER/LOCATER V6.00                                                      02/16/2023  10:50:55  PAGE 3


            CODE    2A92H     0021H     UNIT         ?PR?TIME_INSET?ÎÂ¿_³ÌÐò
            CODE    2AB3H     001FH     UNIT         ?PR?_DELAY1MS?ÎÂ¿_³ÌÐò
            CODE    2AD2H     001FH     UNIT         ?PR?FAN_CLOSE_READ?ÎÂ¿_³ÌÐò
            CODE    2AF1H     001CH     UNIT         ?PR?_IAPREADBYTE?ÎÂ¿_³ÌÐò
            CODE    2B0DH     0019H     UNIT         ?PR?UARTINIT?ÎÂ¿_³ÌÐò
            CODE    2B26H     0017H     UNIT         ?PR?FAN_CLOSE_SAVE?ÎÂ¿_³ÌÐò
            CODE    2B3DH     0017H     UNIT         ?PR?FAN_STOP?ÎÂ¿_³ÌÐò
            CODE    2B54H     0016H     UNIT         ?PR?TIMER0INIT?ÎÂ¿_³ÌÐò
            CODE    2B6AH     0015H     UNIT         ?PR?_NOT_SUPPORT_FUNCTION_CODE?MODBUS
            CODE    2B7FH     0014H     UNIT         ?PR?SAVE_MODE_NUM?ÎÂ¿_³ÌÐò
            CODE    2B93H     0014H     UNIT         ?PR?HOT1_DIS?ÎÂ¿_³ÌÐò
            CODE    2BA7H     0014H     UNIT         ?PR?HOT2_DIS?ÎÂ¿_³ÌÐò
            CODE    2BBBH     0014H     UNIT         ?PR?HOT3_DIS?ÎÂ¿_³ÌÐò
            CODE    2BCFH     0014H     UNIT         ?PR?F_DIS?ÎÂ¿_³ÌÐò
            CODE    2BE3H     0014H     UNIT         ?PR?M_DIS?ÎÂ¿_³ÌÐò
            CODE    2BF7H     0014H     UNIT         ?PR?R_DIS?ÎÂ¿_³ÌÐò
            CODE    2C0BH     0014H     UNIT         ?PR?S13_DIS?ÎÂ¿_³ÌÐò
            CODE    2C1FH     0010H     UNIT         ?PR?TIMER3INIT?ÎÂ¿_³ÌÐò
            CODE    2C2FH     000FH     UNIT         ?PR?READ_MODE?ÎÂ¿_³ÌÐò
            CODE    2C3EH     000FH     UNIT         ?PR?_PWM_SET?ÎÂ¿_³ÌÐò
            CODE    2C4DH     000EH     UNIT         ?PR?TIMER1INIT?ÎÂ¿_³ÌÐò
            CODE    2C5BH     000DH     UNIT         ?PR?IAPIDLE?ÎÂ¿_³ÌÐò
            CODE    2C68H     000CH     UNIT         ?PR?INITADC?ÎÂ¿_³ÌÐò
            CODE    2C74H     000AH     UNIT         ?PR?DELAY50US?ÎÂ¿_³ÌÐò
            CODE    2C7EH     000AH     UNIT         ?PR?FAN_RUN?ÎÂ¿_³ÌÐò



OVERLAY MAP OF MODULE:   ÎÂ¿Ø¿ª»·°å³ÌÐò (?C_STARTUP)


SEGMENT                                             BIT_GROUP          XDATA_GROUP
  +--> CALLED SEGMENT                            START    LENGTH     START    LENGTH
------------------------------------------------------------------------------------
?C_C51STARTUP                                    -----    -----      -----    -----
  +--> ?PR?MAIN?ÎÂ¿_³ÌÐò
  +--> ?C_INITSEG

?PR?MAIN?ÎÂ¿_³ÌÐò                                -----    -----      -----    -----
  +--> ?PR?UARTINIT?ÎÂ¿_³ÌÐò
  +--> ?PR?INITADC?ÎÂ¿_³ÌÐò
  +--> ?PR?TIMER0INIT?ÎÂ¿_³ÌÐò
  +--> ?PR?TIMER1INIT?ÎÂ¿_³ÌÐò
  +--> ?PR?TIMER3INIT?ÎÂ¿_³ÌÐò
  +--> ?PR?READ_MODE?ÎÂ¿_³ÌÐò
  +--> ?PR?READ_DATA?ÎÂ¿_³ÌÐò
  +--> ?PR?FAN_CLOSE_READ?ÎÂ¿_³ÌÐò
  +--> ?PR?_LCD_CLEAR?ÎÂ¿_³ÌÐò
  +--> ?PR?DIS1?ÎÂ¿_³ÌÐò
  +--> ?PR?_DELAY1MS?ÎÂ¿_³ÌÐò
  +--> ?PR?FAN_CLOSE_SAVE?ÎÂ¿_³ÌÐò
  +--> ?PR?_PARSE_RECV_BUFFER?MODBUS
  +--> ?PR?MODE_CHOSE?ÎÂ¿_³ÌÐò
  +--> ?PR?_GET_TEMPERATURE?ÎÂ¿_³ÌÐò
  +--> ?PR?S13_DIS?ÎÂ¿_³ÌÐò
  +--> ?PR?S14_DIS?ÎÂ¿_³ÌÐò
  +--> ?PR?SAVE_MODE_WR?ÎÂ¿_³ÌÐò
BL51 BANKED LINKER/LOCATER V6.00                                                      02/16/2023  10:50:55  PAGE 4


  +--> ?PR?SAVE_MODE_NUM?ÎÂ¿_³ÌÐò
  +--> ?PR?TB_DIS?ÎÂ¿_³ÌÐò
  +--> ?PR?_FAN_RUN_STOP?ÎÂ¿_³ÌÐò
  +--> ?PR?HOT_DIS?ÎÂ¿_³ÌÐò
  +--> ?PR?FAN_STOP?ÎÂ¿_³ÌÐò
  +--> ?PR?TIME_INSET?ÎÂ¿_³ÌÐò
  +--> ?PR?_TEMPERATURE_LPF?ÎÂ¿_³ÌÐò
  +--> ?PR?JG_DIS?ÎÂ¿_³ÌÐò
  +--> ?PR?TEMP_DIS?ÎÂ¿_³ÌÐò
  +--> ?PR?BF_DIS?ÎÂ¿_³ÌÐò
  +--> ?PR?_FAN_DIS?ÎÂ¿_³ÌÐò
  +--> ?PR?_HOT_SELECT?ÎÂ¿_³ÌÐò

?PR?READ_MODE?ÎÂ¿_³ÌÐò                           -----    -----      -----    -----
  +--> ?PR?_IAPREADBYTE?ÎÂ¿_³ÌÐò

?PR?_IAPREADBYTE?ÎÂ¿_³ÌÐò                        -----    -----      -----    -----
  +--> ?PR?IAPIDLE?ÎÂ¿_³ÌÐò

?PR?READ_DATA?ÎÂ¿_³ÌÐò                           -----    -----      -----    -----
  +--> ?PR?_IAPREADBYTE?ÎÂ¿_³ÌÐò
  +--> ?PR?READ_MODE_WR_DATA?ÎÂ¿_³ÌÐò

?PR?FAN_CLOSE_READ?ÎÂ¿_³ÌÐò                      -----    -----      -----    -----
  +--> ?PR?_IAPREADBYTE?ÎÂ¿_³ÌÐò

?PR?_LCD_CLEAR?ÎÂ¿_³ÌÐò                          -----    -----      -----    -----
  +--> ?PR?_TM1722_WRITE_BYTE?ÎÂ¿_³ÌÐò

?PR?_TM1722_WRITE_BYTE?ÎÂ¿_³ÌÐò                  -----    -----      -----    -----
  +--> ?PR?DELAY50US?ÎÂ¿_³ÌÐò

?PR?DIS1?ÎÂ¿_³ÌÐò                                0024H.3  0000H.1    029AH    0005H
  +--> ?PR?_TM1722_WRITE_WORD?ÎÂ¿_³ÌÐò

?PR?_TM1722_WRITE_WORD?ÎÂ¿_³ÌÐò                  -----    -----      029FH    0001H
  +--> ?CO?ÎÂ¿_³ÌÐò
  +--> ?PR?_TM1722_WRITE_BYTE?ÎÂ¿_³ÌÐò

?PR?FAN_CLOSE_SAVE?ÎÂ¿_³ÌÐò                      -----    -----      -----    -----
  +--> ?PR?_IAPERASESECTOR?ÎÂ¿_³ÌÐò
  +--> ?PR?_IAPPROGRAMBYTE?ÎÂ¿_³ÌÐò

?PR?_IAPERASESECTOR?ÎÂ¿_³ÌÐò                     -----    -----      -----    -----
  +--> ?PR?IAPIDLE?ÎÂ¿_³ÌÐò

?PR?_IAPPROGRAMBYTE?ÎÂ¿_³ÌÐò                     -----    -----      -----    -----
  +--> ?PR?IAPIDLE?ÎÂ¿_³ÌÐò

?PR?_PARSE_RECV_BUFFER?MODBUS                    -----    -----      029AH    0009H
  +--> ?PR?_CRC16?CRC
  +--> ?PR?_BROADCAST_PROCESS?MODBUS
  +--> ?PR?_FUNCTION_READ_COILS_1?MODBUS
  +--> ?PR?_FUNCTION_READ_DISCREATE_INPUT_2?...
  +--> ?PR?_FUNCTION_READ_HOLDING_REGISTERS_...
  +--> ?PR?_FUNCTION_READ_INPUT_REGISTERS_4?...
  +--> ?PR?_FUNCTION_WRITE_SINGLE_COIL_5?MODBUS
BL51 BANKED LINKER/LOCATER V6.00                                                      02/16/2023  10:50:55  PAGE 5


  +--> ?PR?_FUNCTION_WRITE_SINGLE_REGISTER_6...
  +--> ?PR?_FUNCTION_WRITE_MULTIPLE_COILS_F?...
  +--> ?PR?_FUNCTION_WRITE_MULTIPLE_REGISTER...
  +--> ?PR?_FUNCTION_READ_WRITE_MULTIPLE_REG...
  +--> ?PR?_NOT_SUPPORT_FUNCTION_CODE?MODBUS

?PR?_CRC16?CRC                                   -----    -----      02BAH    0007H
  +--> ?CO?CRC

?PR?_FUNCTION_READ_COILS_1?MODBUS                -----    -----      02A3H    000CH
  +--> ?PR?_SEND_BAD_MSG?MODBUS
  +--> ?PR?_CRC16?CRC
  +--> ?PR?_SEND_BUFFER?ÎÂ¿_³ÌÐò

?PR?_SEND_BAD_MSG?MODBUS                         -----    -----      02B5H    0005H
  +--> ?PR?_CRC16?CRC
  +--> ?PR?_SEND_BUFFER?ÎÂ¿_³ÌÐò

?PR?_SEND_BUFFER?ÎÂ¿_³ÌÐò                        -----    -----      02BAH    0003H

?PR?_FUNCTION_READ_DISCREATE_INPUT_2?...         -----    -----      02A3H    000CH
  +--> ?PR?_SEND_BAD_MSG?MODBUS
  +--> ?PR?_CRC16?CRC
  +--> ?PR?_SEND_BUFFER?ÎÂ¿_³ÌÐò

?PR?_FUNCTION_READ_HOLDING_REGISTERS_...         -----    -----      02A3H    000EH
  +--> ?PR?_SEND_BAD_MSG?MODBUS
  +--> ?PR?_CRC16?CRC
  +--> ?PR?_SEND_BUFFER?ÎÂ¿_³ÌÐò

?PR?_FUNCTION_READ_INPUT_REGISTERS_4?...         -----    -----      02A3H    000EH
  +--> ?PR?_SEND_BAD_MSG?MODBUS
  +--> ?PR?_CRC16?CRC
  +--> ?PR?_SEND_BUFFER?ÎÂ¿_³ÌÐò

?PR?_FUNCTION_WRITE_SINGLE_COIL_5?MODBUS         -----    -----      02A3H    0009H
  +--> ?PR?_SEND_BAD_MSG?MODBUS
  +--> ?PR?_SEND_BUFFER?ÎÂ¿_³ÌÐò

?PR?_FUNCTION_WRITE_SINGLE_REGISTER_6...         -----    -----      02A3H    0009H
  +--> ?PR?_SEND_BAD_MSG?MODBUS
  +--> ?PR?_SEND_BUFFER?ÎÂ¿_³ÌÐò

?PR?_FUNCTION_WRITE_MULTIPLE_COILS_F?...         -----    -----      02A3H    000BH
  +--> ?PR?_SEND_BAD_MSG?MODBUS
  +--> ?PR?_CRC16?CRC
  +--> ?PR?_SEND_BUFFER?ÎÂ¿_³ÌÐò

?PR?_FUNCTION_WRITE_MULTIPLE_REGISTER...         -----    -----      02A3H    000BH
  +--> ?PR?_SEND_BAD_MSG?MODBUS
  +--> ?PR?_CRC16?CRC
  +--> ?PR?_SEND_BUFFER?ÎÂ¿_³ÌÐò

?PR?_FUNCTION_READ_WRITE_MULTIPLE_REG...         -----    -----      02A3H    0012H
  +--> ?PR?_SEND_BAD_MSG?MODBUS
  +--> ?PR?_CRC16?CRC
  +--> ?PR?_SEND_BUFFER?ÎÂ¿_³ÌÐò
BL51 BANKED LINKER/LOCATER V6.00                                                      02/16/2023  10:50:55  PAGE 6



?PR?_NOT_SUPPORT_FUNCTION_CODE?MODBUS            -----    -----      02A3H    0002H
  +--> ?PR?_SEND_BAD_MSG?MODBUS

?PR?MODE_CHOSE?ÎÂ¿_³ÌÐò                          -----    -----      -----    -----
  +--> ?PR?READ_DATA?ÎÂ¿_³ÌÐò
  +--> ?PR?_LCD_CLEAR?ÎÂ¿_³ÌÐò
  +--> ?PR?DIS1?ÎÂ¿_³ÌÐò
  +--> ?PR?MODE_DIS?ÎÂ¿_³ÌÐò
  +--> ?PR?_DELAY1MS?ÎÂ¿_³ÌÐò
  +--> ?PR?BF_DIS?ÎÂ¿_³ÌÐò
  +--> ?PR?_FAN_DIS?ÎÂ¿_³ÌÐò
  +--> ?PR?_HOT_SELECT?ÎÂ¿_³ÌÐò
  +--> ?PR?TB_DIS?ÎÂ¿_³ÌÐò
  +--> ?PR?S13_DIS?ÎÂ¿_³ÌÐò
  +--> ?PR?S14_DIS?ÎÂ¿_³ÌÐò
  +--> ?PR?S15_DIS?ÎÂ¿_³ÌÐò

?PR?MODE_DIS?ÎÂ¿_³ÌÐò                            0024H.3  0000H.1    -----    -----
  +--> ?PR?_TM1722_WRITE_BYTE?ÎÂ¿_³ÌÐò

?PR?BF_DIS?ÎÂ¿_³ÌÐò                              0024H.3  0000H.1    -----    -----
  +--> ?PR?_TM1722_WRITE_BYTE?ÎÂ¿_³ÌÐò

?PR?_FAN_DIS?ÎÂ¿_³ÌÐò                            -----    -----      -----    -----
  +--> ?PR?_TM1722_WRITE_BYTE?ÎÂ¿_³ÌÐò

?PR?_HOT_SELECT?ÎÂ¿_³ÌÐò                         -----    -----      -----    -----
  +--> ?PR?HOT1_DIS?ÎÂ¿_³ÌÐò
  +--> ?PR?HOT2_DIS?ÎÂ¿_³ÌÐò
  +--> ?PR?HOT3_DIS?ÎÂ¿_³ÌÐò
  +--> ?PR?H1_DIS?ÎÂ¿_³ÌÐò
  +--> ?PR?H2_DIS?ÎÂ¿_³ÌÐò
  +--> ?PR?H3_DIS?ÎÂ¿_³ÌÐò

?PR?HOT1_DIS?ÎÂ¿_³ÌÐò                            0024H.3  0000H.1    -----    -----
  +--> ?PR?_TM1722_WRITE_BYTE?ÎÂ¿_³ÌÐò

?PR?HOT2_DIS?ÎÂ¿_³ÌÐò                            0024H.3  0000H.1    -----    -----
  +--> ?PR?_TM1722_WRITE_BYTE?ÎÂ¿_³ÌÐò

?PR?HOT3_DIS?ÎÂ¿_³ÌÐò                            0024H.3  0000H.1    -----    -----
  +--> ?PR?_TM1722_WRITE_BYTE?ÎÂ¿_³ÌÐò

?PR?H1_DIS?ÎÂ¿_³ÌÐò                              0024H.3  0000H.1    -----    -----
  +--> ?PR?_TM1722_WRITE_BYTE?ÎÂ¿_³ÌÐò

?PR?H2_DIS?ÎÂ¿_³ÌÐò                              0024H.3  0000H.1    -----    -----
  +--> ?PR?_TM1722_WRITE_BYTE?ÎÂ¿_³ÌÐò

?PR?H3_DIS?ÎÂ¿_³ÌÐò                              0024H.3  0000H.1    -----    -----
  +--> ?PR?_TM1722_WRITE_BYTE?ÎÂ¿_³ÌÐò

?PR?TB_DIS?ÎÂ¿_³ÌÐò                              0024H.3  0000H.1    -----    -----
  +--> ?PR?_TM1722_WRITE_BYTE?ÎÂ¿_³ÌÐò

?PR?S13_DIS?ÎÂ¿_³ÌÐò                             0024H.3  0000H.1    -----    -----
BL51 BANKED LINKER/LOCATER V6.00                                                      02/16/2023  10:50:55  PAGE 7


  +--> ?PR?_TM1722_WRITE_BYTE?ÎÂ¿_³ÌÐò

?PR?S14_DIS?ÎÂ¿_³ÌÐò                             0024H.3  0000H.1    -----    -----
  +--> ?PR?_TM1722_WRITE_BYTE?ÎÂ¿_³ÌÐò

?PR?S15_DIS?ÎÂ¿_³ÌÐò                             0024H.3  0000H.1    -----    -----
  +--> ?PR?_TM1722_WRITE_BYTE?ÎÂ¿_³ÌÐò

?PR?_GET_TEMPERATURE?ÎÂ¿_³ÌÐò                    -----    -----      029AH    0005H
  +--> ?PR?_TEMPERATURE_LPF?ÎÂ¿_³ÌÐò
  +--> ?CO?ÎÂ¿_³ÌÐò

?PR?_TEMPERATURE_LPF?ÎÂ¿_³ÌÐò                    -----    -----      -----    -----
  +--> ?PR?_GETADCRESULT?ÎÂ¿_³ÌÐò
  +--> ?PR?_DELAY1MS?ÎÂ¿_³ÌÐò

?PR?SAVE_MODE_WR?ÎÂ¿_³ÌÐò                        -----    -----      -----    -----
  +--> ?PR?_IAPERASESECTOR?ÎÂ¿_³ÌÐò
  +--> ?PR?_IAPPROGRAMBYTE?ÎÂ¿_³ÌÐò

?PR?SAVE_MODE_NUM?ÎÂ¿_³ÌÐò                       -----    -----      -----    -----
  +--> ?PR?_IAPERASESECTOR?ÎÂ¿_³ÌÐò
  +--> ?PR?_IAPPROGRAMBYTE?ÎÂ¿_³ÌÐò

?PR?_FAN_RUN_STOP?ÎÂ¿_³ÌÐò                       -----    -----      -----    -----
  +--> ?PR?FAN_STOP?ÎÂ¿_³ÌÐò
  +--> ?PR?FAN_RUN?ÎÂ¿_³ÌÐò
  +--> ?PR?_PWM_SET?ÎÂ¿_³ÌÐò

?PR?FAN_STOP?ÎÂ¿_³ÌÐò                            -----    -----      -----    -----
  +--> ?PR?_PWM_SET?ÎÂ¿_³ÌÐò

?PR?HOT_DIS?ÎÂ¿_³ÌÐò                             0024H.3  0000H.1    -----    -----
  +--> ?PR?_TM1722_WRITE_BYTE?ÎÂ¿_³ÌÐò

?PR?JG_DIS?ÎÂ¿_³ÌÐò                              0024H.3  0000H.1    -----    -----
  +--> ?PR?_TM1722_WRITE_BYTE?ÎÂ¿_³ÌÐò

?PR?TEMP_DIS?ÎÂ¿_³ÌÐò                            0024H.3  0000H.1    -----    -----
  +--> ?PR?_TM1722_WRITE_BYTE?ÎÂ¿_³ÌÐò



SYMBOL TABLE OF MODULE:  ÎÂ¿Ø¿ª»·°å³ÌÐò (?C_STARTUP)

  VALUE           TYPE          NAME
  ----------------------------------

  -------         MODULE        ?C_STARTUP
  C:233FH         SEGMENT       ?C_C51STARTUP
  I:0073H         SEGMENT       ?STACK
  C:0000H         PUBLIC        ?C_STARTUP
  D:00E0H         SYMBOL        ACC
  D:00F0H         SYMBOL        B
  D:0083H         SYMBOL        DPH
  D:0082H         SYMBOL        DPL
  N:0000H         SYMBOL        IBPSTACK
BL51 BANKED LINKER/LOCATER V6.00                                                      02/16/2023  10:50:55  PAGE 8


  N:0100H         SYMBOL        IBPSTACKTOP
  N:0080H         SYMBOL        IDATALEN
  C:2342H         SYMBOL        IDATALOOP
  N:0000H         SYMBOL        PBPSTACK
  N:0100H         SYMBOL        PBPSTACKTOP
  N:0000H         SYMBOL        PDATALEN
  N:0000H         SYMBOL        PDATASTART
  N:0000H         SYMBOL        PPAGE
  N:0000H         SYMBOL        PPAGEENABLE
  D:00A0H         SYMBOL        PPAGE_SFR
  D:0081H         SYMBOL        SP
  C:233FH         SYMBOL        STARTUP1
  N:0000H         SYMBOL        XBPSTACK
  N:0000H         SYMBOL        XBPSTACKTOP
  N:0000H         SYMBOL        XDATALEN
  N:0000H         SYMBOL        XDATASTART
  C:0000H         LINE#         126
  C:233FH         LINE#         133
  C:2341H         LINE#         134
  C:2342H         LINE#         135
  C:2343H         LINE#         136
  C:2345H         LINE#         185
  C:2348H         LINE#         196
  -------         ENDMOD        ?C_STARTUP

  -------         MODULE        ÎÂ¿_³ÌÐò
  C:0000H         SYMBOL        _ICE_DUMMY_
  C:23CBH         PUBLIC        _lcd_clear
  B:0020H.0       PUBLIC        hot_power_bit
  I:0025H         PUBLIC        hot_num
  D:0092H         PUBLIC        P1M0
  D:0093H         PUBLIC        P0M1
  D:0096H         PUBLIC        P2M0
  D:0091H         PUBLIC        P1M1
  D:0080H         PUBLIC        P0
  C:0091H         PUBLIC        _UART_Send_Byte
  D:00B2H         PUBLIC        P3M0
  D:0095H         PUBLIC        P2M1
  D:0090H         PUBLIC        P1
  I:0026H         PUBLIC        dis_temp_cnt
  D:00B4H         PUBLIC        P4M0
  D:00B1H         PUBLIC        P3M1
  D:00A0H         PUBLIC        P2
  D:00CAH         PUBLIC        P5M0
  D:00B3H         PUBLIC        P4M1
  D:00B0H         PUBLIC        P3
  C:1EA7H         PUBLIC        save_mode_wr
  D:00C9H         PUBLIC        P5M1
  D:00C0H         PUBLIC        P4
  B:0020H.1       PUBLIC        hot_fan_bit
  B:0020H.2       PUBLIC        sp_bit
  B:0080H.7       PUBLIC        hot_in
  D:00C8H         PUBLIC        P5
  B:00A8H.7       PUBLIC        EA
  D:00E8H         PUBLIC        P6
  D:00F8H         PUBLIC        P7
  C:2BCFH         PUBLIC        f_dis
BL51 BANKED LINKER/LOCATER V6.00                                                      02/16/2023  10:50:55  PAGE 9


  B:0020H.3       PUBLIC        ss_bit
  B:0020H.4       PUBLIC        temp_set_bit
  B:0080H.6       PUBLIC        hot_ok
  I:0027H         PUBLIC        tb_num
  B:0020H.5       PUBLIC        fan_bit2
  B:0020H.6       PUBLIC        fan_bit3
  B:0090H.7       PUBLIC        out1
  I:0028H         PUBLIC        pwm5
  D:00F5H         PUBLIC        PWMCR
  B:00A0H.1       PUBLIC        out2
  B:00A0H.2       PUBLIC        out3
  D:00BAH         PUBLIC        P_SW2
  I:002AH         PUBLIC        PeriodCnt
  I:002EH         PUBLIC        temp_set_cnt
  I:002FH         PUBLIC        ss_cnt
  D:00A8H         PUBLIC        IE
  C:2BE3H         PUBLIC        m_dis
  I:0031H         PUBLIC        lcd_0ah
  B:0020H.7       PUBLIC        power_on_bit
  I:0032H         PUBLIC        lcd_0bh
  D:00C5H         PUBLIC        IAP_CMD
  C:1DD0H         PUBLIC        _hot_select
  C:2AF5H         PUBLIC        _IapReadByte
  I:0033H         PUBLIC        tm1
  I:0035H         PUBLIC        lcd_0eh
  C:2BF7H         PUBLIC        r_dis
  I:0036H         PUBLIC        tm2
  I:0038H         PUBLIC        lcd_0fh
  D:00BDH         PUBLIC        ADC_RES
  I:0039H         PUBLIC        tm3
  I:003BH         PUBLIC        tm4
  D:00F7H         PUBLIC        PWMFDCR
  B:00C8H.4       PUBLIC        speak
  I:003DH         PUBLIC        tm5
  C:1BD6H         PUBLIC        Tab
  I:003FH         PUBLIC        tm6
  I:0041H         PUBLIC        fenduan_num
  B:00A8H.4       PUBLIC        ES
  D:00B8H         PUBLIC        IP
  I:0042H         PUBLIC        tt1
  C:2798H         PUBLIC        H1_dis
  I:0044H         PUBLIC        tt2
  I:0046H         PUBLIC        t_cnt
  C:1F72H         PUBLIC        read_data
  B:0098H.0       PUBLIC        RI
  C:27C7H         PUBLIC        H2_dis
  C:2C5BH         PUBLIC        IapIdle
  C:2621H         PUBLIC        mode_chose
  C:27F6H         PUBLIC        H3_dis
  I:0047H         PUBLIC        HighRH
  B:0098H.1       PUBLIC        TI
  C:0026H         PUBLIC        Uart
  C:2B93H         PUBLIC        hot1_dis
  D:00C3H         PUBLIC        IAP_ADDRH
  C:2BA7H         PUBLIC        hot2_dis
  I:0048H         PUBLIC        HighRL
  C:2BBBH         PUBLIC        hot3_dis
BL51 BANKED LINKER/LOCATER V6.00                                                      02/16/2023  10:50:55  PAGE 10


  C:1BE8H         PUBLIC        temp_table
  D:00D8H         PUBLIC        CCON
  D:00C4H         PUBLIC        IAP_ADDRL
  C:2C2FH         PUBLIC        read_mode
  C:009EH         PUBLIC        main
  B:0021H.0       PUBLIC        tb_num_bit
  B:0021H.1       PUBLIC        dis_ss_bit
  B:00C0H.1       PUBLIC        TM1722_CLK
  B:00B0H.7       PUBLIC        TM1722_DIO
  X:0244H         PUBLIC        ID_old
  C:2AD2H         PUBLIC        fan_close_read
  I:0049H         PUBLIC        time
  D:00BCH         PUBLIC        ADC_CONTR
  D:0099H         PUBLIC        SBUF
  C:26DEH         PUBLIC        _TM1722_Write_Byte
  D:0098H         PUBLIC        SCON
  C:2B0DH         PUBLIC        UartInit
  D:0089H         PUBLIC        TMOD
  D:0088H         PUBLIC        TCON
  C:2A92H         PUBLIC        time_inset
  C:245AH         PUBLIC        _fan_dis
  C:1ACBH         PUBLIC        _get_temperature
  I:004BH         PUBLIC        temp
  C:20E3H         PUBLIC        _Temperature_LPF
  B:00B0H.6       PUBLIC        TM1722_STB
  X:024BH         PUBLIC        ID_new
  X:0252H         PUBLIC        cptr
  I:0059H         PUBLIC        g_need_process_datas
  C:2188H         PUBLIC        _TM1722_Write_Word
  B:0088H.1       PUBLIC        IE0
  D:00AFH         PUBLIC        IE2
  C:2C74H         PUBLIC        Delay50us
  D:008EH         PUBLIC        AUXR
  C:24DFH         PUBLIC        tm0_isr
  C:2B26H         PUBLIC        fan_close_save
  C:293FH         PUBLIC        p1_dis
  D:00C7H         PUBLIC        IAP_CONTR
  C:296EH         PUBLIC        p2_dis
  D:00F1H         PUBLIC        PWMCFG
  C:2883H         PUBLIC        mode_dis
  B:00A8H.1       PUBLIC        ET0
  B:0088H.5       PUBLIC        TF0
  B:00A8H.3       PUBLIC        ET1
  C:2B54H         PUBLIC        Timer0Init
  C:2C4DH         PUBLIC        Timer1Init
  D:008CH         PUBLIC        TH0
  D:008DH         PUBLIC        TH1
  B:0088H.0       PUBLIC        IT0
  B:00A8H.0       PUBLIC        EX0
  C:29FBH         PUBLIC        _GetADCResult
  C:2C1FH         PUBLIC        Timer3Init
  I:005AH         PUBLIC        LowRH
  D:00D6H         PUBLIC        T2H
  D:00D4H         PUBLIC        T3H
  D:008AH         PUBLIC        TL0
  B:0021H.2       PUBLIC        fan_close_bit
  B:0021H.3       PUBLIC        power_bit
BL51 BANKED LINKER/LOCATER V6.00                                                      02/16/2023  10:50:55  PAGE 11


  D:008BH         PUBLIC        TL1
  B:0021H.4       PUBLIC        save_bit
  I:005BH         PUBLIC        LowRL
  D:00D7H         PUBLIC        T2L
  D:00D5H         PUBLIC        T3L
  X:0254H         PUBLIC        g_current_need_times
  X:0256H         PUBLIC        g_recv_buffer_index
  D:00C2H         PUBLIC        IAP_DATA
  B:0088H.4       PUBLIC        TR0
  B:0021H.5       PUBLIC        fan_bit
  I:005CH         PUBLIC        power_cnt
  I:005DH         PUBLIC        fan_close_cnt
  B:0088H.6       PUBLIC        TR1
  I:005EH         PUBLIC        save_cnt
  X:0258H         PUBLIC        g_recv_buffer
  D:00C1H         PUBLIC        WDT_CONTR
  I:0060H         PUBLIC        mode_num
  C:2701H         PUBLIC        temp_dis
  C:2A28H         PUBLIC        exint0
  B:0021H.6       PUBLIC        auto_bit
  B:0021H.7       PUBLIC        clk_bit
  D:009DH         PUBLIC        P1ASF
  I:0061H         PUBLIC        fan_cnt
  D:00D1H         PUBLIC        T4T3M
  C:2B3DH         PUBLIC        fan_stop
  C:2C68H         PUBLIC        InitADC
  B:0022H.0       PUBLIC        dis_HT_bit
  I:0062H         PUBLIC        lcd_03h
  D:00BEH         PUBLIC        ADC_RESL
  C:2C3EH         PUBLIC        _pwm_set
  C:000EH         PUBLIC        _IapEraseSector
  B:00A0H.0       PUBLIC        lcd_bl
  B:0080H.5       PUBLIC        hot_fan
  I:0063H         PUBLIC        lcd_06h
  C:2AB8H         PUBLIC        _Delay1ms
  I:0064H         PUBLIC        lcd_07h
  I:0065H         PUBLIC        temp_set
  B:00C0H.4       PUBLIC        led1
  B:00A0H.6       PUBLIC        led2
  I:0066H         PUBLIC        fan_num
  B:00C0H.3       PUBLIC        led3
  I:0067H         PUBLIC        key_buf
  C:2730H         PUBLIC        _send_buffer
  C:28B2H         PUBLIC        bf_dis
  B:0022H.1       PUBLIC        hot_HT_bit
  B:00A0H.5       PUBLIC        led4
  B:0022H.2       PUBLIC        fan_close_ok
  B:00C0H.2       PUBLIC        led5
  I:0068H         PUBLIC        out_clear_cnt
  X:0298H         PUBLIC        g_need_times
  C:2B7FH         PUBLIC        save_mode_num
  B:00A0H.4       PUBLIC        led6
  I:0069H         PUBLIC        fan_pwm
  C:2C7EH         PUBLIC        fan_run
  C:2910H         PUBLIC        cur_dis
  C:25CAH         PUBLIC        read_mode_wr_data
  B:0022H.3       PUBLIC        save_all_bit
BL51 BANKED LINKER/LOCATER V6.00                                                      02/16/2023  10:50:55  PAGE 12


  B:0022H.4       PUBLIC        hot_bit
  C:2A7EH         PUBLIC        hot_dis
  B:0022H.5       PUBLIC        PWMOUT
  C:28E1H         PUBLIC        set_dis
  C:2A57H         PUBLIC        _IapProgramByte
  B:0022H.6       PUBLIC        key_find_bit
  I:006BH         PUBLIC        mode_wr
  C:2043H         PUBLIC        dis1
  D:00C6H         PUBLIC        IAP_TRIG
  C:2854H         PUBLIC        jg_dis
  C:1CDAH         PUBLIC        t3int
  C:2220H         PUBLIC        _fan_run_stop
  B:0022H.7       PUBLIC        tb_bit
  C:2825H         PUBLIC        tb_dis
  C:2C0BH         PUBLIC        s13_dis
  B:0023H.0       PUBLIC        uart_ok
  I:0070H         PUBLIC        cnt3
  C:299DH         PUBLIC        s14_dis
  B:0023H.1       PUBLIC        mode_num_bit
  I:0071H         PUBLIC        cnt4
  D:00D0H         PUBLIC        PSW
  C:29CCH         PUBLIC        s15_dis
  B:0023H.2       PUBLIC        dis_temp_bit
  I:0072H         PUBLIC        cnt5
  B:0023H.3       PUBLIC        zb_bit
  D:0094H         PUBLIC        P0M0
  C:1AC6H         SYMBOL        L?0500
  -------         PROC          L?0499
  -------         ENDPROC       L?0499
  C:1AC6H         SYMBOL        L?0500
  -------         PROC          _GET_TEMPERATURE
  D:0004H         SYMBOL        adc
  -------         DO            
  X:029AH         SYMBOL        p
  X:029CH         SYMBOL        i
  D:0006H         SYMBOL        j
  X:029EH         SYMBOL        k
  D:0002H         SYMBOL        min
  D:0007H         SYMBOL        max
  -------         ENDDO         
  C:1ACBH         LINE#         537
  C:1ACFH         LINE#         538
  C:1ACFH         LINE#         544
  C:1AD9H         LINE#         548
  C:1ADBH         LINE#         549
  C:1ADDH         LINE#         551
  C:1ADEH         LINE#         552
  C:1ADEH         LINE#         553
  C:1AEAH         LINE#         554
  C:1B1FH         LINE#         555
  C:1B20H         LINE#         556
  C:1B25H         LINE#         557
  C:1B4BH         LINE#         558
  C:1B71H         LINE#         560
  C:1B71H         LINE#         561
  C:1B76H         LINE#         562
  C:1B76H         LINE#         563
BL51 BANKED LINKER/LOCATER V6.00                                                      02/16/2023  10:50:55  PAGE 13


  C:1B77H         LINE#         564
  C:1B9FH         LINE#         565
  C:1BC2H         LINE#         566
  C:1BC2H         LINE#         567
  C:1BC3H         LINE#         570
  C:1BCDH         LINE#         573
  C:1BCDH         LINE#         574
  C:1BCDH         LINE#         575
  C:1BCDH         LINE#         576
  C:1BCDH         LINE#         577
  C:1BD5H         LINE#         578
  -------         ENDPROC       _GET_TEMPERATURE
  C:2AB3H         SYMBOL        L?0506
  -------         PROC          L?0505
  -------         ENDPROC       L?0505
  C:2AB3H         SYMBOL        L?0506
  -------         PROC          _DELAY1MS
  D:0006H         SYMBOL        dd
  -------         DO            
  D:0005H         SYMBOL        i
  D:0004H         SYMBOL        j
  -------         ENDDO         
  C:2AB8H         LINE#         583
  C:2AB8H         LINE#         584
  C:2AB8H         LINE#         586
  C:2ABCH         LINE#         587
  C:2ABDH         LINE#         588
  C:2ABEH         LINE#         589
  C:2ABFH         LINE#         590
  C:2AC1H         LINE#         591
  C:2AC3H         LINE#         593
  C:2AC3H         LINE#         594
  C:2AC5H         LINE#         595
  C:2AC7H         LINE#         597
  C:2ACAH         LINE#         598
  C:2ACFH         LINE#         599
  C:2AD1H         LINE#         600
  -------         ENDPROC       _DELAY1MS
  -------         PROC          UARTINIT
  C:2B0DH         LINE#         635
  C:2B0DH         LINE#         636
  C:2B0DH         LINE#         637
  C:2B10H         LINE#         645
  C:2B13H         LINE#         646
  C:2B16H         LINE#         647
  C:2B19H         LINE#         648
  C:2B1CH         LINE#         649
  C:2B1FH         LINE#         650
  C:2B21H         LINE#         651
  C:2B23H         LINE#         652
  C:2B25H         LINE#         656
  -------         ENDPROC       UARTINIT
  -------         PROC          TIMER0INIT
  C:2B54H         LINE#         659
  C:2B54H         LINE#         660
  C:2B54H         LINE#         661
  C:2B57H         LINE#         662
BL51 BANKED LINKER/LOCATER V6.00                                                      02/16/2023  10:50:55  PAGE 14


  C:2B5AH         LINE#         663
  C:2B5DH         LINE#         664
  C:2B60H         LINE#         665
  C:2B63H         LINE#         666
  C:2B65H         LINE#         667
  C:2B67H         LINE#         668
  C:2B69H         LINE#         669
  -------         ENDPROC       TIMER0INIT
  -------         PROC          TIMER1INIT
  C:2C4DH         LINE#         673
  C:2C4DH         LINE#         674
  C:2C4DH         LINE#         675
  C:2C50H         LINE#         676
  C:2C53H         LINE#         677
  C:2C56H         LINE#         678
  C:2C58H         LINE#         679
  C:2C5AH         LINE#         681
  -------         ENDPROC       TIMER1INIT
  -------         PROC          TIMER3INIT
  C:2C1FH         LINE#         687
  C:2C1FH         LINE#         688
  C:2C1FH         LINE#         689
  C:2C22H         LINE#         690
  C:2C25H         LINE#         691
  C:2C28H         LINE#         692
  C:2C2BH         LINE#         693
  C:2C2EH         LINE#         694
  -------         ENDPROC       TIMER3INIT
  -------         PROC          IAPIDLE
  C:2C5BH         LINE#         702
  C:2C5BH         LINE#         703
  C:2C5BH         LINE#         704
  C:2C5EH         LINE#         705
  C:2C60H         LINE#         706
  C:2C62H         LINE#         707
  C:2C65H         LINE#         708
  C:2C67H         LINE#         709
  -------         ENDPROC       IAPIDLE
  C:2AF1H         SYMBOL        L?0502
  -------         PROC          L?0501
  -------         ENDPROC       L?0501
  C:2AF1H         SYMBOL        L?0502
  -------         PROC          _IAPREADBYTE
  D:0006H         SYMBOL        addr
  -------         DO            
  D:0007H         SYMBOL        dat
  -------         ENDDO         
  C:2AF5H         LINE#         714
  C:2AF5H         LINE#         715
  C:2AF5H         LINE#         718
  C:2AF8H         LINE#         719
  C:2AFBH         LINE#         720
  C:2AFDH         LINE#         721
  C:2B00H         LINE#         722
  C:2B03H         LINE#         723
  C:2B06H         LINE#         724
  C:2B07H         LINE#         725
BL51 BANKED LINKER/LOCATER V6.00                                                      02/16/2023  10:50:55  PAGE 15


  C:2B09H         LINE#         726
  C:2B0CH         LINE#         728
  C:2B0CH         LINE#         729
  -------         ENDPROC       _IAPREADBYTE
  C:2A4DH         SYMBOL        L?0496
  -------         PROC          L?0495
  -------         ENDPROC       L?0495
  C:2A4DH         SYMBOL        L?0496
  -------         PROC          _IAPPROGRAMBYTE
  D:0006H         SYMBOL        addr
  D:0005H         SYMBOL        dat
  C:2A57H         LINE#         734
  C:2A57H         LINE#         735
  C:2A57H         LINE#         736
  C:2A5AH         LINE#         737
  C:2A5DH         LINE#         738
  C:2A5FH         LINE#         739
  C:2A62H         LINE#         740
  C:2A66H         LINE#         741
  C:2A69H         LINE#         742
  C:2A6CH         LINE#         743
  C:2A6DH         LINE#         744
  -------         ENDPROC       _IAPPROGRAMBYTE
  -------         PROC          _IAPERASESECTOR
  D:0006H         SYMBOL        addr
  C:000EH         LINE#         750
  C:000EH         LINE#         751
  C:000EH         LINE#         752
  C:0011H         LINE#         753
  C:0014H         LINE#         754
  C:0016H         LINE#         755
  C:0019H         LINE#         756
  C:001CH         LINE#         757
  C:001FH         LINE#         758
  C:0020H         LINE#         759
  -------         ENDPROC       _IAPERASESECTOR
  -------         PROC          SAVE_MODE_NUM
  -------         DO            
  D:0004H         SYMBOL        addr
  -------         ENDDO         
  C:2B7FH         LINE#         764
  C:2B7FH         LINE#         765
  C:2B7FH         LINE#         768
  C:2B82H         LINE#         769
  C:2B84H         LINE#         770
  C:2B89H         LINE#         772
  C:2B90H         LINE#         775
  C:2B92H         LINE#         776
  -------         ENDPROC       SAVE_MODE_NUM
  -------         PROC          FAN_CLOSE_SAVE
  -------         DO            
  D:0004H         SYMBOL        addr
  -------         ENDDO         
  C:2B26H         LINE#         779
  C:2B26H         LINE#         780
  C:2B26H         LINE#         783
  C:2B2AH         LINE#         784
BL51 BANKED LINKER/LOCATER V6.00                                                      02/16/2023  10:50:55  PAGE 16


  C:2B2CH         LINE#         785
  C:2B33H         LINE#         787
  C:2B3AH         LINE#         790
  C:2B3CH         LINE#         792
  -------         ENDPROC       FAN_CLOSE_SAVE
  -------         PROC          FAN_CLOSE_READ
  -------         DO            
  D:0006H         SYMBOL        addr
  -------         ENDDO         
  C:2AD2H         LINE#         795
  C:2AD2H         LINE#         796
  C:2AD2H         LINE#         799
  C:2AD6H         LINE#         800
  C:2AD8H         LINE#         801
  C:2ADFH         LINE#         802
  C:2AE1H         LINE#         804
  C:2AF0H         LINE#         805
  -------         ENDPROC       FAN_CLOSE_READ
  -------         PROC          READ_MODE_WR_DATA
  C:25CAH         LINE#         810
  C:25CAH         LINE#         811
  C:25CAH         LINE#         812
  C:25D1H         LINE#         813
  C:25D7H         LINE#         814
  C:25DDH         LINE#         815
  C:25E3H         LINE#         816
  C:25E9H         LINE#         818
  C:25F8H         LINE#         819
  C:2602H         LINE#         820
  C:260CH         LINE#         821
  C:2616H         LINE#         822
  C:2620H         LINE#         824
  -------         ENDPROC       READ_MODE_WR_DATA
  -------         PROC          SAVE_MODE_WR
  -------         DO            
  D:0004H         SYMBOL        n
  D:0002H         SYMBOL        addr
  -------         ENDDO         
  C:1EA7H         LINE#         827
  C:1EA7H         LINE#         828
  C:1EA7H         LINE#         832
  C:1EADH         LINE#         833
  C:1EB3H         LINE#         834
  C:1EB9H         LINE#         835
  C:1EBFH         LINE#         836
  C:1EC5H         LINE#         838
  C:1ECDH         LINE#         839
  C:1ECDH         LINE#         840
  C:1ED0H         LINE#         841
  C:1ED2H         LINE#         842
  C:1ED8H         LINE#         843
  C:1EE7H         LINE#         844
  C:1EE9H         LINE#         845
  C:1EEAH         LINE#         847
  C:1EEFH         LINE#         848
  C:1EEFH         LINE#         849
  C:1EF2H         LINE#         850
BL51 BANKED LINKER/LOCATER V6.00                                                      02/16/2023  10:50:55  PAGE 17


  C:1EF4H         LINE#         851
  C:1EFAH         LINE#         852
  C:1F09H         LINE#         853
  C:1F0BH         LINE#         854
  C:1F0CH         LINE#         856
  C:1F11H         LINE#         857
  C:1F11H         LINE#         858
  C:1F14H         LINE#         859
  C:1F16H         LINE#         860
  C:1F1CH         LINE#         861
  C:1F2BH         LINE#         862
  C:1F2DH         LINE#         863
  C:1F2EH         LINE#         865
  C:1F33H         LINE#         866
  C:1F33H         LINE#         867
  C:1F36H         LINE#         868
  C:1F38H         LINE#         869
  C:1F3EH         LINE#         870
  C:1F4DH         LINE#         871
  C:1F4FH         LINE#         872
  C:1F50H         LINE#         874
  C:1F55H         LINE#         875
  C:1F55H         LINE#         876
  C:1F58H         LINE#         877
  C:1F5AH         LINE#         878
  C:1F60H         LINE#         879
  C:1F6FH         LINE#         880
  C:1F71H         LINE#         881
  C:1F71H         LINE#         882
  -------         ENDPROC       SAVE_MODE_WR
  -------         PROC          READ_MODE
  -------         DO            
  D:0006H         SYMBOL        addr
  -------         ENDDO         
  C:2C2FH         LINE#         885
  C:2C2FH         LINE#         886
  C:2C2FH         LINE#         888
  C:2C31H         LINE#         889
  C:2C34H         LINE#         890
  C:2C3BH         LINE#         892
  C:2C3DH         LINE#         895
  -------         ENDPROC       READ_MODE
  -------         PROC          READ_DATA
  -------         DO            
  D:0002H         SYMBOL        addr
  D:0005H         SYMBOL        n
  -------         ENDDO         
  C:1F72H         LINE#         898
  C:1F72H         LINE#         899
  C:1F72H         LINE#         903
  C:1F81H         LINE#         905
  C:1F89H         LINE#         906
  C:1F89H         LINE#         907
  C:1F8BH         LINE#         908
  C:1F8EH         LINE#         909
  C:1FA2H         LINE#         910
  C:1FA4H         LINE#         911
BL51 BANKED LINKER/LOCATER V6.00                                                      02/16/2023  10:50:55  PAGE 18


  C:1FA7H         LINE#         913
  C:1FACH         LINE#         914
  C:1FACH         LINE#         915
  C:1FAEH         LINE#         916
  C:1FB1H         LINE#         917
  C:1FC5H         LINE#         918
  C:1FC7H         LINE#         919
  C:1FC9H         LINE#         921
  C:1FD1H         LINE#         922
  C:1FD1H         LINE#         923
  C:1FD3H         LINE#         924
  C:1FD6H         LINE#         925
  C:1FEAH         LINE#         926
  C:1FECH         LINE#         927
  C:1FEEH         LINE#         929
  C:1FF3H         LINE#         930
  C:1FF3H         LINE#         931
  C:1FF5H         LINE#         932
  C:1FF8H         LINE#         933
  C:200CH         LINE#         934
  C:200EH         LINE#         935
  C:2010H         LINE#         937
  C:2017H         LINE#         938
  C:2017H         LINE#         939
  C:2019H         LINE#         940
  C:201CH         LINE#         941
  C:2030H         LINE#         942
  C:2032H         LINE#         943
  C:2032H         LINE#         945
  -------         ENDPROC       READ_DATA
  -------         PROC          INITADC
  C:2C68H         LINE#         961
  C:2C68H         LINE#         962
  C:2C68H         LINE#         963
  C:2C6BH         LINE#         964
  C:2C6EH         LINE#         965
  C:2C70H         LINE#         966
  C:2C73H         LINE#         968
  -------         ENDPROC       INITADC
  -------         PROC          _GETADCRESULT
  D:0007H         SYMBOL        ch
  -------         DO            
  D:0004H         SYMBOL        dd
  -------         ENDDO         
  C:29FBH         LINE#         974
  C:29FBH         LINE#         975
  C:29FBH         LINE#         976
  C:29FEH         LINE#         978
  C:2A03H         LINE#         979
  C:2A04H         LINE#         980
  C:2A05H         LINE#         981
  C:2A06H         LINE#         982
  C:2A07H         LINE#         983
  C:2A0CH         LINE#         984
  C:2A0FH         LINE#         986
  C:2A15H         LINE#         987
  C:2A22H         LINE#         988
BL51 BANKED LINKER/LOCATER V6.00                                                      02/16/2023  10:50:55  PAGE 19


  C:2A26H         LINE#         989
  C:2A27H         LINE#         990
  -------         ENDPROC       _GETADCRESULT
  -------         PROC          _TEMPERATURE_LPF
  D:0003H         SYMBOL        ch
  -------         DO            
  D:0004H         SYMBOL        a
  D:0002H         SYMBOL        i
  D:0007H         SYMBOL        j
  D:0006H         SYMBOL        k
  -------         ENDDO         
  C:20E3H         LINE#         994
  C:20E5H         LINE#         995
  C:20E5H         LINE#         998
  C:20E7H         LINE#         999
  C:20E7H         LINE#         1000
  C:20F7H         LINE#         1001
  C:20FEH         LINE#         1002
  C:2103H         LINE#         1003
  C:2105H         LINE#         1004
  C:2105H         LINE#         1005
  C:210DH         LINE#         1006
  C:210DH         LINE#         1007
  C:2125H         LINE#         1008
  C:2125H         LINE#         1009
  C:2125H         LINE#         1010
  C:213BH         LINE#         1011
  C:2146H         LINE#         1012
  C:2146H         LINE#         1013
  C:2149H         LINE#         1014
  C:214EH         LINE#         1015
  C:2159H         LINE#         1017
  C:2187H         LINE#         1019
  -------         ENDPROC       _TEMPERATURE_LPF
  -------         PROC          _UART_SEND_BYTE
  D:0007H         SYMBOL        mydata
  C:0091H         LINE#         1048
  C:0091H         LINE#         1049
  C:0091H         LINE#         1051
  C:0093H         LINE#         1053
  C:0095H         LINE#         1054
  C:0098H         LINE#         1055
  C:009AH         LINE#         1058
  -------         ENDPROC       _UART_SEND_BYTE
  -------         PROC          DELAY50US
  -------         DO            
  D:0007H         SYMBOL        i
  D:0006H         SYMBOL        j
  -------         ENDDO         
  C:2C74H         LINE#         1076
  C:2C74H         LINE#         1077
  C:2C74H         LINE#         1080
  C:2C75H         LINE#         1081
  C:2C77H         LINE#         1082
  C:2C79H         LINE#         1084
  C:2C79H         LINE#         1085
  C:2C7BH         LINE#         1086
BL51 BANKED LINKER/LOCATER V6.00                                                      02/16/2023  10:50:55  PAGE 20


  C:2C7DH         LINE#         1088
  -------         ENDPROC       DELAY50US
  C:26BAH         SYMBOL        L?0487
  C:26D5H         SYMBOL        L?0488
  C:26D7H         SYMBOL        L?0489
  -------         PROC          L?0486
  -------         ENDPROC       L?0486
  C:26BAH         SYMBOL        L?0487
  C:26D5H         SYMBOL        L?0488
  C:26D7H         SYMBOL        L?0489
  -------         PROC          _TM1722_WRITE_BYTE
  D:0005H         SYMBOL        dat
  -------         DO            
  D:0007H         SYMBOL        i
  -------         ENDDO         
  C:26DEH         LINE#         1100
  C:26E0H         LINE#         1101
  C:26E0H         LINE#         1104
  C:26E3H         LINE#         1105
  C:26E5H         LINE#         1106
  C:26E7H         LINE#         1107
  C:26E7H         LINE#         1108
  C:26E9H         LINE#         1109
  C:26EDH         LINE#         1110
  C:26EFH         LINE#         1111
  C:26F3H         LINE#         1112
  C:26F8H         LINE#         1113
  -------         ENDPROC       _TM1722_WRITE_BYTE
  -------         PROC          _TM1722_WRITE_WORD
  D:0002H         SYMBOL        num_addr
  D:0005H         SYMBOL        num
  -------         DO            
  X:029FH         SYMBOL        temp1
  D:0004H         SYMBOL        temp2
  D:0001H         SYMBOL        addr1
  D:0003H         SYMBOL        addr2
  C:220EH         SYMBOL        next_num1
  -------         ENDDO         
  C:2188H         LINE#         1126
  C:218AH         LINE#         1127
  C:218AH         LINE#         1132
  C:21BAH         LINE#         1133
  C:21D0H         LINE#         1134
  C:21E7H         LINE#         1138
  C:21E9H         LINE#         1139
  C:21EBH         LINE#         1140
  C:21EDH         LINE#         1141
  C:21F2H         LINE#         1142
  C:21F4H         LINE#         1143
  C:21F9H         LINE#         1144
  C:21FBH         LINE#         1146
  C:21FFH         LINE#         1148
  C:2204H         LINE#         1149
  C:220CH         LINE#         1150
  C:220EH         LINE#         1152
  C:220FH         LINE#         1154
  C:2214H         LINE#         1155
BL51 BANKED LINKER/LOCATER V6.00                                                      02/16/2023  10:50:55  PAGE 21


  C:2216H         LINE#         1156
  C:2216H         LINE#         1158
  C:2219H         LINE#         1159
  C:221BH         LINE#         1161
  -------         ENDPROC       _TM1722_WRITE_WORD
  C:2456H         SYMBOL        L?0508
  -------         PROC          L?0507
  -------         ENDPROC       L?0507
  C:2456H         SYMBOL        L?0508
  -------         PROC          _FAN_DIS
  D:0007H         SYMBOL        num
  C:245AH         LINE#         1164
  C:245AH         LINE#         1165
  C:245AH         LINE#         1166
  C:2466H         LINE#         1167
  C:2475H         LINE#         1168
  C:2484H         LINE#         1169
  C:2493H         LINE#         1170
  C:24A2H         LINE#         1171
  C:24B1H         LINE#         1172
  C:24BEH         LINE#         1174
  C:24C0H         LINE#         1175
  C:24C2H         LINE#         1176
  C:24C4H         LINE#         1177
  C:24C9H         LINE#         1178
  C:24CBH         LINE#         1179
  C:24D0H         LINE#         1180
  C:24D2H         LINE#         1183
  C:24D7H         LINE#         1184
  C:24D9H         LINE#         1185
  C:24D9H         LINE#         1187
  C:24DCH         LINE#         1188
  C:24DEH         LINE#         1190
  -------         ENDPROC       _FAN_DIS
  -------         PROC          _LCD_CLEAR
  D:0007H         SYMBOL        dat
  C:23CBH         LINE#         1200
  C:23CBH         LINE#         1201
  C:23CBH         LINE#         1203
  C:23CFH         LINE#         1204
  C:23D2H         LINE#         1205
  C:23D5H         LINE#         1206
  C:23D9H         LINE#         1207
  C:23DCH         LINE#         1208
  C:23E0H         LINE#         1209
  C:23E4H         LINE#         1211
  C:23E6H         LINE#         1212
  C:23E8H         LINE#         1213
  C:23EAH         LINE#         1214
  C:23EFH         LINE#         1215
  C:23F1H         LINE#         1216
  C:23F6H         LINE#         1217
  C:23F8H         LINE#         1220
  C:23FDH         LINE#         1221
  C:2404H         LINE#         1222
  C:2406H         LINE#         1224
  C:240BH         LINE#         1225
BL51 BANKED LINKER/LOCATER V6.00                                                      02/16/2023  10:50:55  PAGE 22


  C:2411H         LINE#         1226
  C:2413H         LINE#         1228
  C:2418H         LINE#         1229
  C:241EH         LINE#         1230
  C:2420H         LINE#         1232
  C:2425H         LINE#         1233
  C:242CH         LINE#         1234
  C:242EH         LINE#         1237
  C:2433H         LINE#         1238
  C:2439H         LINE#         1239
  C:243BH         LINE#         1241
  C:2440H         LINE#         1242
  C:2447H         LINE#         1243
  C:2449H         LINE#         1245
  C:244EH         LINE#         1246
  C:2450H         LINE#         1247
  C:2450H         LINE#         1249
  C:2453H         LINE#         1250
  C:2455H         LINE#         1252
  -------         ENDPROC       _LCD_CLEAR
  C:2035H         SYMBOL        L?0491
  C:2039H         SYMBOL        L?0492
  C:203CH         SYMBOL        L?0493
  C:203FH         SYMBOL        L?0494
  -------         PROC          L?0490
  -------         ENDPROC       L?0490
  C:2035H         SYMBOL        L?0491
  C:2039H         SYMBOL        L?0492
  C:203CH         SYMBOL        L?0493
  C:203FH         SYMBOL        L?0494
  -------         PROC          DIS1
  B:0024H.3       SYMBOL        sss
  X:029AH         SYMBOL        ss
  -------         DO            
  X:029CH         SYMBOL        a1
  X:029DH         SYMBOL        a2
  X:029EH         SYMBOL        a3
  -------         ENDDO         
  C:2043H         LINE#         1256
  C:2043H         LINE#         1257
  C:2043H         LINE#         1259
  C:2049H         LINE#         1260
  C:2049H         LINE#         1261
  C:206BH         LINE#         1262
  C:2086H         LINE#         1263
  C:209AH         LINE#         1265
  C:20A4H         LINE#         1266
  C:20AEH         LINE#         1268
  C:20BCH         LINE#         1269
  C:20C6H         LINE#         1271
  C:20CBH         LINE#         1273
  C:20CDH         LINE#         1275
  C:20CDH         LINE#         1276
  C:20D4H         LINE#         1277
  C:20DBH         LINE#         1278
  C:20E2H         LINE#         1280
  C:20E2H         LINE#         1282
BL51 BANKED LINKER/LOCATER V6.00                                                      02/16/2023  10:50:55  PAGE 23


  -------         ENDPROC       DIS1
  -------         PROC          L?0509
  -------         ENDPROC       L?0509
  -------         PROC          TEMP_DIS
  B:0024H.3       SYMBOL        on_off
  C:2701H         LINE#         1288
  C:2701H         LINE#         1289
  C:2701H         LINE#         1290
  C:270CH         LINE#         1291
  C:270FH         LINE#         1293
  C:2711H         LINE#         1294
  C:2713H         LINE#         1295
  C:2715H         LINE#         1296
  C:271AH         LINE#         1297
  C:271CH         LINE#         1298
  C:2721H         LINE#         1299
  C:2723H         LINE#         1301
  C:2728H         LINE#         1302
  C:272AH         LINE#         1303
  C:272AH         LINE#         1306
  C:272DH         LINE#         1307
  C:272FH         LINE#         1308
  -------         ENDPROC       TEMP_DIS
  C:2A70H         SYMBOL        L?0498
  -------         PROC          L?0497
  -------         ENDPROC       L?0497
  C:2A70H         SYMBOL        L?0498
  -------         PROC          HOT_DIS
  B:0024H.3       SYMBOL        on_off
  C:2A7EH         LINE#         1312
  C:2A7EH         LINE#         1313
  C:2A7EH         LINE#         1314
  C:2A89H         LINE#         1315
  C:2A8CH         LINE#         1317
  C:2A8CH         LINE#         1318
  C:2A8CH         LINE#         1319
  C:2A8CH         LINE#         1320
  C:2A8CH         LINE#         1321
  C:2A8CH         LINE#         1322
  C:2A8CH         LINE#         1323
  C:2A8CH         LINE#         1325
  C:2A8CH         LINE#         1326
  C:2A8CH         LINE#         1327
  C:2A8CH         LINE#         1330
  C:2A8FH         LINE#         1331
  C:2A91H         LINE#         1332
  -------         ENDPROC       HOT_DIS
  -------         PROC          HOT1_DIS
  B:0024H.3       SYMBOL        on_off
  C:2B93H         LINE#         1336
  C:2B93H         LINE#         1337
  C:2B93H         LINE#         1338
  C:2B9EH         LINE#         1339
  C:2BA1H         LINE#         1341
  C:2BA1H         LINE#         1342
  C:2BA1H         LINE#         1343
  C:2BA1H         LINE#         1344
BL51 BANKED LINKER/LOCATER V6.00                                                      02/16/2023  10:50:55  PAGE 24


  C:2BA1H         LINE#         1345
  C:2BA1H         LINE#         1346
  C:2BA1H         LINE#         1347
  C:2BA1H         LINE#         1349
  C:2BA1H         LINE#         1350
  C:2BA1H         LINE#         1351
  C:2BA1H         LINE#         1354
  C:2BA4H         LINE#         1355
  C:2BA6H         LINE#         1356
  -------         ENDPROC       HOT1_DIS
  -------         PROC          HOT2_DIS
  B:0024H.3       SYMBOL        on_off
  C:2BA7H         LINE#         1362
  C:2BA7H         LINE#         1363
  C:2BA7H         LINE#         1364
  C:2BB2H         LINE#         1365
  C:2BB5H         LINE#         1367
  C:2BB5H         LINE#         1368
  C:2BB5H         LINE#         1369
  C:2BB5H         LINE#         1370
  C:2BB5H         LINE#         1371
  C:2BB5H         LINE#         1372
  C:2BB5H         LINE#         1373
  C:2BB5H         LINE#         1375
  C:2BB5H         LINE#         1376
  C:2BB5H         LINE#         1377
  C:2BB5H         LINE#         1380
  C:2BB8H         LINE#         1381
  C:2BBAH         LINE#         1382
  -------         ENDPROC       HOT2_DIS
  -------         PROC          HOT3_DIS
  B:0024H.3       SYMBOL        on_off
  C:2BBBH         LINE#         1387
  C:2BBBH         LINE#         1388
  C:2BBBH         LINE#         1389
  C:2BC6H         LINE#         1390
  C:2BC9H         LINE#         1392
  C:2BC9H         LINE#         1393
  C:2BC9H         LINE#         1394
  C:2BC9H         LINE#         1395
  C:2BC9H         LINE#         1396
  C:2BC9H         LINE#         1397
  C:2BC9H         LINE#         1398
  C:2BC9H         LINE#         1400
  C:2BC9H         LINE#         1401
  C:2BC9H         LINE#         1402
  C:2BC9H         LINE#         1405
  C:2BCCH         LINE#         1406
  C:2BCEH         LINE#         1407
  -------         ENDPROC       HOT3_DIS
  -------         PROC          H1_DIS
  B:0024H.3       SYMBOL        on_off
  C:2798H         LINE#         1413
  C:2798H         LINE#         1414
  C:2798H         LINE#         1415
  C:27A3H         LINE#         1416
  C:27A6H         LINE#         1418
BL51 BANKED LINKER/LOCATER V6.00                                                      02/16/2023  10:50:55  PAGE 25


  C:27A8H         LINE#         1419
  C:27AAH         LINE#         1420
  C:27ACH         LINE#         1421
  C:27B1H         LINE#         1422
  C:27B3H         LINE#         1423
  C:27B8H         LINE#         1424
  C:27BAH         LINE#         1426
  C:27BFH         LINE#         1427
  C:27C1H         LINE#         1428
  C:27C1H         LINE#         1431
  C:27C4H         LINE#         1432
  C:27C6H         LINE#         1433
  -------         ENDPROC       H1_DIS
  -------         PROC          H2_DIS
  B:0024H.3       SYMBOL        on_off
  C:27C7H         LINE#         1436
  C:27C7H         LINE#         1437
  C:27C7H         LINE#         1438
  C:27D2H         LINE#         1439
  C:27D5H         LINE#         1441
  C:27D7H         LINE#         1442
  C:27D9H         LINE#         1443
  C:27DBH         LINE#         1444
  C:27E0H         LINE#         1445
  C:27E2H         LINE#         1446
  C:27E7H         LINE#         1447
  C:27E9H         LINE#         1449
  C:27EEH         LINE#         1450
  C:27F0H         LINE#         1451
  C:27F0H         LINE#         1454
  C:27F3H         LINE#         1455
  C:27F5H         LINE#         1456
  -------         ENDPROC       H2_DIS
  -------         PROC          H3_DIS
  B:0024H.3       SYMBOL        on_off
  C:27F6H         LINE#         1462
  C:27F6H         LINE#         1463
  C:27F6H         LINE#         1464
  C:2801H         LINE#         1465
  C:2804H         LINE#         1467
  C:2806H         LINE#         1468
  C:2808H         LINE#         1469
  C:280AH         LINE#         1470
  C:280FH         LINE#         1471
  C:2811H         LINE#         1472
  C:2816H         LINE#         1473
  C:2818H         LINE#         1475
  C:281DH         LINE#         1476
  C:281FH         LINE#         1477
  C:281FH         LINE#         1480
  C:2822H         LINE#         1481
  C:2824H         LINE#         1482
  -------         ENDPROC       H3_DIS
  -------         PROC          TB_DIS
  B:0024H.3       SYMBOL        on_off
  C:2825H         LINE#         1486
  C:2825H         LINE#         1487
BL51 BANKED LINKER/LOCATER V6.00                                                      02/16/2023  10:50:55  PAGE 26


  C:2825H         LINE#         1488
  C:2830H         LINE#         1489
  C:2833H         LINE#         1491
  C:2835H         LINE#         1492
  C:2837H         LINE#         1493
  C:2839H         LINE#         1494
  C:283EH         LINE#         1495
  C:2840H         LINE#         1496
  C:2845H         LINE#         1497
  C:2847H         LINE#         1499
  C:284CH         LINE#         1500
  C:284EH         LINE#         1501
  C:284EH         LINE#         1504
  C:2851H         LINE#         1505
  C:2853H         LINE#         1506
  -------         ENDPROC       TB_DIS
  -------         PROC          JG_DIS
  B:0024H.3       SYMBOL        on_off
  C:2854H         LINE#         1514
  C:2854H         LINE#         1515
  C:2854H         LINE#         1516
  C:285FH         LINE#         1517
  C:2862H         LINE#         1519
  C:2864H         LINE#         1520
  C:2866H         LINE#         1521
  C:2868H         LINE#         1522
  C:286DH         LINE#         1523
  C:286FH         LINE#         1524
  C:2874H         LINE#         1525
  C:2876H         LINE#         1527
  C:287BH         LINE#         1528
  C:287DH         LINE#         1529
  C:287DH         LINE#         1532
  C:2880H         LINE#         1533
  C:2882H         LINE#         1534
  -------         ENDPROC       JG_DIS
  -------         PROC          MODE_DIS
  B:0024H.3       SYMBOL        on_off
  C:2883H         LINE#         1541
  C:2883H         LINE#         1542
  C:2883H         LINE#         1543
  C:288EH         LINE#         1544
  C:2891H         LINE#         1546
  C:2893H         LINE#         1547
  C:2895H         LINE#         1548
  C:2897H         LINE#         1549
  C:289CH         LINE#         1550
  C:289EH         LINE#         1551
  C:28A3H         LINE#         1552
  C:28A5H         LINE#         1554
  C:28AAH         LINE#         1555
  C:28ACH         LINE#         1556
  C:28ACH         LINE#         1559
  C:28AFH         LINE#         1560
  C:28B1H         LINE#         1561
  -------         ENDPROC       MODE_DIS
  -------         PROC          BF_DIS
BL51 BANKED LINKER/LOCATER V6.00                                                      02/16/2023  10:50:55  PAGE 27


  B:0024H.3       SYMBOL        on_off
  C:28B2H         LINE#         1570
  C:28B2H         LINE#         1571
  C:28B2H         LINE#         1572
  C:28BDH         LINE#         1573
  C:28C0H         LINE#         1575
  C:28C2H         LINE#         1576
  C:28C4H         LINE#         1577
  C:28C6H         LINE#         1578
  C:28CBH         LINE#         1579
  C:28CDH         LINE#         1580
  C:28D2H         LINE#         1581
  C:28D4H         LINE#         1583
  C:28D9H         LINE#         1584
  C:28DBH         LINE#         1585
  C:28DBH         LINE#         1588
  C:28DEH         LINE#         1589
  C:28E0H         LINE#         1590
  -------         ENDPROC       BF_DIS
  -------         PROC          SET_DIS
  B:0023H.4       SYMBOL        on_off
  C:28E1H         LINE#         1596
  C:28E1H         LINE#         1597
  C:28E1H         LINE#         1598
  C:28ECH         LINE#         1599
  C:28EFH         LINE#         1601
  C:28F1H         LINE#         1602
  C:28F3H         LINE#         1603
  C:28F5H         LINE#         1604
  C:28FAH         LINE#         1605
  C:28FCH         LINE#         1606
  C:2901H         LINE#         1607
  C:2903H         LINE#         1609
  C:2908H         LINE#         1610
  C:290AH         LINE#         1611
  C:290AH         LINE#         1614
  C:290DH         LINE#         1615
  C:290FH         LINE#         1616
  -------         ENDPROC       SET_DIS
  -------         PROC          CUR_DIS
  B:0023H.5       SYMBOL        on_off
  C:2910H         LINE#         1620
  C:2910H         LINE#         1621
  C:2910H         LINE#         1622
  C:291BH         LINE#         1623
  C:291EH         LINE#         1625
  C:2920H         LINE#         1626
  C:2922H         LINE#         1627
  C:2924H         LINE#         1628
  C:2929H         LINE#         1629
  C:292BH         LINE#         1630
  C:2930H         LINE#         1631
  C:2932H         LINE#         1633
  C:2937H         LINE#         1634
  C:2939H         LINE#         1635
  C:2939H         LINE#         1638
  C:293CH         LINE#         1639
BL51 BANKED LINKER/LOCATER V6.00                                                      02/16/2023  10:50:55  PAGE 28


  C:293EH         LINE#         1640
  -------         ENDPROC       CUR_DIS
  -------         PROC          F_DIS
  B:0023H.6       SYMBOL        on_off
  C:2BCFH         LINE#         1645
  C:2BCFH         LINE#         1646
  C:2BCFH         LINE#         1647
  C:2BDAH         LINE#         1648
  C:2BDDH         LINE#         1650
  C:2BDDH         LINE#         1651
  C:2BDDH         LINE#         1652
  C:2BDDH         LINE#         1653
  C:2BDDH         LINE#         1654
  C:2BDDH         LINE#         1655
  C:2BDDH         LINE#         1656
  C:2BDDH         LINE#         1658
  C:2BDDH         LINE#         1659
  C:2BDDH         LINE#         1660
  C:2BDDH         LINE#         1663
  C:2BE0H         LINE#         1664
  C:2BE2H         LINE#         1665
  -------         ENDPROC       F_DIS
  -------         PROC          M_DIS
  B:0023H.7       SYMBOL        on_off
  C:2BE3H         LINE#         1671
  C:2BE3H         LINE#         1672
  C:2BE3H         LINE#         1673
  C:2BEEH         LINE#         1674
  C:2BF1H         LINE#         1676
  C:2BF1H         LINE#         1677
  C:2BF1H         LINE#         1678
  C:2BF1H         LINE#         1679
  C:2BF1H         LINE#         1680
  C:2BF1H         LINE#         1681
  C:2BF1H         LINE#         1682
  C:2BF1H         LINE#         1684
  C:2BF1H         LINE#         1685
  C:2BF1H         LINE#         1686
  C:2BF1H         LINE#         1689
  C:2BF4H         LINE#         1690
  C:2BF6H         LINE#         1691
  -------         ENDPROC       M_DIS
  -------         PROC          R_DIS
  B:0024H.0       SYMBOL        on_off
  C:2BF7H         LINE#         1696
  C:2BF7H         LINE#         1697
  C:2BF7H         LINE#         1698
  C:2C02H         LINE#         1699
  C:2C05H         LINE#         1701
  C:2C05H         LINE#         1702
  C:2C05H         LINE#         1703
  C:2C05H         LINE#         1704
  C:2C05H         LINE#         1705
  C:2C05H         LINE#         1706
  C:2C05H         LINE#         1707
  C:2C05H         LINE#         1709
  C:2C05H         LINE#         1710
BL51 BANKED LINKER/LOCATER V6.00                                                      02/16/2023  10:50:55  PAGE 29


  C:2C05H         LINE#         1711
  C:2C05H         LINE#         1714
  C:2C08H         LINE#         1715
  C:2C0AH         LINE#         1716
  -------         ENDPROC       R_DIS
  -------         PROC          P1_DIS
  B:0024H.1       SYMBOL        on_off
  C:293FH         LINE#         1721
  C:293FH         LINE#         1722
  C:293FH         LINE#         1723
  C:294AH         LINE#         1724
  C:294DH         LINE#         1726
  C:294FH         LINE#         1727
  C:2951H         LINE#         1728
  C:2953H         LINE#         1729
  C:2958H         LINE#         1730
  C:295AH         LINE#         1731
  C:295FH         LINE#         1732
  C:2961H         LINE#         1734
  C:2966H         LINE#         1735
  C:2968H         LINE#         1736
  C:2968H         LINE#         1739
  C:296BH         LINE#         1740
  C:296DH         LINE#         1741
  -------         ENDPROC       P1_DIS
  -------         PROC          P2_DIS
  B:0024H.2       SYMBOL        on_off
  C:296EH         LINE#         1746
  C:296EH         LINE#         1747
  C:296EH         LINE#         1748
  C:2979H         LINE#         1749
  C:297CH         LINE#         1751
  C:297EH         LINE#         1752
  C:2980H         LINE#         1753
  C:2982H         LINE#         1754
  C:2987H         LINE#         1755
  C:2989H         LINE#         1756
  C:298EH         LINE#         1757
  C:2990H         LINE#         1759
  C:2995H         LINE#         1760
  C:2997H         LINE#         1761
  C:2997H         LINE#         1764
  C:299AH         LINE#         1765
  C:299CH         LINE#         1766
  -------         ENDPROC       P2_DIS
  -------         PROC          S13_DIS
  B:0024H.3       SYMBOL        on_off
  C:2C0BH         LINE#         1771
  C:2C0BH         LINE#         1772
  C:2C0BH         LINE#         1773
  C:2C16H         LINE#         1774
  C:2C19H         LINE#         1776
  C:2C19H         LINE#         1777
  C:2C19H         LINE#         1778
  C:2C19H         LINE#         1779
  C:2C19H         LINE#         1780
  C:2C19H         LINE#         1781
BL51 BANKED LINKER/LOCATER V6.00                                                      02/16/2023  10:50:55  PAGE 30


  C:2C19H         LINE#         1782
  C:2C19H         LINE#         1784
  C:2C19H         LINE#         1785
  C:2C19H         LINE#         1786
  C:2C19H         LINE#         1789
  C:2C1CH         LINE#         1790
  C:2C1EH         LINE#         1791
  -------         ENDPROC       S13_DIS
  -------         PROC          S14_DIS
  B:0024H.3       SYMBOL        on_off
  C:299DH         LINE#         1796
  C:299DH         LINE#         1797
  C:299DH         LINE#         1798
  C:29A8H         LINE#         1799
  C:29ABH         LINE#         1801
  C:29ADH         LINE#         1802
  C:29AFH         LINE#         1803
  C:29B1H         LINE#         1804
  C:29B6H         LINE#         1805
  C:29B8H         LINE#         1806
  C:29BDH         LINE#         1807
  C:29BFH         LINE#         1809
  C:29C4H         LINE#         1810
  C:29C6H         LINE#         1811
  C:29C6H         LINE#         1814
  C:29C9H         LINE#         1815
  C:29CBH         LINE#         1816
  -------         ENDPROC       S14_DIS
  -------         PROC          S15_DIS
  B:0024H.3       SYMBOL        on_off
  C:29CCH         LINE#         1819
  C:29CCH         LINE#         1820
  C:29CCH         LINE#         1821
  C:29D7H         LINE#         1822
  C:29DAH         LINE#         1824
  C:29DCH         LINE#         1825
  C:29DEH         LINE#         1826
  C:29E0H         LINE#         1827
  C:29E5H         LINE#         1828
  C:29E7H         LINE#         1829
  C:29ECH         LINE#         1830
  C:29EEH         LINE#         1832
  C:29F3H         LINE#         1833
  C:29F5H         LINE#         1834
  C:29F5H         LINE#         1837
  C:29F8H         LINE#         1838
  C:29FAH         LINE#         1839
  -------         ENDPROC       S15_DIS
  -------         PROC          _HOT_SELECT
  D:0007H         SYMBOL        dd
  C:1DD0H         LINE#         1846
  C:1DD0H         LINE#         1847
  C:1DD0H         LINE#         1848
  C:1DFDH         LINE#         1849
  C:1DFDH         LINE#         1850
  C:1E15H         LINE#         1851
  C:1E2DH         LINE#         1852
BL51 BANKED LINKER/LOCATER V6.00                                                      02/16/2023  10:50:55  PAGE 31


  C:1E40H         LINE#         1853
  C:1E53H         LINE#         1854
  C:1E6BH         LINE#         1855
  C:1E88H         LINE#         1856
  C:1EA6H         LINE#         1857
  C:1EA6H         LINE#         1860
  -------         ENDPROC       _HOT_SELECT
  -------         PROC          MODE_CHOSE
  C:2621H         LINE#         1867
  C:2621H         LINE#         1868
  C:2621H         LINE#         1869
  C:2624H         LINE#         1871
  C:2629H         LINE#         1874
  C:2641H         LINE#         1877
  C:2644H         LINE#         1878
  C:2649H         LINE#         1880
  C:264CH         LINE#         1882
  C:2653H         LINE#         1884
  C:2662H         LINE#         1886
  C:2667H         LINE#         1887
  C:266CH         LINE#         1888
  -------         ENDPROC       MODE_CHOSE
  -------         PROC          _PWM_SET
  D:0006H         SYMBOL        pwmdata
  C:2C3EH         LINE#         1895
  C:2C3EH         LINE#         1896
  C:2C3EH         LINE#         1898
  C:2C41H         LINE#         1899
  C:2C49H         LINE#         1901
  C:2C4CH         LINE#         1903
  -------         ENDPROC       _PWM_SET
  -------         PROC          FAN_RUN
  C:2C7EH         LINE#         1908
  C:2C7EH         LINE#         1909
  C:2C7EH         LINE#         1910
  C:2C81H         LINE#         1911
  C:2C84H         LINE#         1912
  C:2C87H         LINE#         1914
  -------         ENDPROC       FAN_RUN
  -------         PROC          FAN_STOP
  C:2B3DH         LINE#         1920
  C:2B3DH         LINE#         1921
  C:2B3DH         LINE#         1922
  C:2B44H         LINE#         1923
  C:2B47H         LINE#         1924
  C:2B4AH         LINE#         1925
  C:2B4DH         LINE#         1926
  C:2B53H         LINE#         1928
  -------         ENDPROC       FAN_STOP
  C:221CH         SYMBOL        L?0504
  -------         PROC          L?0503
  -------         ENDPROC       L?0503
  C:221CH         SYMBOL        L?0504
  -------         PROC          _FAN_RUN_STOP
  D:0007H         SYMBOL        dd
  C:2220H         LINE#         1934
  C:2220H         LINE#         1935
BL51 BANKED LINKER/LOCATER V6.00                                                      02/16/2023  10:50:55  PAGE 32


  C:2220H         LINE#         1936
  C:2245H         LINE#         1937
  C:2245H         LINE#         1938
  C:224BH         LINE#         1940
  C:225BH         LINE#         1942
  C:226BH         LINE#         1944
  C:227BH         LINE#         1946
  C:228BH         LINE#         1948
  C:229BH         LINE#         1950
  C:22AEH         LINE#         1952
  C:22AEH         LINE#         1954
  -------         ENDPROC       _FAN_RUN_STOP
  -------         PROC          _SEND_BUFFER
  X:02BAH         SYMBOL        buf
  D:0004H         SYMBOL        len
  C:2730H         LINE#         1959
  C:273BH         LINE#         1960
  C:273BH         LINE#         1961
  C:2745H         LINE#         1962
  C:2747H         LINE#         1963
  C:275CH         LINE#         1964
  C:275FH         LINE#         1965
  C:2761H         LINE#         1966
  C:2763H         LINE#         1967
  -------         ENDPROC       _SEND_BUFFER
  -------         PROC          UART
  C:0026H         LINE#         1973
  C:0039H         LINE#         1975
  C:003CH         LINE#         1976
  C:003EH         LINE#         1977
  C:0043H         LINE#         1978
  C:0058H         LINE#         1979
  C:0071H         LINE#         1980
  C:0080H         LINE#         1981
  C:0080H         LINE#         1983
  -------         ENDPROC       UART
  -------         PROC          TIME_INSET
  C:2A92H         LINE#         1987
  C:2A92H         LINE#         1988
  C:2A92H         LINE#         1989
  C:2AABH         LINE#         1990
  C:2AB2H         LINE#         1991
  -------         ENDPROC       TIME_INSET
  -------         PROC          EXINT0
  C:2A28H         LINE#         1995
  C:2A2FH         LINE#         1997
  C:2A35H         LINE#         1998
  C:2A3DH         LINE#         1999
  C:2A40H         LINE#         2000
  C:2A42H         LINE#         2001
  C:2A44H         LINE#         2002
  C:2A46H         LINE#         2003
  C:2A48H         LINE#         2007
  -------         ENDPROC       EXINT0
  -------         PROC          TM0_ISR
  C:24DFH         LINE#         2011
  C:24ECH         LINE#         2013
BL51 BANKED LINKER/LOCATER V6.00                                                      02/16/2023  10:50:55  PAGE 33


  C:24EFH         LINE#         2014
  C:251BH         LINE#         2015
  C:251BH         LINE#         2016
  C:251FH         LINE#         2017
  C:2525H         LINE#         2018
  C:2529H         LINE#         2019
  C:252FH         LINE#         2020
  C:2535H         LINE#         2021
  C:2539H         LINE#         2022
  C:253BH         LINE#         2024
  C:253BH         LINE#         2026
  C:253DH         LINE#         2027
  C:2545H         LINE#         2028
  C:2548H         LINE#         2029
  C:254AH         LINE#         2030
  C:254CH         LINE#         2031
  C:254EH         LINE#         2033
  C:2550H         LINE#         2034
  C:255AH         LINE#         2035
  -------         ENDPROC       TM0_ISR
  -------         PROC          T3INT
  C:1CDAH         LINE#         2053
  C:1CE7H         LINE#         2056
  C:1CFDH         LINE#         2057
  C:1CFDH         LINE#         2058
  C:1D0BH         LINE#         2059
  C:1D0FH         LINE#         2060
  C:1D0FH         LINE#         2061
  C:1D0FH         LINE#         2065
  C:1D16H         LINE#         2067
  C:1D19H         LINE#         2068
  C:1D19H         LINE#         2069
  C:1D1CH         LINE#         2070
  C:1D22H         LINE#         2071
  C:1D22H         LINE#         2072
  C:1D24H         LINE#         2073
  C:1D26H         LINE#         2074
  C:1D34H         LINE#         2076
  C:1D34H         LINE#         2078
  C:1D34H         LINE#         2080
  C:1D37H         LINE#         2081
  C:1D41H         LINE#         2084
  C:1D44H         LINE#         2085
  C:1D44H         LINE#         2086
  C:1D47H         LINE#         2087
  C:1D53H         LINE#         2088
  C:1D53H         LINE#         2091
  C:1D56H         LINE#         2092
  C:1D56H         LINE#         2093
  C:1D59H         LINE#         2094
  C:1D65H         LINE#         2096
  C:1D65H         LINE#         2102
  C:1D68H         LINE#         2103
  C:1D68H         LINE#         2105
  C:1D76H         LINE#         2106
  C:1D79H         LINE#         2108
  C:1D79H         LINE#         2114
BL51 BANKED LINKER/LOCATER V6.00                                                      02/16/2023  10:50:55  PAGE 34


  C:1D7CH         LINE#         2115
  C:1D7CH         LINE#         2116
  C:1D84H         LINE#         2117
  C:1D97H         LINE#         2120
  C:1DA5H         LINE#         2121
  C:1DA8H         LINE#         2123
  C:1DAAH         LINE#         2125
  C:1DAAH         LINE#         2126
  C:1DB2H         LINE#         2127
  C:1DC5H         LINE#         2130
  C:1DC5H         LINE#         2134
  -------         ENDPROC       T3INT
  -------         PROC          MAIN
  -------         DO            
  C:010DH         SYMBOL        restar
  C:01EBH         SYMBOL        restar2
  -------         ENDDO         
  C:009EH         LINE#         2140
  C:009EH         LINE#         2141
  C:009EH         LINE#         2143
  C:00A0H         LINE#         2144
  C:00A2H         LINE#         2145
  C:00A4H         LINE#         2146
  C:00A6H         LINE#         2148
  C:00A9H         LINE#         2149
  C:00ACH         LINE#         2153
  C:00AFH         LINE#         2154
  C:00B1H         LINE#         2157
  C:00B4H         LINE#         2158
  C:00B6H         LINE#         2161
  C:00B8H         LINE#         2162
  C:00BAH         LINE#         2164
  C:00BCH         LINE#         2165
  C:00BEH         LINE#         2167
  C:00C0H         LINE#         2168
  C:00C2H         LINE#         2170
  C:00C8H         LINE#         2174
  C:00CBH         LINE#         2175
  C:00CEH         LINE#         2177
  C:00D2H         LINE#         2178
  C:00DBH         LINE#         2181
  C:00E1H         LINE#         2182
  C:00E7H         LINE#         2184
  C:00EAH         LINE#         2188
  C:00EDH         LINE#         2192
[...]
  C:1518H         LINE#         201
  C:151EH         LINE#         202
  C:1526H         LINE#         203
  C:152AH         LINE#         204
  C:152AH         LINE#         209
  C:1541H         LINE#         210
  C:154FH         LINE#         211
  C:1556H         LINE#         212
  C:1568H         LINE#         213
  C:1572H         LINE#         214
  C:157AH         LINE#         215
  C:1584H         LINE#         216
  C:1597H         LINE#         217
  C:15A5H         LINE#         218
  C:15A7H         LINE#         219
  C:15B2H         LINE#         220
  C:15BFH         LINE#         221
  C:15D7H         LINE#         222
  C:15F0H         LINE#         223
  C:15FEH         LINE#         224
  C:1607H         LINE#         227
  C:160FH         LINE#         228
  -------         ENDPROC       _FUNCTION_READ_DISCREATE_INPUT_2
  -------         PROC          _FUNCTION_READ_HOLDING_REGISTERS_3
  X:02A3H         SYMBOL        buf
  -------         DO            
  X:02A6H         SYMBOL        ret
  X:02A8H         SYMBOL        out_count
  X:02A9H         SYMBOL        start_address
  X:02ABH         SYMBOL        count
  X:02ADH         SYMBOL        crc
  X:02AFH         SYMBOL        send_total_count
  -------         ENDDO         
  C:07DCH         LINE#         231
  C:07E7H         LINE#         232
  C:07E7H         LINE#         233
  C:07ECH         LINE#         234
  C:07EEH         LINE#         235
  C:07F2H         LINE#         236
  C:07F6H         LINE#         237
BL51 BANKED LINKER/LOCATER V6.00                                                      02/16/2023  10:50:55  PAGE 43


  C:07FAH         LINE#         238
  C:07FEH         LINE#         241
  C:0816H         LINE#         242
  C:082AH         LINE#         243
  C:0837H         LINE#         244
  C:084BH         LINE#         245
  C:0857H         LINE#         249
  C:086DH         LINE#         250
  C:0873H         LINE#         251
  C:087BH         LINE#         252
  C:087FH         LINE#         253
  C:087FH         LINE#         258
  C:0896H         LINE#         259
  C:08A4H         LINE#         260
  C:08ABH         LINE#         261
  C:08BDH         LINE#         262
  C:08C7H         LINE#         263
  C:08CFH         LINE#         264
  C:08E9H         LINE#         265
  C:08E9H         LINE#         266
  C:08FAH         LINE#         268
  C:091EH         LINE#         269
  C:0942H         LINE#         271
  C:0966H         LINE#         272
  C:098AH         LINE#         273
  C:09AEH         LINE#         274
  C:09D2H         LINE#         276
  C:09F6H         LINE#         277
  C:0A1AH         LINE#         278
  C:0A1DH         LINE#         279
  C:0A28H         LINE#         280
  C:0A35H         LINE#         281
  C:0A4DH         LINE#         282
  C:0A66H         LINE#         283
  C:0A74H         LINE#         284
  C:0A7DH         LINE#         285
  C:0A86H         LINE#         286
  C:0A88H         LINE#         288
  C:0AABH         LINE#         289
  C:0AB3H         LINE#         290
  -------         ENDPROC       _FUNCTION_READ_HOLDING_REGISTERS_3
  -------         PROC          _FUNCTION_READ_INPUT_REGISTERS_4
  X:02A3H         SYMBOL        buf
  -------         DO            
  X:02A6H         SYMBOL        ret
  X:02A8H         SYMBOL        out_count
  X:02A9H         SYMBOL        start_address
  X:02ABH         SYMBOL        count
  X:02ADH         SYMBOL        crc
  X:02AFH         SYMBOL        send_total_count
  -------         ENDDO         
  C:0AB4H         LINE#         293
  C:0ABFH         LINE#         294
  C:0ABFH         LINE#         295
  C:0AC4H         LINE#         296
  C:0AC6H         LINE#         297
  C:0ACAH         LINE#         298
BL51 BANKED LINKER/LOCATER V6.00                                                      02/16/2023  10:50:55  PAGE 44


  C:0ACEH         LINE#         299
  C:0AD2H         LINE#         300
  C:0AD6H         LINE#         303
  C:0AEEH         LINE#         304
  C:0B02H         LINE#         305
  C:0B0FH         LINE#         306
  C:0B23H         LINE#         307
  C:0B2FH         LINE#         311
  C:0B45H         LINE#         312
  C:0B4BH         LINE#         313
  C:0B53H         LINE#         314
  C:0B57H         LINE#         315
  C:0B57H         LINE#         321
  C:0B5EH         LINE#         322
  C:0B70H         LINE#         323
  C:0B7AH         LINE#         324
  C:0B82H         LINE#         325
  C:0B9CH         LINE#         326
  C:0B9CH         LINE#         327
  C:0BADH         LINE#         329
  C:0BD1H         LINE#         330
  C:0BF5H         LINE#         332
  C:0C19H         LINE#         333
  C:0C3DH         LINE#         334
  C:0C61H         LINE#         335
  C:0C85H         LINE#         337
  C:0CA9H         LINE#         338
  C:0CCDH         LINE#         339
  C:0CD0H         LINE#         340
  C:0CDBH         LINE#         341
  C:0CE8H         LINE#         342
  C:0D00H         LINE#         343
  C:0D19H         LINE#         344
  C:0D27H         LINE#         345
  C:0D30H         LINE#         346
  C:0D32H         LINE#         349
  C:0D55H         LINE#         350
  C:0D5DH         LINE#         351
  -------         ENDPROC       _FUNCTION_READ_INPUT_REGISTERS_4
  -------         PROC          _FUNCTION_WRITE_SINGLE_COIL_5
  X:02A3H         SYMBOL        buf
  X:02A6H         SYMBOL        len
  -------         DO            
  X:02A8H         SYMBOL        ret
  X:02AAH         SYMBOL        start_address
  D:0006H         SYMBOL        value
  -------         ENDDO         
  C:22AFH         LINE#         354
  C:22C0H         LINE#         355
  C:22C0H         LINE#         356
  C:22C5H         LINE#         357
  C:22C9H         LINE#         358
  C:22C9H         LINE#         361
  C:22E1H         LINE#         362
  C:22F5H         LINE#         363
  C:22FEH         LINE#         364
  C:2309H         LINE#         368
BL51 BANKED LINKER/LOCATER V6.00                                                      02/16/2023  10:50:55  PAGE 45


  C:2313H         LINE#         369
  C:2316H         LINE#         370
  C:231EH         LINE#         371
  C:2322H         LINE#         372
  C:2322H         LINE#         382
  C:2336H         LINE#         385
  C:233EH         LINE#         386
  -------         ENDPROC       _FUNCTION_WRITE_SINGLE_COIL_5
  -------         PROC          _FUNCTION_WRITE_SINGLE_REGISTER_6
  X:02A3H         SYMBOL        buf
  X:02A6H         SYMBOL        len
  -------         DO            
  X:02A8H         SYMBOL        ret
  X:02AAH         SYMBOL        start_address
  D:0006H         SYMBOL        value
  -------         ENDDO         
  C:1744H         LINE#         389
  C:1755H         LINE#         390
  C:1755H         LINE#         391
  C:175AH         LINE#         392
  C:175EH         LINE#         393
  C:175EH         LINE#         397
  C:1776H         LINE#         398
  C:178AH         LINE#         399
  C:1793H         LINE#         400
  C:179EH         LINE#         404
  C:17ACH         LINE#         405
  C:17B2H         LINE#         406
  C:17BAH         LINE#         407
  C:17BEH         LINE#         408
  C:17BEH         LINE#         409
  C:17D5H         LINE#         410
  C:17D5H         LINE#         411
  C:17F4H         LINE#         412
  C:17F8H         LINE#         413
  C:17FAH         LINE#         416
  C:17FAH         LINE#         417
  C:17FAH         LINE#         418
  C:17FAH         LINE#         419
  C:17FCH         LINE#         420
  C:1813H         LINE#         421
  C:1813H         LINE#         422
  C:1827H         LINE#         423
  C:1829H         LINE#         424
  C:1829H         LINE#         425
  C:1829H         LINE#         426
  C:182BH         LINE#         428
  C:1842H         LINE#         429
  C:1842H         LINE#         430
  C:1858H         LINE#         432
  C:1863H         LINE#         433
  C:186CH         LINE#         434
  C:186CH         LINE#         436
  C:1874H         LINE#         437
  -------         ENDPROC       _FUNCTION_WRITE_SINGLE_REGISTER_6
  -------         PROC          _FUNCTION_WRITE_MULTIPLE_COILS_F
  X:02A3H         SYMBOL        buf
BL51 BANKED LINKER/LOCATER V6.00                                                      02/16/2023  10:50:55  PAGE 46


  -------         DO            
  X:02A6H         SYMBOL        ret
  X:02A8H         SYMBOL        crc
  X:02AAH         SYMBOL        start_address
  D:0006H         SYMBOL        count
  X:02ACH         SYMBOL        localbufLength
  X:02ADH         SYMBOL        index
  -------         ENDDO         
  C:19A2H         LINE#         448
  C:19ADH         LINE#         449
  C:19ADH         LINE#         450
  C:19B2H         LINE#         451
  C:19B6H         LINE#         452
  C:19BAH         LINE#         453
  C:19BAH         LINE#         454
  C:19BCH         LINE#         455
  C:19BEH         LINE#         459
  C:19D6H         LINE#         460
  C:19EAH         LINE#         461
  C:19F3H         LINE#         462
  C:19FEH         LINE#         466
  C:1A10H         LINE#         467
  C:1A16H         LINE#         468
  C:1A1EH         LINE#         469
  C:1A22H         LINE#         470
  C:1A22H         LINE#         474
  C:1A37H         LINE#         475
  C:1A45H         LINE#         476
  C:1A6CH         LINE#         477
  C:1A74H         LINE#         480
  C:1A8EH         LINE#         481
  C:1AA8H         LINE#         482
  C:1AAFH         LINE#         483
  C:1AB6H         LINE#         484
  C:1ABEH         LINE#         485
  -------         ENDPROC       _FUNCTION_WRITE_MULTIPLE_COILS_F
  -------         PROC          _FUNCTION_WRITE_MULTIPLE_REGISTERS_10
  X:02A3H         SYMBOL        buf
  -------         DO            
  X:02A6H         SYMBOL        ret
  X:02A8H         SYMBOL        crc
  X:02AAH         SYMBOL        start_address
  D:0006H         SYMBOL        count
  X:02ACH         SYMBOL        localbufLength
  X:02ADH         SYMBOL        index
  -------         ENDDO         
  C:1610H         LINE#         494
  C:161BH         LINE#         495
  C:161BH         LINE#         496
  C:1620H         LINE#         497
  C:1624H         LINE#         498
  C:1628H         LINE#         499
  C:1628H         LINE#         500
  C:162AH         LINE#         501
  C:162CH         LINE#         505
  C:1644H         LINE#         506
  C:1658H         LINE#         507
BL51 BANKED LINKER/LOCATER V6.00                                                      02/16/2023  10:50:55  PAGE 47


  C:1661H         LINE#         508
  C:166CH         LINE#         512
  C:167EH         LINE#         513
  C:1684H         LINE#         514
  C:168BH         LINE#         515
  C:168EH         LINE#         516
  C:168EH         LINE#         519
  C:16C0H         LINE#         520
  C:16C7H         LINE#         521
  C:16C9H         LINE#         522
  C:16C9H         LINE#         525
  C:16DAH         LINE#         526
  C:16E3H         LINE#         527
  C:16ECH         LINE#         528
  C:16F5H         LINE#         529
  C:16FEH         LINE#         532
  C:170DH         LINE#         533
  C:1727H         LINE#         534
  C:172EH         LINE#         535
  C:1735H         LINE#         537
  C:1737H         LINE#         538
  C:1740H         LINE#         539
  C:1743H         LINE#         540
  -------         ENDPROC       _FUNCTION_WRITE_MULTIPLE_REGISTERS_10
  -------         PROC          _FUNCTION_READ_WRITE_MULTIPLE_REGISTERS_17
  X:02A3H         SYMBOL        buf
  -------         DO            
  X:02A6H         SYMBOL        ret
  X:02A8H         SYMBOL        crc
  X:02AAH         SYMBOL        read_start_address
  D:0006H         SYMBOL        write_start_address
  X:02ACH         SYMBOL        readCount
  X:02AEH         SYMBOL        writebytes
  X:02AFH         SYMBOL        writeCount
  X:02B1H         SYMBOL        localbufLength
  X:02B2H         SYMBOL        index
  X:02B3H         SYMBOL        send_total_count
  -------         ENDDO         
  C:0D5EH         LINE#         549
  C:0D69H         LINE#         550
  C:0D69H         LINE#         551
  C:0D6EH         LINE#         552
  C:0D72H         LINE#         553
  C:0D76H         LINE#         554
  C:0D76H         LINE#         555
  C:0D7AH         LINE#         556
  C:0D7CH         LINE#         557
  C:0D80H         LINE#         558
  C:0D82H         LINE#         559
  C:0D84H         LINE#         560
  C:0D88H         LINE#         564
  C:0DA0H         LINE#         565
  C:0DB4H         LINE#         566
  C:0DC1H         LINE#         567
  C:0DD5H         LINE#         569
  C:0DDBH         LINE#         570
  C:0DE1H         LINE#         571
BL51 BANKED LINKER/LOCATER V6.00                                                      02/16/2023  10:50:55  PAGE 48


  C:0DEEH         LINE#         572
  C:0E02H         LINE#         574
  C:0E0CH         LINE#         577
  C:0E25H         LINE#         578
  C:0E25H         LINE#         579
  C:0E25H         LINE#         580
  C:0E27H         LINE#         581
  C:0E27H         LINE#         582
  C:0E40H         LINE#         583
  C:0E46H         LINE#         584
  C:0E4EH         LINE#         585
  C:0E52H         LINE#         586
  C:0E52H         LINE#         590
  C:0E5AH         LINE#         591
  C:0E68H         LINE#         592
  C:0E8FH         LINE#         593
  C:0E97H         LINE#         596
  C:0E9EH         LINE#         597
  C:0EB0H         LINE#         598
  C:0EBAH         LINE#         599
  C:0EC3H         LINE#         600
  C:0ED1H         LINE#         601
  C:0EE4H         LINE#         602
  C:0EF2H         LINE#         603
  C:0F05H         LINE#         604
  C:0F13H         LINE#         605
  C:0F15H         LINE#         606
  C:0F20H         LINE#         607
  C:0F2DH         LINE#         608
  C:0F45H         LINE#         609
  C:0F60H         LINE#         610
  C:0F6EH         LINE#         611
  C:0F77H         LINE#         614
  C:0F7FH         LINE#         615
  -------         ENDPROC       _FUNCTION_READ_WRITE_MULTIPLE_REGISTERS_17
  -------         PROC          _NOT_SUPPORT_FUNCTION_CODE
  D:0007H         SYMBOL        address
  D:0005H         SYMBOL        function
  -------         DO            
  X:02A3H         SYMBOL        ret
  -------         ENDDO         
  C:2B6AH         LINE#         620
  C:2B6AH         LINE#         621
  C:2B6AH         LINE#         622
  C:2B71H         LINE#         623
  C:2B76H         LINE#         625
  C:2B7EH         LINE#         626
  -------         ENDPROC       _NOT_SUPPORT_FUNCTION_CODE
  -------         PROC          _PARSE_RECV_BUFFER
  X:029AH         SYMBOL        buf
  X:029DH         SYMBOL        len
  -------         DO            
  X:029FH         SYMBOL        ret
  X:02A1H         SYMBOL        temp_crc
  D:0006H         SYMBOL        temp_crc2
  -------         ENDDO         
  C:1180H         LINE#         631
BL51 BANKED LINKER/LOCATER V6.00                                                      02/16/2023  10:50:55  PAGE 49


  C:1191H         LINE#         632
  C:1191H         LINE#         633
  C:1196H         LINE#         634
  C:119AH         LINE#         635
  C:119CH         LINE#         637
  C:11A8H         LINE#         638
  C:11B9H         LINE#         640
  C:11D4H         LINE#         641
  C:11D4H         LINE#         642
  C:11D6H         LINE#         643
  C:11D6H         LINE#         644
  C:11F1H         LINE#         645
  C:1213H         LINE#         646
  C:1224H         LINE#         648
  C:1230H         LINE#         650
  C:1238H         LINE#         651
  C:123CH         LINE#         652
  C:123CH         LINE#         654
  C:124CH         LINE#         655
  C:1257H         LINE#         656
  C:1257H         LINE#         659
  C:128AH         LINE#         660
  C:1290H         LINE#         661
  C:12A1H         LINE#         662
  C:12B2H         LINE#         663
  C:12C2H         LINE#         664
  C:12D8H         LINE#         665
  C:12EEH         LINE#         666
  C:12FEH         LINE#         667
  C:130EH         LINE#         668
  C:131EH         LINE#         669
  C:133FH         LINE#         670
  C:133FH         LINE#         672
  C:1347H         LINE#         673
  -------         ENDPROC       _PARSE_RECV_BUFFER
  -------         ENDMOD        MODBUS

  -------         MODULE        CRC
  C:0000H         SYMBOL        _ICE_DUMMY_
  C:2565H         PUBLIC        _crc16
  C:0F80H         SYMBOL        auchCRCHi
  C:1080H         SYMBOL        auchCRCLo
  -------         PROC          _CRC16
  X:02BAH         SYMBOL        msg
  X:02BDH         SYMBOL        DataLen
  -------         DO            
  X:02BFH         SYMBOL        usTemp
  D:0007H         SYMBOL        uchCRCHi
  D:0005H         SYMBOL        uchCRCLo
  D:0002H         SYMBOL        uIndex
  -------         ENDDO         
  C:2565H         LINE#         81
  C:2576H         LINE#         82
  C:2576H         LINE#         83
  C:257BH         LINE#         84
  C:257DH         LINE#         85
  C:257FH         LINE#         87
BL51 BANKED LINKER/LOCATER V6.00                                                      02/16/2023  10:50:55  PAGE 50


  C:258DH         LINE#         88
  C:25A4H         LINE#         89
  C:25AAH         LINE#         90
  C:25B0H         LINE#         91
  C:25B2H         LINE#         92
  C:25BAH         LINE#         93
  C:25C4H         LINE#         95
  C:25C9H         LINE#         96
  -------         ENDPROC       _CRC16
  -------         ENDMOD        CRC

  -------         MODULE        ?C?CLDPTR
  C:1875H         PUBLIC        ?C?CLDPTR
  -------         ENDMOD        ?C?CLDPTR

  -------         MODULE        ?C?CLDOPTR
  C:188EH         PUBLIC        ?C?CLDOPTR
  -------         ENDMOD        ?C?CLDOPTR

  -------         MODULE        ?C?CSTOPTR
  C:18BBH         PUBLIC        ?C?CSTOPTR
  -------         ENDMOD        ?C?CSTOPTR

  -------         MODULE        ?C?IMUL
  C:18DDH         PUBLIC        ?C?IMUL
  -------         ENDMOD        ?C?IMUL

  -------         MODULE        ?C?UIDIV
  C:18EFH         PUBLIC        ?C?UIDIV
  -------         ENDMOD        ?C?UIDIV

  -------         MODULE        ?C?ILDIX
  C:1944H         PUBLIC        ?C?ILDIX
  -------         ENDMOD        ?C?ILDIX

  -------         MODULE        ?C?SLCMP
  C:195AH         PUBLIC        ?C?SLCMP
  -------         ENDMOD        ?C?SLCMP

  -------         MODULE        ?C?OFFXADD
  C:1970H         PUBLIC        ?C?OFFXADD
  -------         ENDMOD        ?C?OFFXADD

  -------         MODULE        ?C?CCASE
  C:197CH         PUBLIC        ?C?CCASE
  -------         ENDMOD        ?C?CCASE

*** WARNING L16: UNCALLED SEGMENT, IGNORED FOR OVERLAY PROCESS
    SEGMENT: ?PR?_UART_SEND_BYTE?ÎÂ¿_³ÌÐò

*** WARNING L16: UNCALLED SEGMENT, IGNORED FOR OVERLAY PROCESS
    SEGMENT: ?PR?SET_DIS?ÎÂ¿_³ÌÐò

*** WARNING L16: UNCALLED SEGMENT, IGNORED FOR OVERLAY PROCESS
    SEGMENT: ?PR?CUR_DIS?ÎÂ¿_³ÌÐò

*** WARNING L16: UNCALLED SEGMENT, IGNORED FOR OVERLAY PROCESS
BL51 BANKED LINKER/LOCATER V6.00                                                      02/16/2023  10:50:55  PAGE 51


    SEGMENT: ?PR?F_DIS?ÎÂ¿_³ÌÐò

*** WARNING L16: UNCALLED SEGMENT, IGNORED FOR OVERLAY PROCESS
    SEGMENT: ?PR?M_DIS?ÎÂ¿_³ÌÐò

*** WARNING L16: UNCALLED SEGMENT, IGNORED FOR OVERLAY PROCESS
    SEGMENT: ?PR?R_DIS?ÎÂ¿_³ÌÐò

*** WARNING L16: UNCALLED SEGMENT, IGNORED FOR OVERLAY PROCESS
    SEGMENT: ?PR?P1_DIS?ÎÂ¿_³ÌÐò

*** WARNING L16: UNCALLED SEGMENT, IGNORED FOR OVERLAY PROCESS
    SEGMENT: ?PR?P2_DIS?ÎÂ¿_³ÌÐò

Program Size: data=115.4 xdata=705 code=11400
LINK/LOCATE RUN COMPLETE.  8 WARNING(S),  0 ERROR(S)
