BL51 BANKED LINKER/LOCATER V6.00                                                        02/12/2023  10:36:02  PAGE 1


BL51 BANKED LINKER/LOCATER V6.00, INVOKED BY:
C:\KEIL\C51\BIN\BL51.EXE STARTUP.obj, ÎÂ¿Ø³ÌÐò.obj, modbus.obj, crc.obj TO ÎÂ¿Ø³ÌÐò RAMSIZE (256)


MEMORY MODEL: LARGE


INPUT MODULES INCLUDED:
  STARTUP.obj (?C_STARTUP)
  ÎÂ¿Ø³ÌÐò.obj (ÎÂ¿_³ÌÐò)
  modbus.obj (MODBUS)
  crc.obj (CRC)
  C:\KEIL\C51\LIB\C51L.LIB (?C_INIT)
  C:\KEIL\C51\LIB\C51L.LIB (?C?CLDPTR)
  C:\KEIL\C51\LIB\C51L.LIB (?C?CLDOPTR)
  C:\KEIL\C51\LIB\C51L.LIB (?C?CSTOPTR)
  C:\KEIL\C51\LIB\C51L.LIB (?C?IMUL)
  C:\KEIL\C51\LIB\C51L.LIB (?C?UIDIV)
  C:\KEIL\C51\LIB\C51L.LIB (?C?ILDIX)
  C:\KEIL\C51\LIB\C51L.LIB (?C?SLCMP)
  C:\KEIL\C51\LIB\C51L.LIB (?C?OFFXADD)
  C:\KEIL\C51\LIB\C51L.LIB (?C?CCASE)
  C:\KEIL\C51\LIB\C51L.LIB (PRINTF)
  C:\KEIL\C51\LIB\C51L.LIB (?C?CSTPTR)
  C:\KEIL\C51\LIB\C51L.LIB (?C?PLDIXDATA)
  C:\KEIL\C51\LIB\C51L.LIB (?C?PSTXDATA)
  C:\KEIL\C51\LIB\C51L.LIB (PUTCHAR)


LINK MAP OF MODULE:  ÎÂ¿Ø³ÌÐò (?C_STARTUP)


            TYPE    BASE      LENGTH    RELOCATION   SEGMENT NAME
            -----------------------------------------------------

            * * * * * * *   D A T A   M E M O R Y   * * * * * * *
            REG     0000H     0008H     ABSOLUTE     "REG BANK 0"
            REG     0008H     0008H     ABSOLUTE     "REG BANK 1"
            REG     0010H     0008H     ABSOLUTE     "REG BANK 2"
            REG     0018H     0008H     ABSOLUTE     "REG BANK 3"
            BIT     0020H.0   0003H.1   UNIT         ?BI?ÎÂ¿_³ÌÐò
            BIT     0023H.1   0001H.1   UNIT         _BIT_GROUP_
            BIT     0024H.2   0000H.1   UNIT         ?BI?SET_DIS?ÎÂ¿_³ÌÐò
            BIT     0024H.3   0000H.1   UNIT         ?BI?CUR_DIS?ÎÂ¿_³ÌÐò
            BIT     0024H.4   0000H.1   UNIT         ?BI?F_DIS?ÎÂ¿_³ÌÐò
            BIT     0024H.5   0000H.1   UNIT         ?BI?M_DIS?ÎÂ¿_³ÌÐò
            BIT     0024H.6   0000H.1   UNIT         ?BI?R_DIS?ÎÂ¿_³ÌÐò
            BIT     0024H.7   0000H.1   UNIT         ?BI?P1_DIS?ÎÂ¿_³ÌÐò
            BIT     0025H.0   0000H.1   UNIT         ?BI?P2_DIS?ÎÂ¿_³ÌÐò
                    0025H.1   0000H.7                *** GAP ***
            DATA    0026H     0005H     UNIT         _DATA_GROUP_
            IDATA   002BH     0054H     UNIT         ?ID?ÎÂ¿_³ÌÐò
            IDATA   007FH     0002H     UNIT         ?ID?MODBUS
            IDATA   0081H     0001H     UNIT         ?STACK

            * * * * * * *  X D A T A   M E M O R Y  * * * * * * *
            XDATA   0000H     0242H     UNIT         ?XD?MODBUS
            XDATA   0242H     0050H     UNIT         ?XD?ÎÂ¿_³ÌÐò
BL51 BANKED LINKER/LOCATER V6.00                                                      02/12/2023  10:36:02  PAGE 2


            XDATA   0292H     004EH     UNIT         _XDATA_GROUP_

            * * * * * * *   C O D E   M E M O R Y   * * * * * * *
            CODE    0000H     0003H     ABSOLUTE     
            CODE    0003H     0003H     ABSOLUTE     
            CODE    0006H     0005H     UNIT         ?PR?_BROADCAST_PROCESS?MODBUS
            CODE    000BH     0003H     ABSOLUTE     
            CODE    000EH     0015H     UNIT         ?PR?_IAPERASESECTOR?ÎÂ¿_³ÌÐò
            CODE    0023H     0003H     ABSOLUTE     
            CODE    0026H     0065H     UNIT         ?PR?_CRC16?CRC
            CODE    008BH     0010H     UNIT         ?PR?TIMER3INIT?ÎÂ¿_³ÌÐò
            CODE    009BH     0003H     ABSOLUTE     
            CODE    009EH     0742H     UNIT         ?PR?MAIN?ÎÂ¿_³ÌÐò
            CODE    07E0H     0365H     UNIT         ?PR?PRINTF?PRINTF
            CODE    0B45H     02D5H     UNIT         ?PR?_FUNCTION_READ_HOLDING_REGISTERS_3?MODBUS
            CODE    0E1AH     02B0H     UNIT         ?PR?_FUNCTION_READ_INPUT_REGISTERS_4?MODBUS
            CODE    10CAH     0267H     UNIT         ?PR?_FUNCTION_READ_WRITE_MULTIPLE_REGISTERS_17?MODBUS
            CODE    1331H     0200H     UNIT         ?CO?CRC
            CODE    1531H     01F3H     UNIT         ?PR?_PARSE_RECV_BUFFER?MODBUS
            CODE    1724H     0171H     UNIT         ?PR?_FUNCTION_WRITE_MULTIPLE_COILS_F?MODBUS
            CODE    1895H     016CH     UNIT         ?PR?_FUNCTION_READ_COILS_1?MODBUS
            CODE    1A01H     016AH     UNIT         ?PR?_FUNCTION_READ_DISCREATE_INPUT_2?MODBUS
            CODE    1B6BH     015FH     UNIT         ?C?LIB_CODE
            CODE    1CCAH     0117H     UNIT         ?PR?_GET_TEMPERATURE?ÎÂ¿_³ÌÐò
            CODE    1DE1H     0104H     UNIT         ?CO?ÎÂ¿_³ÌÐò
            CODE    1EE5H     00FDH     UNIT         ?PR?_FUNCTION_WRITE_MULTIPLE_REGISTERS_10?MODBUS
            CODE    1FE2H     00F6H     UNIT         ?PR?_FUNCTION_WRITE_SINGLE_REGISTER_6?MODBUS
            CODE    20D8H     00E7H     UNIT         ?PR?T3INT?ÎÂ¿_³ÌÐò
            CODE    21BFH     00D7H     UNIT         ?PR?_HOT_SELECT?ÎÂ¿_³ÌÐò
            CODE    2296H     00D0H     UNIT         ?PR?_FUNCTION_WRITE_SINGLE_COIL_5?MODBUS
            CODE    2366H     00CBH     UNIT         ?PR?SAVE_MODE_WR?ÎÂ¿_³ÌÐò
            CODE    2431H     00C9H     UNIT         ?PR?_WRITE_MULTIPLE_REGISTER?MODBUS
            CODE    24FAH     00C9H     UNIT         ?PR?_WRITE_MULTIPLE_COILS?MODBUS
            CODE    25C3H     00C3H     UNIT         ?PR?READ_DATA?ÎÂ¿_³ÌÐò
            CODE    2686H     00AEH     UNIT         ?PR?DIS1?ÎÂ¿_³ÌÐò
            CODE    2734H     00A5H     UNIT         ?PR?_TEMPERATURE_LPF?ÎÂ¿_³ÌÐò
            CODE    27D9H     009AH     UNIT         ?CO?MODBUS
            CODE    2873H     0094H     UNIT         ?PR?_TM1722_WRITE_WORD?ÎÂ¿_³ÌÐò
            CODE    2907H     0093H     UNIT         ?PR?_FAN_RUN_STOP?ÎÂ¿_³ÌÐò
            CODE    299AH     008EH     UNIT         ?PR?TM0_ISR?ÎÂ¿_³ÌÐò
            CODE    2A28H     008CH     UNIT         ?C_C51STARTUP
            CODE    2AB4H     008BH     UNIT         ?PR?_LCD_CLEAR?ÎÂ¿_³ÌÐò
            CODE    2B3FH     0089H     UNIT         ?PR?_FAN_DIS?ÎÂ¿_³ÌÐò
            CODE    2BC8H     005FH     UNIT         ?PR?_WRITE_SINGLE_COIL?MODBUS
            CODE    2C27H     0057H     UNIT         ?PR?READ_MODE_WR_DATA?ÎÂ¿_³ÌÐò
            CODE    2C7EH     0057H     UNIT         ?PR?UART?ÎÂ¿_³ÌÐò
            CODE    2CD5H     0050H     UNIT         ?PR?MODE_CHOSE?ÎÂ¿_³ÌÐò
            CODE    2D25H     0049H     UNIT         ?PR?_SEND_BAD_MSG?MODBUS
            CODE    2D6EH     0041H     UNIT         ?PR?_TM1722_WRITE_BYTE?ÎÂ¿_³ÌÐò
            CODE    2DAFH     0035H     UNIT         ?PR?TEMP_DIS?ÎÂ¿_³ÌÐò
            CODE    2DE4H     0032H     UNIT         ?PR?_SEND_BUFFER?ÎÂ¿_³ÌÐò
            CODE    2E16H     002FH     UNIT         ?PR?H1_DIS?ÎÂ¿_³ÌÐò
            CODE    2E45H     002FH     UNIT         ?PR?H2_DIS?ÎÂ¿_³ÌÐò
            CODE    2E74H     002FH     UNIT         ?PR?H3_DIS?ÎÂ¿_³ÌÐò
            CODE    2EA3H     002FH     UNIT         ?PR?TB_DIS?ÎÂ¿_³ÌÐò
            CODE    2ED2H     002FH     UNIT         ?PR?JG_DIS?ÎÂ¿_³ÌÐò
            CODE    2F01H     002FH     UNIT         ?PR?MODE_DIS?ÎÂ¿_³ÌÐò
BL51 BANKED LINKER/LOCATER V6.00                                                      02/12/2023  10:36:02  PAGE 3


            CODE    2F30H     002FH     UNIT         ?PR?BF_DIS?ÎÂ¿_³ÌÐò
            CODE    2F5FH     002FH     UNIT         ?PR?SET_DIS?ÎÂ¿_³ÌÐò
            CODE    2F8EH     002FH     UNIT         ?PR?CUR_DIS?ÎÂ¿_³ÌÐò
            CODE    2FBDH     002FH     UNIT         ?PR?P1_DIS?ÎÂ¿_³ÌÐò
            CODE    2FECH     002FH     UNIT         ?PR?P2_DIS?ÎÂ¿_³ÌÐò
            CODE    301BH     002FH     UNIT         ?PR?S14_DIS?ÎÂ¿_³ÌÐò
            CODE    304AH     002FH     UNIT         ?PR?S15_DIS?ÎÂ¿_³ÌÐò
            CODE    3079H     002FH     UNIT         ?C_INITSEG
            CODE    30A8H     002DH     UNIT         ?PR?_GETADCRESULT?ÎÂ¿_³ÌÐò
            CODE    30D5H     0027H     UNIT         ?PR?PUTCHAR?PUTCHAR
            CODE    30FCH     0025H     UNIT         ?PR?EXINT0?ÎÂ¿_³ÌÐò
            CODE    3121H     0023H     UNIT         ?PR?_IAPPROGRAMBYTE?ÎÂ¿_³ÌÐò
            CODE    3144H     0022H     UNIT         ?PR?HOT_DIS?ÎÂ¿_³ÌÐò
            CODE    3166H     0021H     UNIT         ?PR?TIME_INSET?ÎÂ¿_³ÌÐò
            CODE    3187H     001FH     UNIT         ?PR?FAN_CLOSE_READ?ÎÂ¿_³ÌÐò
            CODE    31A6H     001EH     UNIT         ?PR?_DELAY1MS?ÎÂ¿_³ÌÐò
            CODE    31C4H     001CH     UNIT         ?PR?_IAPREADBYTE?ÎÂ¿_³ÌÐò
            CODE    31E0H     0019H     UNIT         ?PR?UARTINIT?ÎÂ¿_³ÌÐò
            CODE    31F9H     0017H     UNIT         ?PR?FAN_CLOSE_SAVE?ÎÂ¿_³ÌÐò
            CODE    3210H     0017H     UNIT         ?PR?FAN_STOP?ÎÂ¿_³ÌÐò
            CODE    3227H     0016H     UNIT         ?PR?TIMER0INIT?ÎÂ¿_³ÌÐò
            CODE    323DH     0015H     UNIT         ?PR?_NOT_SUPPORT_FUNCTION_CODE?MODBUS
            CODE    3252H     0014H     UNIT         ?PR?SAVE_MODE_NUM?ÎÂ¿_³ÌÐò
            CODE    3266H     0014H     UNIT         ?PR?HOT1_DIS?ÎÂ¿_³ÌÐò
            CODE    327AH     0014H     UNIT         ?PR?HOT2_DIS?ÎÂ¿_³ÌÐò
            CODE    328EH     0014H     UNIT         ?PR?HOT3_DIS?ÎÂ¿_³ÌÐò
            CODE    32A2H     0014H     UNIT         ?PR?F_DIS?ÎÂ¿_³ÌÐò
            CODE    32B6H     0014H     UNIT         ?PR?M_DIS?ÎÂ¿_³ÌÐò
            CODE    32CAH     0014H     UNIT         ?PR?R_DIS?ÎÂ¿_³ÌÐò
            CODE    32DEH     0014H     UNIT         ?PR?S13_DIS?ÎÂ¿_³ÌÐò
            CODE    32F2H     000FH     UNIT         ?PR?READ_MODE?ÎÂ¿_³ÌÐò
            CODE    3301H     000FH     UNIT         ?PR?_PWM_SET?ÎÂ¿_³ÌÐò
            CODE    3310H     000EH     UNIT         ?PR?TIMER1INIT?ÎÂ¿_³ÌÐò
            CODE    331EH     000DH     UNIT         ?PR?IAPIDLE?ÎÂ¿_³ÌÐò
            CODE    332BH     000CH     UNIT         ?PR?INITADC?ÎÂ¿_³ÌÐò
            CODE    3337H     000AH     UNIT         ?PR?_UART_SEND_BYTE?ÎÂ¿_³ÌÐò
            CODE    3341H     000AH     UNIT         ?PR?DELAY50US?ÎÂ¿_³ÌÐò
            CODE    334BH     000AH     UNIT         ?PR?FAN_RUN?ÎÂ¿_³ÌÐò



OVERLAY MAP OF MODULE:   ÎÂ¿Ø³ÌÐò (?C_STARTUP)


SEGMENT                                             BIT_GROUP          DATA_GROUP          XDATA_GROUP
  +--> CALLED SEGMENT                            START    LENGTH     START    LENGTH     START    LENGTH
--------------------------------------------------------------------------------------------------------
?C_C51STARTUP                                    -----    -----      -----    -----      -----    -----
  +--> ?PR?MAIN?ÎÂ¿_³ÌÐò
  +--> ?C_INITSEG

?PR?MAIN?ÎÂ¿_³ÌÐò                                -----    -----      -----    -----      -----    -----
  +--> ?PR?UARTINIT?ÎÂ¿_³ÌÐò
  +--> ?PR?INITADC?ÎÂ¿_³ÌÐò
  +--> ?PR?TIMER0INIT?ÎÂ¿_³ÌÐò
  +--> ?PR?TIMER1INIT?ÎÂ¿_³ÌÐò
  +--> ?PR?TIMER3INIT?ÎÂ¿_³ÌÐò
BL51 BANKED LINKER/LOCATER V6.00                                                      02/12/2023  10:36:02  PAGE 4


  +--> ?PR?READ_MODE?ÎÂ¿_³ÌÐò
  +--> ?PR?READ_DATA?ÎÂ¿_³ÌÐò
  +--> ?PR?FAN_CLOSE_READ?ÎÂ¿_³ÌÐò
  +--> ?PR?_LCD_CLEAR?ÎÂ¿_³ÌÐò
  +--> ?PR?DIS1?ÎÂ¿_³ÌÐò
  +--> ?PR?_DELAY1MS?ÎÂ¿_³ÌÐò
  +--> ?PR?FAN_CLOSE_SAVE?ÎÂ¿_³ÌÐò
  +--> ?PR?MODE_CHOSE?ÎÂ¿_³ÌÐò
  +--> ?PR?_GET_TEMPERATURE?ÎÂ¿_³ÌÐò
  +--> ?PR?S13_DIS?ÎÂ¿_³ÌÐò
  +--> ?PR?S14_DIS?ÎÂ¿_³ÌÐò
  +--> ?PR?_PARSE_RECV_BUFFER?MODBUS
  +--> ?PR?SAVE_MODE_NUM?ÎÂ¿_³ÌÐò
  +--> ?PR?_FAN_RUN_STOP?ÎÂ¿_³ÌÐò
  +--> ?PR?HOT_DIS?ÎÂ¿_³ÌÐò
  +--> ?PR?FAN_STOP?ÎÂ¿_³ÌÐò
  +--> ?PR?TIME_INSET?ÎÂ¿_³ÌÐò
  +--> ?PR?_TEMPERATURE_LPF?ÎÂ¿_³ÌÐò
  +--> ?PR?JG_DIS?ÎÂ¿_³ÌÐò
  +--> ?PR?TEMP_DIS?ÎÂ¿_³ÌÐò
  +--> ?PR?BF_DIS?ÎÂ¿_³ÌÐò
  +--> ?PR?SAVE_MODE_WR?ÎÂ¿_³ÌÐò
  +--> ?PR?_FAN_DIS?ÎÂ¿_³ÌÐò
  +--> ?PR?TB_DIS?ÎÂ¿_³ÌÐò
  +--> ?PR?_HOT_SELECT?ÎÂ¿_³ÌÐò

?PR?READ_MODE?ÎÂ¿_³ÌÐò                           -----    -----      -----    -----      -----    -----
  +--> ?PR?_IAPREADBYTE?ÎÂ¿_³ÌÐò

?PR?_IAPREADBYTE?ÎÂ¿_³ÌÐò                        -----    -----      -----    -----      -----    -----
  +--> ?PR?IAPIDLE?ÎÂ¿_³ÌÐò

?PR?READ_DATA?ÎÂ¿_³ÌÐò                           -----    -----      -----    -----      -----    -----
  +--> ?PR?_IAPREADBYTE?ÎÂ¿_³ÌÐò
  +--> ?PR?READ_MODE_WR_DATA?ÎÂ¿_³ÌÐò

?PR?FAN_CLOSE_READ?ÎÂ¿_³ÌÐò                      -----    -----      -----    -----      -----    -----
  +--> ?PR?_IAPREADBYTE?ÎÂ¿_³ÌÐò

?PR?_LCD_CLEAR?ÎÂ¿_³ÌÐò                          -----    -----      -----    -----      -----    -----
  +--> ?PR?_TM1722_WRITE_BYTE?ÎÂ¿_³ÌÐò

?PR?_TM1722_WRITE_BYTE?ÎÂ¿_³ÌÐò                  -----    -----      -----    -----      -----    -----
  +--> ?PR?DELAY50US?ÎÂ¿_³ÌÐò

?PR?DIS1?ÎÂ¿_³ÌÐò                                0023H.1  0000H.1    -----    -----      0292H    0005H
  +--> ?PR?_TM1722_WRITE_WORD?ÎÂ¿_³ÌÐò

?PR?_TM1722_WRITE_WORD?ÎÂ¿_³ÌÐò                  -----    -----      -----    -----      0297H    0001H
  +--> ?CO?ÎÂ¿_³ÌÐò
  +--> ?PR?_TM1722_WRITE_BYTE?ÎÂ¿_³ÌÐò

?PR?FAN_CLOSE_SAVE?ÎÂ¿_³ÌÐò                      -----    -----      -----    -----      -----    -----
  +--> ?PR?_IAPERASESECTOR?ÎÂ¿_³ÌÐò
  +--> ?PR?_IAPPROGRAMBYTE?ÎÂ¿_³ÌÐò

?PR?_IAPERASESECTOR?ÎÂ¿_³ÌÐò                     -----    -----      -----    -----      -----    -----
BL51 BANKED LINKER/LOCATER V6.00                                                      02/12/2023  10:36:02  PAGE 5


  +--> ?PR?IAPIDLE?ÎÂ¿_³ÌÐò

?PR?_IAPPROGRAMBYTE?ÎÂ¿_³ÌÐò                     -----    -----      -----    -----      -----    -----
  +--> ?PR?IAPIDLE?ÎÂ¿_³ÌÐò

?PR?MODE_CHOSE?ÎÂ¿_³ÌÐò                          -----    -----      -----    -----      -----    -----
  +--> ?PR?READ_DATA?ÎÂ¿_³ÌÐò
  +--> ?PR?_LCD_CLEAR?ÎÂ¿_³ÌÐò
  +--> ?PR?DIS1?ÎÂ¿_³ÌÐò
  +--> ?PR?MODE_DIS?ÎÂ¿_³ÌÐò
  +--> ?PR?_DELAY1MS?ÎÂ¿_³ÌÐò
  +--> ?PR?BF_DIS?ÎÂ¿_³ÌÐò
  +--> ?PR?_FAN_DIS?ÎÂ¿_³ÌÐò
  +--> ?PR?_HOT_SELECT?ÎÂ¿_³ÌÐò
  +--> ?PR?TB_DIS?ÎÂ¿_³ÌÐò
  +--> ?PR?S13_DIS?ÎÂ¿_³ÌÐò
  +--> ?PR?S14_DIS?ÎÂ¿_³ÌÐò
  +--> ?PR?S15_DIS?ÎÂ¿_³ÌÐò

?PR?MODE_DIS?ÎÂ¿_³ÌÐò                            0023H.1  0000H.1    -----    -----      -----    -----
  +--> ?PR?_TM1722_WRITE_BYTE?ÎÂ¿_³ÌÐò

?PR?BF_DIS?ÎÂ¿_³ÌÐò                              0023H.1  0000H.1    -----    -----      -----    -----
  +--> ?PR?_TM1722_WRITE_BYTE?ÎÂ¿_³ÌÐò

?PR?_FAN_DIS?ÎÂ¿_³ÌÐò                            -----    -----      -----    -----      -----    -----
  +--> ?PR?_TM1722_WRITE_BYTE?ÎÂ¿_³ÌÐò

?PR?_HOT_SELECT?ÎÂ¿_³ÌÐò                         -----    -----      -----    -----      -----    -----
  +--> ?PR?HOT1_DIS?ÎÂ¿_³ÌÐò
  +--> ?PR?HOT2_DIS?ÎÂ¿_³ÌÐò
  +--> ?PR?HOT3_DIS?ÎÂ¿_³ÌÐò
  +--> ?PR?H1_DIS?ÎÂ¿_³ÌÐò
  +--> ?PR?H2_DIS?ÎÂ¿_³ÌÐò
  +--> ?PR?H3_DIS?ÎÂ¿_³ÌÐò

?PR?HOT1_DIS?ÎÂ¿_³ÌÐò                            0023H.1  0000H.1    -----    -----      -----    -----
  +--> ?PR?_TM1722_WRITE_BYTE?ÎÂ¿_³ÌÐò

?PR?HOT2_DIS?ÎÂ¿_³ÌÐò                            0023H.1  0000H.1    -----    -----      -----    -----
  +--> ?PR?_TM1722_WRITE_BYTE?ÎÂ¿_³ÌÐò

?PR?HOT3_DIS?ÎÂ¿_³ÌÐò                            0023H.1  0000H.1    -----    -----      -----    -----
  +--> ?PR?_TM1722_WRITE_BYTE?ÎÂ¿_³ÌÐò

?PR?H1_DIS?ÎÂ¿_³ÌÐò                              0023H.1  0000H.1    -----    -----      -----    -----
  +--> ?PR?_TM1722_WRITE_BYTE?ÎÂ¿_³ÌÐò

?PR?H2_DIS?ÎÂ¿_³ÌÐò                              0023H.1  0000H.1    -----    -----      -----    -----
  +--> ?PR?_TM1722_WRITE_BYTE?ÎÂ¿_³ÌÐò

?PR?H3_DIS?ÎÂ¿_³ÌÐò                              0023H.1  0000H.1    -----    -----      -----    -----
  +--> ?PR?_TM1722_WRITE_BYTE?ÎÂ¿_³ÌÐò

?PR?TB_DIS?ÎÂ¿_³ÌÐò                              0023H.1  0000H.1    -----    -----      -----    -----
  +--> ?PR?_TM1722_WRITE_BYTE?ÎÂ¿_³ÌÐò

BL51 BANKED LINKER/LOCATER V6.00                                                      02/12/2023  10:36:02  PAGE 6


?PR?S13_DIS?ÎÂ¿_³ÌÐò                             0023H.1  0000H.1    -----    -----      -----    -----
  +--> ?PR?_TM1722_WRITE_BYTE?ÎÂ¿_³ÌÐò

?PR?S14_DIS?ÎÂ¿_³ÌÐò                             0023H.1  0000H.1    -----    -----      -----    -----
  +--> ?PR?_TM1722_WRITE_BYTE?ÎÂ¿_³ÌÐò

?PR?S15_DIS?ÎÂ¿_³ÌÐò                             0023H.1  0000H.1    -----    -----      -----    -----
  +--> ?PR?_TM1722_WRITE_BYTE?ÎÂ¿_³ÌÐò

?PR?_GET_TEMPERATURE?ÎÂ¿_³ÌÐò                    -----    -----      -----    -----      0292H    0005H
  +--> ?PR?_TEMPERATURE_LPF?ÎÂ¿_³ÌÐò
  +--> ?CO?ÎÂ¿_³ÌÐò

?PR?_TEMPERATURE_LPF?ÎÂ¿_³ÌÐò                    -----    -----      -----    -----      -----    -----
  +--> ?PR?_GETADCRESULT?ÎÂ¿_³ÌÐò
  +--> ?PR?_DELAY1MS?ÎÂ¿_³ÌÐò

?PR?_PARSE_RECV_BUFFER?MODBUS                    -----    -----      -----    -----      0292H    0009H
  +--> ?PR?_CRC16?CRC
  +--> ?PR?_BROADCAST_PROCESS?MODBUS
  +--> ?PR?_FUNCTION_READ_COILS_1?MODBUS
  +--> ?PR?_FUNCTION_READ_DISCREATE_INPUT_2?...
  +--> ?PR?_FUNCTION_READ_HOLDING_REGISTERS_...
  +--> ?PR?_FUNCTION_READ_INPUT_REGISTERS_4?...
  +--> ?PR?_FUNCTION_WRITE_SINGLE_COIL_5?MODBUS
  +--> ?PR?_FUNCTION_WRITE_SINGLE_REGISTER_6...
  +--> ?PR?_FUNCTION_WRITE_MULTIPLE_COILS_F?...
  +--> ?PR?_FUNCTION_WRITE_MULTIPLE_REGISTER...
  +--> ?PR?_FUNCTION_READ_WRITE_MULTIPLE_REG...
  +--> ?PR?_NOT_SUPPORT_FUNCTION_CODE?MODBUS

?PR?_CRC16?CRC                                   -----    -----      -----    -----      02B4H    0007H
  +--> ?CO?CRC

?PR?_FUNCTION_READ_COILS_1?MODBUS                -----    -----      -----    -----      029BH    000EH
  +--> ?PR?_SEND_BAD_MSG?MODBUS
  +--> ?PR?_CRC16?CRC
  +--> ?PR?_SEND_BUFFER?ÎÂ¿_³ÌÐò

?PR?_SEND_BAD_MSG?MODBUS                         -----    -----      -----    -----      02AFH    0005H
  +--> ?PR?_CRC16?CRC
  +--> ?PR?_SEND_BUFFER?ÎÂ¿_³ÌÐò

?PR?_SEND_BUFFER?ÎÂ¿_³ÌÐò                        -----    -----      -----    -----      02B4H    0003H

?PR?_FUNCTION_READ_DISCREATE_INPUT_2?...         -----    -----      -----    -----      029BH    000EH
  +--> ?PR?_SEND_BAD_MSG?MODBUS
  +--> ?PR?_CRC16?CRC
  +--> ?PR?_SEND_BUFFER?ÎÂ¿_³ÌÐò

?PR?_FUNCTION_READ_HOLDING_REGISTERS_...         -----    -----      -----    -----      029BH    0010H
  +--> ?PR?_SEND_BAD_MSG?MODBUS
  +--> ?PR?_CRC16?CRC
  +--> ?PR?_SEND_BUFFER?ÎÂ¿_³ÌÐò

?PR?_FUNCTION_READ_INPUT_REGISTERS_4?...         -----    -----      -----    -----      029BH    0010H
  +--> ?PR?_SEND_BAD_MSG?MODBUS
BL51 BANKED LINKER/LOCATER V6.00                                                      02/12/2023  10:36:02  PAGE 7


  +--> ?PR?_CRC16?CRC
  +--> ?PR?_SEND_BUFFER?ÎÂ¿_³ÌÐò

?PR?_FUNCTION_WRITE_SINGLE_COIL_5?MODBUS         -----    -----      -----    -----      029BH    000BH
  +--> ?PR?_SEND_BAD_MSG?MODBUS
  +--> ?PR?_WRITE_SINGLE_COIL?MODBUS
  +--> ?PR?_SEND_BUFFER?ÎÂ¿_³ÌÐò

?PR?_WRITE_SINGLE_COIL?MODBUS                    -----    -----      -----    -----      02A6H    0004H
  +--> ?CO?MODBUS
  +--> ?PR?PRINTF?PRINTF

?PR?PRINTF?PRINTF                                0023H.1  0001H.1    0026H    0005H      02B8H    0028H
  +--> ?PR?PUTCHAR?PUTCHAR

?PR?_FUNCTION_WRITE_SINGLE_REGISTER_6...         -----    -----      -----    -----      029BH    0009H
  +--> ?PR?_SEND_BAD_MSG?MODBUS
  +--> ?PR?_SEND_BUFFER?ÎÂ¿_³ÌÐò

?PR?_FUNCTION_WRITE_MULTIPLE_COILS_F?...         -----    -----      -----    -----      029BH    000FH
  +--> ?PR?_SEND_BAD_MSG?MODBUS
  +--> ?PR?_WRITE_MULTIPLE_COILS?MODBUS
  +--> ?PR?_CRC16?CRC
  +--> ?PR?_SEND_BUFFER?ÎÂ¿_³ÌÐò

?PR?_WRITE_MULTIPLE_COILS?MODBUS                 -----    -----      -----    -----      02AAH    0009H
  +--> ?CO?MODBUS
  +--> ?PR?PRINTF?PRINTF

?PR?_FUNCTION_WRITE_MULTIPLE_REGISTER...         -----    -----      -----    -----      029BH    000DH
  +--> ?PR?_SEND_BAD_MSG?MODBUS
  +--> ?PR?_CRC16?CRC
  +--> ?PR?_SEND_BUFFER?ÎÂ¿_³ÌÐò

?PR?_FUNCTION_READ_WRITE_MULTIPLE_REG...         -----    -----      -----    -----      029BH    0014H
  +--> ?PR?_SEND_BAD_MSG?MODBUS
  +--> ?PR?_WRITE_MULTIPLE_REGISTER?MODBUS
  +--> ?PR?_CRC16?CRC
  +--> ?PR?_SEND_BUFFER?ÎÂ¿_³ÌÐò

?PR?_WRITE_MULTIPLE_REGISTER?MODBUS              -----    -----      -----    -----      02AFH    0009H
  +--> ?CO?MODBUS
  +--> ?PR?PRINTF?PRINTF

?PR?_NOT_SUPPORT_FUNCTION_CODE?MODBUS            -----    -----      -----    -----      029BH    0002H
  +--> ?PR?_SEND_BAD_MSG?MODBUS

?PR?SAVE_MODE_NUM?ÎÂ¿_³ÌÐò                       -----    -----      -----    -----      -----    -----
  +--> ?PR?_IAPERASESECTOR?ÎÂ¿_³ÌÐò
  +--> ?PR?_IAPPROGRAMBYTE?ÎÂ¿_³ÌÐò

?PR?_FAN_RUN_STOP?ÎÂ¿_³ÌÐò                       -----    -----      -----    -----      -----    -----
  +--> ?PR?FAN_STOP?ÎÂ¿_³ÌÐò
  +--> ?PR?FAN_RUN?ÎÂ¿_³ÌÐò
  +--> ?PR?_PWM_SET?ÎÂ¿_³ÌÐò

?PR?FAN_STOP?ÎÂ¿_³ÌÐò                            -----    -----      -----    -----      -----    -----
BL51 BANKED LINKER/LOCATER V6.00                                                      02/12/2023  10:36:02  PAGE 8


  +--> ?PR?_PWM_SET?ÎÂ¿_³ÌÐò

?PR?HOT_DIS?ÎÂ¿_³ÌÐò                             0023H.1  0000H.1    -----    -----      -----    -----
  +--> ?PR?_TM1722_WRITE_BYTE?ÎÂ¿_³ÌÐò

?PR?JG_DIS?ÎÂ¿_³ÌÐò                              0023H.1  0000H.1    -----    -----      -----    -----
  +--> ?PR?_TM1722_WRITE_BYTE?ÎÂ¿_³ÌÐò

?PR?TEMP_DIS?ÎÂ¿_³ÌÐò                            0023H.1  0000H.1    -----    -----      -----    -----
  +--> ?PR?_TM1722_WRITE_BYTE?ÎÂ¿_³ÌÐò

?PR?SAVE_MODE_WR?ÎÂ¿_³ÌÐò                        -----    -----      -----    -----      -----    -----
  +--> ?PR?_IAPERASESECTOR?ÎÂ¿_³ÌÐò
  +--> ?PR?_IAPPROGRAMBYTE?ÎÂ¿_³ÌÐò



SYMBOL TABLE OF MODULE:  ÎÂ¿Ø³ÌÐò (?C_STARTUP)

  VALUE           TYPE          NAME
  ----------------------------------

  -------         MODULE        ?C_STARTUP
  C:2A28H         SEGMENT       ?C_C51STARTUP
  I:0081H         SEGMENT       ?STACK
  C:0000H         PUBLIC        ?C_STARTUP
  D:00E0H         SYMBOL        ACC
  D:00F0H         SYMBOL        B
  D:0083H         SYMBOL        DPH
  D:0082H         SYMBOL        DPL
  N:0000H         SYMBOL        IBPSTACK
  N:0100H         SYMBOL        IBPSTACKTOP
  N:0080H         SYMBOL        IDATALEN
  C:2A2BH         SYMBOL        IDATALOOP
  N:0000H         SYMBOL        PBPSTACK
  N:0100H         SYMBOL        PBPSTACKTOP
  N:0000H         SYMBOL        PDATALEN
  N:0000H         SYMBOL        PDATASTART
  N:0000H         SYMBOL        PPAGE
  N:0000H         SYMBOL        PPAGEENABLE
  D:00A0H         SYMBOL        PPAGE_SFR
  D:0081H         SYMBOL        SP
  C:2A28H         SYMBOL        STARTUP1
  N:0000H         SYMBOL        XBPSTACK
  N:0000H         SYMBOL        XBPSTACKTOP
  N:0000H         SYMBOL        XDATALEN
  N:0000H         SYMBOL        XDATASTART
  C:0000H         LINE#         126
  C:2A28H         LINE#         133
  C:2A2AH         LINE#         134
  C:2A2BH         LINE#         135
  C:2A2CH         LINE#         136
  C:2A2EH         LINE#         185
  C:2A31H         LINE#         196
  -------         ENDMOD        ?C_STARTUP

  -------         MODULE        ÎÂ¿_³ÌÐò
BL51 BANKED LINKER/LOCATER V6.00                                                      02/12/2023  10:36:02  PAGE 9


  C:0000H         SYMBOL        _ICE_DUMMY_
  C:2AB4H         PUBLIC        _lcd_clear
  B:0020H.0       PUBLIC        hot_power_bit
  I:002BH         PUBLIC        hot_num
  D:0092H         PUBLIC        P1M0
  D:0093H         PUBLIC        P0M1
  D:0096H         PUBLIC        P2M0
  D:0091H         PUBLIC        P1M1
  D:0080H         PUBLIC        P0
  C:3337H         PUBLIC        _UART_Send_Byte
  D:00B2H         PUBLIC        P3M0
  D:0095H         PUBLIC        P2M1
  D:0090H         PUBLIC        P1
  I:002CH         PUBLIC        dis_temp_cnt
  D:00B4H         PUBLIC        P4M0
  D:00B1H         PUBLIC        P3M1
  D:00A0H         PUBLIC        P2
  D:00CAH         PUBLIC        P5M0
  D:00B3H         PUBLIC        P4M1
  D:00B0H         PUBLIC        P3
  C:2366H         PUBLIC        save_mode_wr
  D:00C9H         PUBLIC        P5M1
  D:00C0H         PUBLIC        P4
  B:0020H.1       PUBLIC        hot_fan_bit
  B:0020H.2       PUBLIC        sp_bit
  B:0080H.7       PUBLIC        hot_in
  D:00C8H         PUBLIC        P5
  B:00A8H.7       PUBLIC        EA
  D:00E8H         PUBLIC        P6
  D:00F8H         PUBLIC        P7
  C:32A2H         PUBLIC        f_dis
  B:0020H.3       PUBLIC        ss_bit
  B:0020H.4       PUBLIC        temp_set_bit
  B:0080H.6       PUBLIC        hot_ok
  I:002DH         PUBLIC        tb_num
  B:0020H.5       PUBLIC        fan_bit2
  B:0020H.6       PUBLIC        fan_bit3
  B:0090H.7       PUBLIC        out1
  I:002EH         PUBLIC        pwm5
  D:00F5H         PUBLIC        PWMCR
  B:00A0H.1       PUBLIC        out2
  B:00A0H.2       PUBLIC        out3
  D:00BAH         PUBLIC        P_SW2
  I:0030H         PUBLIC        PeriodCnt
  I:0034H         PUBLIC        temp_set_cnt
  I:0035H         PUBLIC        ss_cnt
  D:00A8H         PUBLIC        IE
  C:32B6H         PUBLIC        m_dis
  I:0037H         PUBLIC        lcd_0ah
  I:0038H         PUBLIC        lcd_0bh
  D:00C5H         PUBLIC        IAP_CMD
  C:21BFH         PUBLIC        _hot_select
  C:31C8H         PUBLIC        _IapReadByte
  I:0039H         PUBLIC        tm1
  I:003BH         PUBLIC        lcd_0eh
  C:32CAH         PUBLIC        r_dis
  I:003CH         PUBLIC        tm2
BL51 BANKED LINKER/LOCATER V6.00                                                      02/12/2023  10:36:02  PAGE 10


  I:003EH         PUBLIC        lcd_0fh
  D:00BDH         PUBLIC        ADC_RES
  I:003FH         PUBLIC        tm3
  I:0041H         PUBLIC        tm4
  D:00F7H         PUBLIC        PWMFDCR
  B:00C8H.4       PUBLIC        speak
  I:0043H         PUBLIC        tm5
  C:1DE1H         PUBLIC        Tab
  I:0045H         PUBLIC        tm6
  I:0047H         PUBLIC        fenduan_num
  B:00A8H.4       PUBLIC        ES
  D:00B8H         PUBLIC        IP
  I:0048H         PUBLIC        tt1
  C:2E16H         PUBLIC        H1_dis
  I:004AH         PUBLIC        tt2
  I:004CH         PUBLIC        t_cnt
  C:25C3H         PUBLIC        read_data
  B:0098H.0       PUBLIC        RI
  C:2E45H         PUBLIC        H2_dis
  C:331EH         PUBLIC        IapIdle
  C:2CD5H         PUBLIC        mode_chose
  C:2E74H         PUBLIC        H3_dis
  I:004DH         PUBLIC        HighRH
  B:0098H.1       PUBLIC        TI
  C:2C7EH         PUBLIC        Uart
  C:3266H         PUBLIC        hot1_dis
  D:00C3H         PUBLIC        IAP_ADDRH
  C:327AH         PUBLIC        hot2_dis
  I:004EH         PUBLIC        HighRL
  C:328EH         PUBLIC        hot3_dis
  C:1DF3H         PUBLIC        temp_table
  D:00D8H         PUBLIC        CCON
  D:00C4H         PUBLIC        IAP_ADDRL
  C:32F2H         PUBLIC        read_mode
  C:009EH         PUBLIC        main
  B:0020H.7       PUBLIC        dis_ss_bit
  B:00C0H.1       PUBLIC        TM1722_CLK
  B:00B0H.7       PUBLIC        TM1722_DIO
  X:0242H         PUBLIC        ID_old
  C:3187H         PUBLIC        fan_close_read
  I:004FH         PUBLIC        time
  D:00BCH         PUBLIC        ADC_CONTR
  D:0099H         PUBLIC        SBUF
  C:2D92H         PUBLIC        _TM1722_Write_Byte
  D:0098H         PUBLIC        SCON
  C:31E0H         PUBLIC        UartInit
  D:0089H         PUBLIC        TMOD
  D:0088H         PUBLIC        TCON
  C:3166H         PUBLIC        time_inset
  C:2B43H         PUBLIC        _fan_dis
  C:1CD6H         PUBLIC        _get_temperature
  I:0051H         PUBLIC        temp
  C:2734H         PUBLIC        _Temperature_LPF
  B:00B0H.6       PUBLIC        TM1722_STB
  X:0249H         PUBLIC        ID_new
  X:0250H         PUBLIC        cptr
  I:005FH         PUBLIC        g_need_process_datas
BL51 BANKED LINKER/LOCATER V6.00                                                      02/12/2023  10:36:02  PAGE 11


  C:2873H         PUBLIC        _TM1722_Write_Word
  B:0088H.1       PUBLIC        IE0
  D:00AFH         PUBLIC        IE2
  C:3341H         PUBLIC        Delay50us
  D:008EH         PUBLIC        AUXR
  C:299AH         PUBLIC        tm0_isr
  C:31F9H         PUBLIC        fan_close_save
  C:2FBDH         PUBLIC        p1_dis
  D:00C7H         PUBLIC        IAP_CONTR
  C:2FECH         PUBLIC        p2_dis
  D:00F1H         PUBLIC        PWMCFG
  C:2F01H         PUBLIC        mode_dis
  B:00A8H.1       PUBLIC        ET0
  B:0088H.5       PUBLIC        TF0
  B:00A8H.3       PUBLIC        ET1
  C:3227H         PUBLIC        Timer0Init
  C:3310H         PUBLIC        Timer1Init
  D:008CH         PUBLIC        TH0
  D:008DH         PUBLIC        TH1
  B:0088H.0       PUBLIC        IT0
  B:00A8H.0       PUBLIC        EX0
  C:30A8H         PUBLIC        _GetADCResult
  C:008BH         PUBLIC        Timer3Init
  I:0060H         PUBLIC        LowRH
  D:00D6H         PUBLIC        T2H
  D:00D4H         PUBLIC        T3H
  D:008AH         PUBLIC        TL0
  B:0021H.0       PUBLIC        fan_close_bit
  B:0021H.1       PUBLIC        power_bit
  D:008BH         PUBLIC        TL1
  B:0021H.2       PUBLIC        save_bit
  I:0061H         PUBLIC        LowRL
  D:00D7H         PUBLIC        T2L
  D:00D5H         PUBLIC        T3L
  I:0062H         PUBLIC        g_current_need_times
  I:0064H         PUBLIC        g_recv_buffer_index
  D:00C2H         PUBLIC        IAP_DATA
  B:0088H.4       PUBLIC        TR0
  B:0021H.3       PUBLIC        fan_bit
  I:0066H         PUBLIC        power_cnt
  I:0067H         PUBLIC        fan_close_cnt
  B:0088H.6       PUBLIC        TR1
  I:0068H         PUBLIC        save_cnt
  X:0252H         PUBLIC        g_recv_buffer
  D:00C1H         PUBLIC        WDT_CONTR
  I:006AH         PUBLIC        mode_num
  C:2DB5H         PUBLIC        temp_dis
  C:30FCH         PUBLIC        exint0
  B:0021H.4       PUBLIC        auto_bit
  B:0021H.5       PUBLIC        clk_bit
  D:009DH         PUBLIC        P1ASF
  I:006BH         PUBLIC        fan_cnt
  D:00D1H         PUBLIC        T4T3M
  C:3210H         PUBLIC        fan_stop
  C:332BH         PUBLIC        InitADC
  B:0021H.6       PUBLIC        dis_HT_bit
  I:006CH         PUBLIC        lcd_03h
BL51 BANKED LINKER/LOCATER V6.00                                                      02/12/2023  10:36:02  PAGE 12


  D:00BEH         PUBLIC        ADC_RESL
  C:3301H         PUBLIC        _pwm_set
  C:000EH         PUBLIC        _IapEraseSector
  B:00A0H.0       PUBLIC        lcd_bl
  B:0080H.5       PUBLIC        hot_fan
  I:006DH         PUBLIC        lcd_06h
  C:31AAH         PUBLIC        _Delay1ms
  I:006EH         PUBLIC        lcd_07h
  I:006FH         PUBLIC        temp_set
  B:00C0H.4       PUBLIC        led1
  B:00A0H.6       PUBLIC        led2
  I:0070H         PUBLIC        fan_num
  B:00C0H.3       PUBLIC        led3
  I:0071H         PUBLIC        key_buf
  C:2DE4H         PUBLIC        _send_buffer
  C:2F30H         PUBLIC        bf_dis
  B:0021H.7       PUBLIC        hot_HT_bit
  B:00A0H.5       PUBLIC        led4
  B:0022H.0       PUBLIC        fan_close_ok
  B:00C0H.2       PUBLIC        led5
  I:0072H         PUBLIC        out_clear_cnt
  I:0073H         PUBLIC        g_need_times
  C:3252H         PUBLIC        save_mode_num
  B:00A0H.4       PUBLIC        led6
  I:0075H         PUBLIC        fan_pwm
  C:334BH         PUBLIC        fan_run
  C:2F8EH         PUBLIC        cur_dis
  C:2C27H         PUBLIC        read_mode_wr_data
  B:0022H.1       PUBLIC        hot_bit
  C:3152H         PUBLIC        hot_dis
  B:0022H.2       PUBLIC        PWMOUT
  C:2F5FH         PUBLIC        set_dis
  C:312BH         PUBLIC        _IapProgramByte
  B:0022H.3       PUBLIC        key_find_bit
  I:0077H         PUBLIC        mode_wr
  C:2694H         PUBLIC        dis1
  D:00C6H         PUBLIC        IAP_TRIG
  C:2ED2H         PUBLIC        jg_dis
  C:20D8H         PUBLIC        t3int
  C:290BH         PUBLIC        _fan_run_stop
  B:0022H.4       PUBLIC        tb_bit
  C:2EA3H         PUBLIC        tb_dis
  C:32DEH         PUBLIC        s13_dis
  B:0022H.5       PUBLIC        uart_ok
  I:007CH         PUBLIC        cnt3
  C:301BH         PUBLIC        s14_dis
  B:0022H.6       PUBLIC        mode_num_bit
  I:007DH         PUBLIC        cnt4
  D:00D0H         PUBLIC        PSW
  C:304AH         PUBLIC        s15_dis
  B:0022H.7       PUBLIC        dis_temp_bit
  I:007EH         PUBLIC        cnt5
  B:0023H.0       PUBLIC        zb_bit
  D:0094H         PUBLIC        P0M0
  C:1CD1H         SYMBOL        L?0498
  -------         PROC          L?0497
  -------         ENDPROC       L?0497
BL51 BANKED LINKER/LOCATER V6.00                                                      02/12/2023  10:36:02  PAGE 13


  C:1CD1H         SYMBOL        L?0498
  -------         PROC          _GET_TEMPERATURE
  D:0004H         SYMBOL        adc
  -------         DO            
  X:0292H         SYMBOL        p
  X:0294H         SYMBOL        i
  D:0006H         SYMBOL        j
  X:0296H         SYMBOL        k
  D:0002H         SYMBOL        min
  D:0007H         SYMBOL        max
  -------         ENDDO         
  C:1CD6H         LINE#         534
  C:1CDAH         LINE#         535
  C:1CDAH         LINE#         541
  C:1CE4H         LINE#         545
  C:1CE6H         LINE#         546
  C:1CE8H         LINE#         548
  C:1CE9H         LINE#         549
  C:1CE9H         LINE#         550
  C:1CF5H         LINE#         551
  C:1D2AH         LINE#         552
  C:1D2BH         LINE#         553
  C:1D30H         LINE#         554
  C:1D56H         LINE#         555
  C:1D7CH         LINE#         557
  C:1D7CH         LINE#         558
  C:1D81H         LINE#         559
  C:1D81H         LINE#         560
  C:1D82H         LINE#         561
  C:1DAAH         LINE#         562
  C:1DCDH         LINE#         563
  C:1DCDH         LINE#         564
  C:1DCEH         LINE#         567
  C:1DD8H         LINE#         570
  C:1DD8H         LINE#         571
  C:1DD8H         LINE#         572
  C:1DD8H         LINE#         573
  C:1DD8H         LINE#         574
  C:1DE0H         LINE#         575
  -------         ENDPROC       _GET_TEMPERATURE
  C:31A6H         SYMBOL        L?0496
  -------         PROC          L?0495
  -------         ENDPROC       L?0495
  C:31A6H         SYMBOL        L?0496
  -------         PROC          _DELAY1MS
  D:0006H         SYMBOL        dd
  -------         DO            
  D:0005H         SYMBOL        i
  D:0004H         SYMBOL        j
  -------         ENDDO         
  C:31AAH         LINE#         580
  C:31AAH         LINE#         581
  C:31AAH         LINE#         583
  C:31AEH         LINE#         584
  C:31AFH         LINE#         585
  C:31B0H         LINE#         586
  C:31B1H         LINE#         587
BL51 BANKED LINKER/LOCATER V6.00                                                      02/12/2023  10:36:02  PAGE 14


  C:31B3H         LINE#         588
  C:31B5H         LINE#         590
  C:31B5H         LINE#         591
  C:31B7H         LINE#         592
  C:31B9H         LINE#         594
  C:31BCH         LINE#         595
  C:31C1H         LINE#         596
  C:31C3H         LINE#         597
  -------         ENDPROC       _DELAY1MS
  -------         PROC          UARTINIT
  C:31E0H         LINE#         632
  C:31E0H         LINE#         633
  C:31E0H         LINE#         634
  C:31E3H         LINE#         642
  C:31E6H         LINE#         643
  C:31E9H         LINE#         644
  C:31ECH         LINE#         645
  C:31EFH         LINE#         646
  C:31F2H         LINE#         647
  C:31F4H         LINE#         648
  C:31F6H         LINE#         649
  C:31F8H         LINE#         653
  -------         ENDPROC       UARTINIT
  -------         PROC          TIMER0INIT
  C:3227H         LINE#         656
  C:3227H         LINE#         657
  C:3227H         LINE#         658
  C:322AH         LINE#         659
  C:322DH         LINE#         660
  C:3230H         LINE#         661
  C:3233H         LINE#         662
  C:3236H         LINE#         663
  C:3238H         LINE#         664
  C:323AH         LINE#         665
  C:323CH         LINE#         666
  -------         ENDPROC       TIMER0INIT
  -------         PROC          TIMER1INIT
  C:3310H         LINE#         670
  C:3310H         LINE#         671
  C:3310H         LINE#         672
  C:3313H         LINE#         673
  C:3316H         LINE#         674
  C:3319H         LINE#         675
  C:331BH         LINE#         676
  C:331DH         LINE#         678
  -------         ENDPROC       TIMER1INIT
  -------         PROC          TIMER3INIT
  C:008BH         LINE#         684
  C:008BH         LINE#         685
  C:008BH         LINE#         686
  C:008EH         LINE#         687
  C:0091H         LINE#         688
  C:0094H         LINE#         689
  C:0097H         LINE#         690
  C:009AH         LINE#         691
  -------         ENDPROC       TIMER3INIT
  -------         PROC          IAPIDLE
BL51 BANKED LINKER/LOCATER V6.00                                                      02/12/2023  10:36:02  PAGE 15


  C:331EH         LINE#         699
  C:331EH         LINE#         700
  C:331EH         LINE#         701
  C:3321H         LINE#         702
  C:3323H         LINE#         703
  C:3325H         LINE#         704
  C:3328H         LINE#         705
  C:332AH         LINE#         706
  -------         ENDPROC       IAPIDLE
  C:31C4H         SYMBOL        L?0500
  -------         PROC          L?0499
  -------         ENDPROC       L?0499
  C:31C4H         SYMBOL        L?0500
  -------         PROC          _IAPREADBYTE
  D:0006H         SYMBOL        addr
  -------         DO            
  D:0007H         SYMBOL        dat
  -------         ENDDO         
  C:31C8H         LINE#         711
  C:31C8H         LINE#         712
  C:31C8H         LINE#         715
  C:31CBH         LINE#         716
  C:31CEH         LINE#         717
  C:31D0H         LINE#         718
  C:31D3H         LINE#         719
  C:31D6H         LINE#         720
  C:31D9H         LINE#         721
  C:31DAH         LINE#         722
  C:31DCH         LINE#         723
  C:31DFH         LINE#         725
  C:31DFH         LINE#         726
  -------         ENDPROC       _IAPREADBYTE
  C:3121H         SYMBOL        L?0492
  -------         PROC          L?0491
  -------         ENDPROC       L?0491
  C:3121H         SYMBOL        L?0492
  -------         PROC          _IAPPROGRAMBYTE
  D:0006H         SYMBOL        addr
  D:0005H         SYMBOL        dat
  C:312BH         LINE#         731
  C:312BH         LINE#         732
  C:312BH         LINE#         733
  C:312EH         LINE#         734
  C:3131H         LINE#         735
  C:3133H         LINE#         736
  C:3136H         LINE#         737
  C:313AH         LINE#         738
  C:313DH         LINE#         739
  C:3140H         LINE#         740
  C:3141H         LINE#         741
  -------         ENDPROC       _IAPPROGRAMBYTE
  -------         PROC          _IAPERASESECTOR
  D:0006H         SYMBOL        addr
  C:000EH         LINE#         747
  C:000EH         LINE#         748
  C:000EH         LINE#         749
  C:0011H         LINE#         750
BL51 BANKED LINKER/LOCATER V6.00                                                      02/12/2023  10:36:02  PAGE 16


  C:0014H         LINE#         751
  C:0016H         LINE#         752
  C:0019H         LINE#         753
  C:001CH         LINE#         754
  C:001FH         LINE#         755
  C:0020H         LINE#         756
  -------         ENDPROC       _IAPERASESECTOR
  -------         PROC          SAVE_MODE_NUM
  -------         DO            
  D:0004H         SYMBOL        addr
  -------         ENDDO         
  C:3252H         LINE#         761
  C:3252H         LINE#         762
  C:3252H         LINE#         765
  C:3255H         LINE#         766
  C:3257H         LINE#         767
  C:325CH         LINE#         769
  C:3263H         LINE#         772
  C:3265H         LINE#         773
  -------         ENDPROC       SAVE_MODE_NUM
  -------         PROC          FAN_CLOSE_SAVE
  -------         DO            
  D:0004H         SYMBOL        addr
  -------         ENDDO         
  C:31F9H         LINE#         776
  C:31F9H         LINE#         777
  C:31F9H         LINE#         780
  C:31FDH         LINE#         781
  C:31FFH         LINE#         782
  C:3206H         LINE#         784
  C:320DH         LINE#         787
  C:320FH         LINE#         789
  -------         ENDPROC       FAN_CLOSE_SAVE
  -------         PROC          FAN_CLOSE_READ
  -------         DO            
  D:0006H         SYMBOL        addr
  -------         ENDDO         
  C:3187H         LINE#         792
  C:3187H         LINE#         793
  C:3187H         LINE#         796
  C:318BH         LINE#         797
  C:318DH         LINE#         798
  C:3194H         LINE#         799
  C:3196H         LINE#         801
  C:31A5H         LINE#         802
  -------         ENDPROC       FAN_CLOSE_READ
  -------         PROC          READ_MODE_WR_DATA
  C:2C27H         LINE#         807
  C:2C27H         LINE#         808
  C:2C27H         LINE#         809
  C:2C2EH         LINE#         810
  C:2C34H         LINE#         811
  C:2C3AH         LINE#         812
  C:2C40H         LINE#         813
  C:2C46H         LINE#         815
  C:2C55H         LINE#         816
  C:2C5FH         LINE#         817
BL51 BANKED LINKER/LOCATER V6.00                                                      02/12/2023  10:36:02  PAGE 17


  C:2C69H         LINE#         818
  C:2C73H         LINE#         819
  C:2C7DH         LINE#         821
  -------         ENDPROC       READ_MODE_WR_DATA
  -------         PROC          SAVE_MODE_WR
  -------         DO            
  D:0004H         SYMBOL        n
  D:0002H         SYMBOL        addr
  -------         ENDDO         
  C:2366H         LINE#         824
  C:2366H         LINE#         825
  C:2366H         LINE#         829
  C:236CH         LINE#         830
  C:2372H         LINE#         831
  C:2378H         LINE#         832
  C:237EH         LINE#         833
  C:2384H         LINE#         835
  C:238CH         LINE#         836
  C:238CH         LINE#         837
  C:238FH         LINE#         838
  C:2391H         LINE#         839
  C:2397H         LINE#         840
  C:23A6H         LINE#         841
  C:23A8H         LINE#         842
  C:23A9H         LINE#         844
  C:23AEH         LINE#         845
  C:23AEH         LINE#         846
  C:23B1H         LINE#         847
  C:23B3H         LINE#         848
  C:23B9H         LINE#         849
  C:23C8H         LINE#         850
  C:23CAH         LINE#         851
  C:23CBH         LINE#         853
  C:23D0H         LINE#         854
  C:23D0H         LINE#         855
  C:23D3H         LINE#         856
  C:23D5H         LINE#         857
  C:23DBH         LINE#         858
  C:23EAH         LINE#         859
  C:23ECH         LINE#         860
  C:23EDH         LINE#         862
  C:23F2H         LINE#         863
  C:23F2H         LINE#         864
  C:23F5H         LINE#         865
  C:23F7H         LINE#         866
  C:23FDH         LINE#         867
  C:240CH         LINE#         868
  C:240EH         LINE#         869
  C:240FH         LINE#         871
  C:2414H         LINE#         872
  C:2414H         LINE#         873
  C:2417H         LINE#         874
  C:2419H         LINE#         875
  C:241FH         LINE#         876
  C:242EH         LINE#         877
  C:2430H         LINE#         878
  C:2430H         LINE#         879
BL51 BANKED LINKER/LOCATER V6.00                                                      02/12/2023  10:36:02  PAGE 18


  -------         ENDPROC       SAVE_MODE_WR
  -------         PROC          READ_MODE
  -------         DO            
  D:0006H         SYMBOL        addr
  -------         ENDDO         
  C:32F2H         LINE#         882
  C:32F2H         LINE#         883
  C:32F2H         LINE#         885
  C:32F4H         LINE#         886
  C:32F7H         LINE#         887
  C:32FEH         LINE#         889
  C:3300H         LINE#         892
  -------         ENDPROC       READ_MODE
  -------         PROC          READ_DATA
  -------         DO            
  D:0002H         SYMBOL        addr
  D:0005H         SYMBOL        n
  -------         ENDDO         
  C:25C3H         LINE#         895
  C:25C3H         LINE#         896
  C:25C3H         LINE#         900
  C:25D2H         LINE#         902
  C:25DAH         LINE#         903
  C:25DAH         LINE#         904
  C:25DCH         LINE#         905
  C:25DFH         LINE#         906
  C:25F3H         LINE#         907
  C:25F5H         LINE#         908
  C:25F8H         LINE#         910
  C:25FDH         LINE#         911
  C:25FDH         LINE#         912
  C:25FFH         LINE#         913
  C:2602H         LINE#         914
  C:2616H         LINE#         915
  C:2618H         LINE#         916
  C:261AH         LINE#         918
  C:2622H         LINE#         919
  C:2622H         LINE#         920
  C:2624H         LINE#         921
  C:2627H         LINE#         922
  C:263BH         LINE#         923
  C:263DH         LINE#         924
  C:263FH         LINE#         926
  C:2644H         LINE#         927
  C:2644H         LINE#         928
  C:2646H         LINE#         929
  C:2649H         LINE#         930
  C:265DH         LINE#         931
  C:265FH         LINE#         932
  C:2661H         LINE#         934
  C:2668H         LINE#         935
  C:2668H         LINE#         936
  C:266AH         LINE#         937
  C:266DH         LINE#         938
  C:2681H         LINE#         939
  C:2683H         LINE#         940
  C:2683H         LINE#         942
BL51 BANKED LINKER/LOCATER V6.00                                                      02/12/2023  10:36:02  PAGE 19


  -------         ENDPROC       READ_DATA
  -------         PROC          INITADC
  C:332BH         LINE#         958
  C:332BH         LINE#         959
  C:332BH         LINE#         960
  C:332EH         LINE#         961
  C:3331H         LINE#         962
  C:3333H         LINE#         963
  C:3336H         LINE#         965
  -------         ENDPROC       INITADC
  -------         PROC          _GETADCRESULT
  D:0007H         SYMBOL        ch
  -------         DO            
  D:0004H         SYMBOL        dd
  -------         ENDDO         
  C:30A8H         LINE#         971
  C:30A8H         LINE#         972
  C:30A8H         LINE#         973
  C:30ABH         LINE#         975
  C:30B0H         LINE#         976
  C:30B1H         LINE#         977
  C:30B2H         LINE#         978
  C:30B3H         LINE#         979
  C:30B4H         LINE#         980
  C:30B9H         LINE#         981
  C:30BCH         LINE#         983
  C:30C2H         LINE#         984
  C:30CFH         LINE#         985
  C:30D3H         LINE#         986
  C:30D4H         LINE#         987
  -------         ENDPROC       _GETADCRESULT
  -------         PROC          _TEMPERATURE_LPF
  D:0003H         SYMBOL        ch
  -------         DO            
  D:0004H         SYMBOL        a
  D:0002H         SYMBOL        i
  D:0007H         SYMBOL        j
  D:0006H         SYMBOL        k
  -------         ENDDO         
  C:2734H         LINE#         991
  C:2736H         LINE#         992
  C:2736H         LINE#         995
  C:2738H         LINE#         996
  C:2738H         LINE#         997
  C:2748H         LINE#         998
  C:274FH         LINE#         999
  C:2754H         LINE#         1000
  C:2756H         LINE#         1001
  C:2756H         LINE#         1002
  C:275EH         LINE#         1003
  C:275EH         LINE#         1004
  C:2776H         LINE#         1005
  C:2776H         LINE#         1006
  C:2776H         LINE#         1007
  C:278CH         LINE#         1008
  C:2797H         LINE#         1009
  C:2797H         LINE#         1010
BL51 BANKED LINKER/LOCATER V6.00                                                      02/12/2023  10:36:02  PAGE 20


  C:279AH         LINE#         1011
  C:279FH         LINE#         1012
  C:27AAH         LINE#         1014
  C:27D8H         LINE#         1016
  -------         ENDPROC       _TEMPERATURE_LPF
  -------         PROC          _UART_SEND_BYTE
  D:0007H         SYMBOL        mydata
  C:3337H         LINE#         1045
  C:3337H         LINE#         1046
  C:3337H         LINE#         1048
  C:3339H         LINE#         1050
  C:333BH         LINE#         1051
  C:333EH         LINE#         1052
  C:3340H         LINE#         1055
  -------         ENDPROC       _UART_SEND_BYTE
  -------         PROC          DELAY50US
  -------         DO            
  D:0007H         SYMBOL        i
  D:0006H         SYMBOL        j
  -------         ENDDO         
  C:3341H         LINE#         1073
  C:3341H         LINE#         1074
  C:3341H         LINE#         1077
  C:3342H         LINE#         1078
  C:3344H         LINE#         1079
  C:3346H         LINE#         1081
  C:3346H         LINE#         1082
  C:3348H         LINE#         1083
  C:334AH         LINE#         1085
  -------         ENDPROC       DELAY50US
  C:2D6EH         SYMBOL        L?0483
  C:2D89H         SYMBOL        L?0484
  C:2D8BH         SYMBOL        L?0485
  -------         PROC          L?0482
  -------         ENDPROC       L?0482
  C:2D6EH         SYMBOL        L?0483
  C:2D89H         SYMBOL        L?0484
  C:2D8BH         SYMBOL        L?0485
  -------         PROC          _TM1722_WRITE_BYTE
  D:0005H         SYMBOL        dat
  -------         DO            
  D:0007H         SYMBOL        i
  -------         ENDDO         
  C:2D92H         LINE#         1097
  C:2D94H         LINE#         1098
  C:2D94H         LINE#         1101
  C:2D97H         LINE#         1102
  C:2D99H         LINE#         1103
  C:2D9BH         LINE#         1104
  C:2D9BH         LINE#         1105
  C:2D9DH         LINE#         1106
  C:2DA1H         LINE#         1107
  C:2DA3H         LINE#         1108
  C:2DA7H         LINE#         1109
  C:2DACH         LINE#         1110
  -------         ENDPROC       _TM1722_WRITE_BYTE
  -------         PROC          _TM1722_WRITE_WORD
BL51 BANKED LINKER/LOCATER V6.00                                                      02/12/2023  10:36:02  PAGE 21


  D:0002H         SYMBOL        num_addr
  D:0005H         SYMBOL        num
  -------         DO            
  X:0297H         SYMBOL        temp1
  D:0004H         SYMBOL        temp2
  D:0001H         SYMBOL        addr1
  D:0003H         SYMBOL        addr2
  C:28F9H         SYMBOL        next_num1
  -------         ENDDO         
  C:2873H         LINE#         1123
  C:2875H         LINE#         1124
  C:2875H         LINE#         1129
  C:28A5H         LINE#         1130
  C:28BBH         LINE#         1131
  C:28D2H         LINE#         1135
  C:28D4H         LINE#         1136
  C:28D6H         LINE#         1137
  C:28D8H         LINE#         1138
  C:28DDH         LINE#         1139
  C:28DFH         LINE#         1140
  C:28E4H         LINE#         1141
  C:28E6H         LINE#         1143
  C:28EAH         LINE#         1145
  C:28EFH         LINE#         1146
  C:28F7H         LINE#         1147
  C:28F9H         LINE#         1149
  C:28FAH         LINE#         1151
  C:28FFH         LINE#         1152
  C:2901H         LINE#         1153
  C:2901H         LINE#         1155
  C:2904H         LINE#         1156
  C:2906H         LINE#         1158
  -------         ENDPROC       _TM1722_WRITE_WORD
  C:2B3FH         SYMBOL        L?0504
  -------         PROC          L?0503
  -------         ENDPROC       L?0503
  C:2B3FH         SYMBOL        L?0504
  -------         PROC          _FAN_DIS
  D:0007H         SYMBOL        num
  C:2B43H         LINE#         1161
  C:2B43H         LINE#         1162
  C:2B43H         LINE#         1163
  C:2B4FH         LINE#         1164
  C:2B5EH         LINE#         1165
  C:2B6DH         LINE#         1166
  C:2B7CH         LINE#         1167
  C:2B8BH         LINE#         1168
  C:2B9AH         LINE#         1169
  C:2BA7H         LINE#         1171
  C:2BA9H         LINE#         1172
  C:2BABH         LINE#         1173
  C:2BADH         LINE#         1174
  C:2BB2H         LINE#         1175
  C:2BB4H         LINE#         1176
  C:2BB9H         LINE#         1177
  C:2BBBH         LINE#         1180
  C:2BC0H         LINE#         1181
BL51 BANKED LINKER/LOCATER V6.00                                                      02/12/2023  10:36:02  PAGE 22


  C:2BC2H         LINE#         1182
  C:2BC2H         LINE#         1184
  C:2BC5H         LINE#         1185
  C:2BC7H         LINE#         1187
  -------         ENDPROC       _FAN_DIS
  -------         PROC          _LCD_CLEAR
  D:0007H         SYMBOL        dat
  C:2AB4H         LINE#         1197
  C:2AB4H         LINE#         1198
  C:2AB4H         LINE#         1200
  C:2AB8H         LINE#         1201
  C:2ABBH         LINE#         1202
  C:2ABEH         LINE#         1203
  C:2AC2H         LINE#         1204
  C:2AC5H         LINE#         1205
  C:2AC9H         LINE#         1206
  C:2ACDH         LINE#         1208
  C:2ACFH         LINE#         1209
  C:2AD1H         LINE#         1210
  C:2AD3H         LINE#         1211
  C:2AD8H         LINE#         1212
  C:2ADAH         LINE#         1213
  C:2ADFH         LINE#         1214
  C:2AE1H         LINE#         1217
  C:2AE6H         LINE#         1218
  C:2AEDH         LINE#         1219
  C:2AEFH         LINE#         1221
  C:2AF4H         LINE#         1222
  C:2AFAH         LINE#         1223
  C:2AFCH         LINE#         1225
  C:2B01H         LINE#         1226
  C:2B07H         LINE#         1227
  C:2B09H         LINE#         1229
  C:2B0EH         LINE#         1230
  C:2B15H         LINE#         1231
  C:2B17H         LINE#         1234
  C:2B1CH         LINE#         1235
  C:2B22H         LINE#         1236
  C:2B24H         LINE#         1238
  C:2B29H         LINE#         1239
  C:2B30H         LINE#         1240
  C:2B32H         LINE#         1242
  C:2B37H         LINE#         1243
  C:2B39H         LINE#         1244
  C:2B39H         LINE#         1246
  C:2B3CH         LINE#         1247
  C:2B3EH         LINE#         1249
  -------         ENDPROC       _LCD_CLEAR
  C:2686H         SYMBOL        L?0487
  C:268AH         SYMBOL        L?0488
  C:268DH         SYMBOL        L?0489
  C:2690H         SYMBOL        L?0490
  -------         PROC          L?0486
  -------         ENDPROC       L?0486
  C:2686H         SYMBOL        L?0487
  C:268AH         SYMBOL        L?0488
  C:268DH         SYMBOL        L?0489
BL51 BANKED LINKER/LOCATER V6.00                                                      02/12/2023  10:36:02  PAGE 23


  C:2690H         SYMBOL        L?0490
  -------         PROC          DIS1
  B:0023H.1       SYMBOL        sss
  X:0292H         SYMBOL        ss
  -------         DO            
  X:0294H         SYMBOL        a1
  X:0295H         SYMBOL        a2
  X:0296H         SYMBOL        a3
  -------         ENDDO         
  C:2694H         LINE#         1253
  C:2694H         LINE#         1254
  C:2694H         LINE#         1256
  C:269AH         LINE#         1257
  C:269AH         LINE#         1258
  C:26BCH         LINE#         1259
  C:26D7H         LINE#         1260
  C:26EBH         LINE#         1262
  C:26F5H         LINE#         1263
  C:26FFH         LINE#         1265
  C:270DH         LINE#         1266
  C:2717H         LINE#         1268
  C:271CH         LINE#         1270
  C:271EH         LINE#         1272
  C:271EH         LINE#         1273
  C:2725H         LINE#         1274
  C:272CH         LINE#         1275
  C:2733H         LINE#         1277
  C:2733H         LINE#         1279
  -------         ENDPROC       DIS1
  -------         PROC          L?0505
  -------         ENDPROC       L?0505
  -------         PROC          TEMP_DIS
  B:0023H.1       SYMBOL        on_off
  C:2DB5H         LINE#         1285
  C:2DB5H         LINE#         1286
  C:2DB5H         LINE#         1287
  C:2DC0H         LINE#         1288
  C:2DC3H         LINE#         1290
  C:2DC5H         LINE#         1291
  C:2DC7H         LINE#         1292
  C:2DC9H         LINE#         1293
  C:2DCEH         LINE#         1294
  C:2DD0H         LINE#         1295
  C:2DD5H         LINE#         1296
  C:2DD7H         LINE#         1298
  C:2DDCH         LINE#         1299
  C:2DDEH         LINE#         1300
  C:2DDEH         LINE#         1303
  C:2DE1H         LINE#         1304
  C:2DE3H         LINE#         1305
  -------         ENDPROC       TEMP_DIS
  C:3144H         SYMBOL        L?0494
  -------         PROC          L?0493
  -------         ENDPROC       L?0493
  C:3144H         SYMBOL        L?0494
  -------         PROC          HOT_DIS
  B:0023H.1       SYMBOL        on_off
BL51 BANKED LINKER/LOCATER V6.00                                                      02/12/2023  10:36:02  PAGE 24


  C:3152H         LINE#         1309
  C:3152H         LINE#         1310
  C:3152H         LINE#         1311
  C:315DH         LINE#         1312
  C:3160H         LINE#         1314
  C:3160H         LINE#         1315
  C:3160H         LINE#         1316
  C:3160H         LINE#         1317
  C:3160H         LINE#         1318
  C:3160H         LINE#         1319
  C:3160H         LINE#         1320
  C:3160H         LINE#         1322
  C:3160H         LINE#         1323
  C:3160H         LINE#         1324
  C:3160H         LINE#         1327
  C:3163H         LINE#         1328
  C:3165H         LINE#         1329
  -------         ENDPROC       HOT_DIS
  -------         PROC          HOT1_DIS
  B:0023H.1       SYMBOL        on_off
  C:3266H         LINE#         1333
  C:3266H         LINE#         1334
  C:3266H         LINE#         1335
  C:3271H         LINE#         1336
  C:3274H         LINE#         1338
  C:3274H         LINE#         1339
  C:3274H         LINE#         1340
  C:3274H         LINE#         1341
  C:3274H         LINE#         1342
  C:3274H         LINE#         1343
  C:3274H         LINE#         1344
  C:3274H         LINE#         1346
  C:3274H         LINE#         1347
  C:3274H         LINE#         1348
  C:3274H         LINE#         1351
  C:3277H         LINE#         1352
  C:3279H         LINE#         1353
  -------         ENDPROC       HOT1_DIS
  -------         PROC          HOT2_DIS
  B:0023H.1       SYMBOL        on_off
  C:327AH         LINE#         1359
  C:327AH         LINE#         1360
  C:327AH         LINE#         1361
  C:3285H         LINE#         1362
  C:3288H         LINE#         1364
  C:3288H         LINE#         1365
  C:3288H         LINE#         1366
  C:3288H         LINE#         1367
  C:3288H         LINE#         1368
  C:3288H         LINE#         1369
  C:3288H         LINE#         1370
  C:3288H         LINE#         1372
  C:3288H         LINE#         1373
  C:3288H         LINE#         1374
  C:3288H         LINE#         1377
  C:328BH         LINE#         1378
  C:328DH         LINE#         1379
BL51 BANKED LINKER/LOCATER V6.00                                                      02/12/2023  10:36:02  PAGE 25


  -------         ENDPROC       HOT2_DIS
  -------         PROC          HOT3_DIS
  B:0023H.1       SYMBOL        on_off
  C:328EH         LINE#         1384
  C:328EH         LINE#         1385
  C:328EH         LINE#         1386
  C:3299H         LINE#         1387
  C:329CH         LINE#         1389
  C:329CH         LINE#         1390
  C:329CH         LINE#         1391
  C:329CH         LINE#         1392
  C:329CH         LINE#         1393
  C:329CH         LINE#         1394
  C:329CH         LINE#         1395
  C:329CH         LINE#         1397
  C:329CH         LINE#         1398
  C:329CH         LINE#         1399
  C:329CH         LINE#         1402
  C:329FH         LINE#         1403
  C:32A1H         LINE#         1404
  -------         ENDPROC       HOT3_DIS
  -------         PROC          H1_DIS
  B:0023H.1       SYMBOL        on_off
  C:2E16H         LINE#         1410
  C:2E16H         LINE#         1411
  C:2E16H         LINE#         1412
  C:2E21H         LINE#         1413
  C:2E24H         LINE#         1415
  C:2E26H         LINE#         1416
  C:2E28H         LINE#         1417
  C:2E2AH         LINE#         1418
  C:2E2FH         LINE#         1419
  C:2E31H         LINE#         1420
  C:2E36H         LINE#         1421
  C:2E38H         LINE#         1423
  C:2E3DH         LINE#         1424
  C:2E3FH         LINE#         1425
  C:2E3FH         LINE#         1428
  C:2E42H         LINE#         1429
  C:2E44H         LINE#         1430
  -------         ENDPROC       H1_DIS
  -------         PROC          H2_DIS
  B:0023H.1       SYMBOL        on_off
  C:2E45H         LINE#         1433
  C:2E45H         LINE#         1434
  C:2E45H         LINE#         1435
  C:2E50H         LINE#         1436
  C:2E53H         LINE#         1438
  C:2E55H         LINE#         1439
  C:2E57H         LINE#         1440
  C:2E59H         LINE#         1441
  C:2E5EH         LINE#         1442
  C:2E60H         LINE#         1443
  C:2E65H         LINE#         1444
  C:2E67H         LINE#         1446
  C:2E6CH         LINE#         1447
  C:2E6EH         LINE#         1448
BL51 BANKED LINKER/LOCATER V6.00                                                      02/12/2023  10:36:02  PAGE 26


  C:2E6EH         LINE#         1451
  C:2E71H         LINE#         1452
  C:2E73H         LINE#         1453
  -------         ENDPROC       H2_DIS
  -------         PROC          H3_DIS
  B:0023H.1       SYMBOL        on_off
  C:2E74H         LINE#         1459
  C:2E74H         LINE#         1460
  C:2E74H         LINE#         1461
  C:2E7FH         LINE#         1462
  C:2E82H         LINE#         1464
  C:2E84H         LINE#         1465
  C:2E86H         LINE#         1466
  C:2E88H         LINE#         1467
  C:2E8DH         LINE#         1468
  C:2E8FH         LINE#         1469
  C:2E94H         LINE#         1470
  C:2E96H         LINE#         1472
  C:2E9BH         LINE#         1473
  C:2E9DH         LINE#         1474
  C:2E9DH         LINE#         1477
  C:2EA0H         LINE#         1478
  C:2EA2H         LINE#         1479
  -------         ENDPROC       H3_DIS
  -------         PROC          TB_DIS
  B:0023H.1       SYMBOL        on_off
  C:2EA3H         LINE#         1483
  C:2EA3H         LINE#         1484
  C:2EA3H         LINE#         1485
  C:2EAEH         LINE#         1486
  C:2EB1H         LINE#         1488
  C:2EB3H         LINE#         1489
  C:2EB5H         LINE#         1490
  C:2EB7H         LINE#         1491
  C:2EBCH         LINE#         1492
  C:2EBEH         LINE#         1493
  C:2EC3H         LINE#         1494
  C:2EC5H         LINE#         1496
  C:2ECAH         LINE#         1497
  C:2ECCH         LINE#         1498
  C:2ECCH         LINE#         1501
  C:2ECFH         LINE#         1502
  C:2ED1H         LINE#         1503
  -------         ENDPROC       TB_DIS
  -------         PROC          JG_DIS
  B:0023H.1       SYMBOL        on_off
  C:2ED2H         LINE#         1511
  C:2ED2H         LINE#         1512
  C:2ED2H         LINE#         1513
  C:2EDDH         LINE#         1514
  C:2EE0H         LINE#         1516
  C:2EE2H         LINE#         1517
  C:2EE4H         LINE#         1518
  C:2EE6H         LINE#         1519
  C:2EEBH         LINE#         1520
  C:2EEDH         LINE#         1521
  C:2EF2H         LINE#         1522
BL51 BANKED LINKER/LOCATER V6.00                                                      02/12/2023  10:36:02  PAGE 27


  C:2EF4H         LINE#         1524
  C:2EF9H         LINE#         1525
  C:2EFBH         LINE#         1526
  C:2EFBH         LINE#         1529
  C:2EFEH         LINE#         1530
  C:2F00H         LINE#         1531
  -------         ENDPROC       JG_DIS
  -------         PROC          MODE_DIS
  B:0023H.1       SYMBOL        on_off
  C:2F01H         LINE#         1538
  C:2F01H         LINE#         1539
  C:2F01H         LINE#         1540
  C:2F0CH         LINE#         1541
  C:2F0FH         LINE#         1543
  C:2F11H         LINE#         1544
  C:2F13H         LINE#         1545
  C:2F15H         LINE#         1546
  C:2F1AH         LINE#         1547
  C:2F1CH         LINE#         1548
  C:2F21H         LINE#         1549
  C:2F23H         LINE#         1551
  C:2F28H         LINE#         1552
  C:2F2AH         LINE#         1553
  C:2F2AH         LINE#         1556
  C:2F2DH         LINE#         1557
  C:2F2FH         LINE#         1558
  -------         ENDPROC       MODE_DIS
  -------         PROC          BF_DIS
  B:0023H.1       SYMBOL        on_off
  C:2F30H         LINE#         1567
  C:2F30H         LINE#         1568
  C:2F30H         LINE#         1569
  C:2F3BH         LINE#         1570
  C:2F3EH         LINE#         1572
  C:2F40H         LINE#         1573
  C:2F42H         LINE#         1574
  C:2F44H         LINE#         1575
  C:2F49H         LINE#         1576
  C:2F4BH         LINE#         1577
  C:2F50H         LINE#         1578
  C:2F52H         LINE#         1580
  C:2F57H         LINE#         1581
  C:2F59H         LINE#         1582
  C:2F59H         LINE#         1585
  C:2F5CH         LINE#         1586
  C:2F5EH         LINE#         1587
  -------         ENDPROC       BF_DIS
  -------         PROC          SET_DIS
  B:0024H.2       SYMBOL        on_off
  C:2F5FH         LINE#         1593
  C:2F5FH         LINE#         1594
  C:2F5FH         LINE#         1595
  C:2F6AH         LINE#         1596
  C:2F6DH         LINE#         1598
  C:2F6FH         LINE#         1599
  C:2F71H         LINE#         1600
  C:2F73H         LINE#         1601
BL51 BANKED LINKER/LOCATER V6.00                                                      02/12/2023  10:36:02  PAGE 28


  C:2F78H         LINE#         1602
  C:2F7AH         LINE#         1603
  C:2F7FH         LINE#         1604
  C:2F81H         LINE#         1606
  C:2F86H         LINE#         1607
  C:2F88H         LINE#         1608
  C:2F88H         LINE#         1611
  C:2F8BH         LINE#         1612
  C:2F8DH         LINE#         1613
  -------         ENDPROC       SET_DIS
  -------         PROC          CUR_DIS
  B:0024H.3       SYMBOL        on_off
  C:2F8EH         LINE#         1617
  C:2F8EH         LINE#         1618
  C:2F8EH         LINE#         1619
  C:2F99H         LINE#         1620
  C:2F9CH         LINE#         1622
  C:2F9EH         LINE#         1623
  C:2FA0H         LINE#         1624
  C:2FA2H         LINE#         1625
  C:2FA7H         LINE#         1626
  C:2FA9H         LINE#         1627
  C:2FAEH         LINE#         1628
  C:2FB0H         LINE#         1630
  C:2FB5H         LINE#         1631
  C:2FB7H         LINE#         1632
  C:2FB7H         LINE#         1635
  C:2FBAH         LINE#         1636
  C:2FBCH         LINE#         1637
  -------         ENDPROC       CUR_DIS
  -------         PROC          F_DIS
  B:0024H.4       SYMBOL        on_off
  C:32A2H         LINE#         1642
  C:32A2H         LINE#         1643
  C:32A2H         LINE#         1644
  C:32ADH         LINE#         1645
  C:32B0H         LINE#         1647
  C:32B0H         LINE#         1648
  C:32B0H         LINE#         1649
  C:32B0H         LINE#         1650
  C:32B0H         LINE#         1651
  C:32B0H         LINE#         1652
  C:32B0H         LINE#         1653
  C:32B0H         LINE#         1655
  C:32B0H         LINE#         1656
  C:32B0H         LINE#         1657
  C:32B0H         LINE#         1660
  C:32B3H         LINE#         1661
  C:32B5H         LINE#         1662
  -------         ENDPROC       F_DIS
  -------         PROC          M_DIS
  B:0024H.5       SYMBOL        on_off
  C:32B6H         LINE#         1668
  C:32B6H         LINE#         1669
  C:32B6H         LINE#         1670
  C:32C1H         LINE#         1671
  C:32C4H         LINE#         1673
BL51 BANKED LINKER/LOCATER V6.00                                                      02/12/2023  10:36:02  PAGE 29


  C:32C4H         LINE#         1674
  C:32C4H         LINE#         1675
  C:32C4H         LINE#         1676
  C:32C4H         LINE#         1677
  C:32C4H         LINE#         1678
  C:32C4H         LINE#         1679
  C:32C4H         LINE#         1681
  C:32C4H         LINE#         1682
  C:32C4H         LINE#         1683
  C:32C4H         LINE#         1686
  C:32C7H         LINE#         1687
  C:32C9H         LINE#         1688
  -------         ENDPROC       M_DIS
  -------         PROC          R_DIS
  B:0024H.6       SYMBOL        on_off
  C:32CAH         LINE#         1693
  C:32CAH         LINE#         1694
  C:32CAH         LINE#         1695
  C:32D5H         LINE#         1696
  C:32D8H         LINE#         1698
  C:32D8H         LINE#         1699
  C:32D8H         LINE#         1700
  C:32D8H         LINE#         1701
  C:32D8H         LINE#         1702
  C:32D8H         LINE#         1703
  C:32D8H         LINE#         1704
  C:32D8H         LINE#         1706
  C:32D8H         LINE#         1707
  C:32D8H         LINE#         1708
  C:32D8H         LINE#         1711
  C:32DBH         LINE#         1712
  C:32DDH         LINE#         1713
  -------         ENDPROC       R_DIS
  -------         PROC          P1_DIS
  B:0024H.7       SYMBOL        on_off
  C:2FBDH         LINE#         1718
  C:2FBDH         LINE#         1719
  C:2FBDH         LINE#         1720
  C:2FC8H         LINE#         1721
  C:2FCBH         LINE#         1723
  C:2FCDH         LINE#         1724
  C:2FCFH         LINE#         1725
  C:2FD1H         LINE#         1726
  C:2FD6H         LINE#         1727
  C:2FD8H         LINE#         1728
  C:2FDDH         LINE#         1729
  C:2FDFH         LINE#         1731
  C:2FE4H         LINE#         1732
  C:2FE6H         LINE#         1733
  C:2FE6H         LINE#         1736
  C:2FE9H         LINE#         1737
  C:2FEBH         LINE#         1738
  -------         ENDPROC       P1_DIS
  -------         PROC          P2_DIS
  B:0025H.0       SYMBOL        on_off
  C:2FECH         LINE#         1743
  C:2FECH         LINE#         1744
BL51 BANKED LINKER/LOCATER V6.00                                                      02/12/2023  10:36:02  PAGE 30


  C:2FECH         LINE#         1745
  C:2FF7H         LINE#         1746
  C:2FFAH         LINE#         1748
  C:2FFCH         LINE#         1749
  C:2FFEH         LINE#         1750
  C:3000H         LINE#         1751
  C:3005H         LINE#         1752
  C:3007H         LINE#         1753
  C:300CH         LINE#         1754
  C:300EH         LINE#         1756
  C:3013H         LINE#         1757
  C:3015H         LINE#         1758
  C:3015H         LINE#         1761
  C:3018H         LINE#         1762
  C:301AH         LINE#         1763
  -------         ENDPROC       P2_DIS
  -------         PROC          S13_DIS
  B:0023H.1       SYMBOL        on_off
  C:32DEH         LINE#         1768
  C:32DEH         LINE#         1769
  C:32DEH         LINE#         1770
  C:32E9H         LINE#         1771
  C:32ECH         LINE#         1773
  C:32ECH         LINE#         1774
  C:32ECH         LINE#         1775
  C:32ECH         LINE#         1776
  C:32ECH         LINE#         1777
  C:32ECH         LINE#         1778
  C:32ECH         LINE#         1779
  C:32ECH         LINE#         1781
  C:32ECH         LINE#         1782
  C:32ECH         LINE#         1783
  C:32ECH         LINE#         1786
  C:32EFH         LINE#         1787
  C:32F1H         LINE#         1788
  -------         ENDPROC       S13_DIS
  -------         PROC          S14_DIS
  B:0023H.1       SYMBOL        on_off
  C:301BH         LINE#         1793
  C:301BH         LINE#         1794
  C:301BH         LINE#         1795
  C:3026H         LINE#         1796
  C:3029H         LINE#         1798
  C:302BH         LINE#         1799
  C:302DH         LINE#         1800
  C:302FH         LINE#         1801
  C:3034H         LINE#         1802
  C:3036H         LINE#         1803
  C:303BH         LINE#         1804
  C:303DH         LINE#         1806
  C:3042H         LINE#         1807
  C:3044H         LINE#         1808
  C:3044H         LINE#         1811
  C:3047H         LINE#         1812
  C:3049H         LINE#         1813
  -------         ENDPROC       S14_DIS
  -------         PROC          S15_DIS
BL51 BANKED LINKER/LOCATER V6.00                                                      02/12/2023  10:36:02  PAGE 31


  B:0023H.1       SYMBOL        on_off
  C:304AH         LINE#         1816
  C:304AH         LINE#         1817
  C:304AH         LINE#         1818
  C:3055H         LINE#         1819
  C:3058H         LINE#         1821
  C:305AH         LINE#         1822
  C:305CH         LINE#         1823
  C:305EH         LINE#         1824
  C:3063H         LINE#         1825
  C:3065H         LINE#         1826
  C:306AH         LINE#         1827
  C:306CH         LINE#         1829
  C:3071H         LINE#         1830
  C:3073H         LINE#         1831
  C:3073H         LINE#         1834
  C:3076H         LINE#         1835
  C:3078H         LINE#         1836
  -------         ENDPROC       S15_DIS
  -------         PROC          _HOT_SELECT
  D:0007H         SYMBOL        dd
  C:21BFH         LINE#         1843
  C:21BFH         LINE#         1844
  C:21BFH         LINE#         1845
  C:21ECH         LINE#         1846
  C:21ECH         LINE#         1847
  C:2204H         LINE#         1848
  C:221CH         LINE#         1849
  C:222FH         LINE#         1850
  C:2242H         LINE#         1851
  C:225AH         LINE#         1852
  C:2277H         LINE#         1853
  C:2295H         LINE#         1854
  C:2295H         LINE#         1857
  -------         ENDPROC       _HOT_SELECT
  -------         PROC          MODE_CHOSE
  C:2CD5H         LINE#         1864
  C:2CD5H         LINE#         1865
  C:2CD5H         LINE#         1866
  C:2CD8H         LINE#         1868
  C:2CDDH         LINE#         1871
  C:2CF5H         LINE#         1874
  C:2CF8H         LINE#         1875
  C:2CFDH         LINE#         1877
  C:2D00H         LINE#         1879
  C:2D07H         LINE#         1881
  C:2D16H         LINE#         1883
  C:2D1BH         LINE#         1884
  C:2D20H         LINE#         1885
  -------         ENDPROC       MODE_CHOSE
  -------         PROC          _PWM_SET
  D:0006H         SYMBOL        pwmdata
  C:3301H         LINE#         1892
  C:3301H         LINE#         1893
  C:3301H         LINE#         1895
  C:3304H         LINE#         1896
  C:330CH         LINE#         1898
BL51 BANKED LINKER/LOCATER V6.00                                                      02/12/2023  10:36:02  PAGE 32


  C:330FH         LINE#         1900
  -------         ENDPROC       _PWM_SET
  -------         PROC          FAN_RUN
  C:334BH         LINE#         1905
  C:334BH         LINE#         1906
  C:334BH         LINE#         1907
  C:334EH         LINE#         1908
  C:3351H         LINE#         1909
  C:3354H         LINE#         1911
  -------         ENDPROC       FAN_RUN
  -------         PROC          FAN_STOP
  C:3210H         LINE#         1917
  C:3210H         LINE#         1918
  C:3210H         LINE#         1919
  C:3217H         LINE#         1920
  C:321AH         LINE#         1921
  C:321DH         LINE#         1922
  C:3220H         LINE#         1923
  C:3226H         LINE#         1925
  -------         ENDPROC       FAN_STOP
  C:2907H         SYMBOL        L?0502
  -------         PROC          L?0501
  -------         ENDPROC       L?0501
  C:2907H         SYMBOL        L?0502
  -------         PROC          _FAN_RUN_STOP
  D:0007H         SYMBOL        dd
  C:290BH         LINE#         1931
  C:290BH         LINE#         1932
  C:290BH         LINE#         1933
  C:2930H         LINE#         1934
  C:2930H         LINE#         1935
  C:2936H         LINE#         1937
  C:2946H         LINE#         1939
  C:2956H         LINE#         1941
  C:2966H         LINE#         1943
  C:2976H         LINE#         1945
  C:2986H         LINE#         1947
  C:2999H         LINE#         1949
  C:2999H         LINE#         1951
  -------         ENDPROC       _FAN_RUN_STOP
  -------         PROC          _SEND_BUFFER
  X:02B4H         SYMBOL        buf
  D:0004H         SYMBOL        len
  C:2DE4H         LINE#         1956
  C:2DEFH         LINE#         1957
  C:2DEFH         LINE#         1958
  C:2DF9H         LINE#         1960
  C:2E0EH         LINE#         1961
  C:2E11H         LINE#         1962
  C:2E13H         LINE#         1963
  C:2E15H         LINE#         1964
  -------         ENDPROC       _SEND_BUFFER
  -------         PROC          UART
  C:2C7EH         LINE#         1970
  C:2C89H         LINE#         1972
  C:2C8CH         LINE#         1973
  C:2C8EH         LINE#         1974
BL51 BANKED LINKER/LOCATER V6.00                                                      02/12/2023  10:36:02  PAGE 33


  C:2C93H         LINE#         1975
  C:2CA6H         LINE#         1976
  C:2CBEH         LINE#         1977
  C:2CCCH         LINE#         1978
  C:2CCCH         LINE#         1980
  -------         ENDPROC       UART
  -------         PROC          TIME_INSET
  C:3166H         LINE#         1984
  C:3166H         LINE#         1985
  C:3166H         LINE#         1986
  C:317FH         LINE#         1987
  C:3186H         LINE#         1988
  -------         ENDPROC       TIME_INSET
  -------         PROC          EXINT0
  C:30FCH         LINE#         1992
  C:3103H         LINE#         1994
  C:3109H         LINE#         1995
  C:3111H         LINE#         1996
  C:3114H         LINE#         1997
  C:3116H         LINE#         1998
  C:3118H         LINE#         1999
  C:311AH         LINE#         2000
  C:311CH         LINE#         2004
  -------         ENDPROC       EXINT0
  -------         PROC          TM0_ISR
  C:299AH         LINE#         2008
  C:29ABH         LINE#         2010
  C:29AEH         LINE#         2011
  C:29DAH         LINE#         2012
  C:29DAH         LINE#         2013
  C:29DEH         LINE#         2014
  C:29E4H         LINE#         2015
  C:29E8H         LINE#         2016
  C:29EEH         LINE#         2017
  C:29F4H         LINE#         2018
  C:29F8H         LINE#         2019
  C:29FAH         LINE#         2021
  C:29FAH         LINE#         2023
  C:29FCH         LINE#         2024
  C:2A04H         LINE#         2025
  C:2A07H         LINE#         2026
  C:2A09H         LINE#         2027
  C:2A0BH         LINE#         2028
  C:2A0DH         LINE#         2030
  C:2A0FH         LINE#         2031
  C:2A19H         LINE#         2032
  -------         ENDPROC       TM0_ISR
  -------         PROC          T3INT
  C:20D8H         LINE#         2050
  C:20DFH         LINE#         2053
  C:20F2H         LINE#         2054
  C:20F2H         LINE#         2055
  C:2100H         LINE#         2056
  C:2104H         LINE#         2057
  C:2104H         LINE#         2058
  C:2104H         LINE#         2062
  C:210BH         LINE#         2064
BL51 BANKED LINKER/LOCATER V6.00                                                      02/12/2023  10:36:02  PAGE 34


  C:210EH         LINE#         2065
  C:210EH         LINE#         2066
  C:2111H         LINE#         2067
  C:2117H         LINE#         2068
  C:2117H         LINE#         2069
  C:2119H         LINE#         2070
  C:211BH         LINE#         2071
  C:2129H         LINE#         2073
[...]


  X:02A3H         SYMBOL        start_address
  X:02A5H         SYMBOL        count
  X:02A7H         SYMBOL        crc
  X:02A9H         SYMBOL        send_total_count
  -------         ENDDO         
  C:0B45H         LINE#         228
  C:0B56H         LINE#         229
  C:0B56H         LINE#         230
  C:0B5BH         LINE#         231
  C:0B5DH         LINE#         232
  C:0B61H         LINE#         233
  C:0B65H         LINE#         234
  C:0B69H         LINE#         235
  C:0B6DH         LINE#         238
  C:0B85H         LINE#         239
  C:0B99H         LINE#         240
  C:0BA6H         LINE#         241
  C:0BBAH         LINE#         242
  C:0BC6H         LINE#         249
  C:0BDCH         LINE#         250
  C:0BE2H         LINE#         251
  C:0BEAH         LINE#         252
  C:0BEEH         LINE#         253
  C:0BEEH         LINE#         258
  C:0C05H         LINE#         259
  C:0C13H         LINE#         260
  C:0C1AH         LINE#         261
  C:0C2CH         LINE#         262
  C:0C36H         LINE#         263
  C:0C3EH         LINE#         264
  C:0C58H         LINE#         265
  C:0C58H         LINE#         266
  C:0C69H         LINE#         268
  C:0C8DH         LINE#         269
  C:0CB1H         LINE#         271
  C:0CD5H         LINE#         272
  C:0CF9H         LINE#         273
  C:0D1DH         LINE#         274
  C:0D41H         LINE#         276
  C:0D65H         LINE#         277
  C:0D89H         LINE#         278
  C:0D8CH         LINE#         279
  C:0D97H         LINE#         280
  C:0DA4H         LINE#         281
  C:0DBCH         LINE#         282
  C:0DD5H         LINE#         283
  C:0DE3H         LINE#         284
  C:0DECH         LINE#         285
  C:0DEEH         LINE#         287
  C:0E11H         LINE#         288
  C:0E19H         LINE#         289
  -------         ENDPROC       _FUNCTION_READ_HOLDING_REGISTERS_3
  -------         PROC          _FUNCTION_READ_INPUT_REGISTERS_4
  X:029BH         SYMBOL        buf
  X:029EH         SYMBOL        len
  -------         DO            
  X:02A0H         SYMBOL        ret
BL51 BANKED LINKER/LOCATER V6.00                                                      02/12/2023  10:36:02  PAGE 45


  X:02A2H         SYMBOL        out_count
  X:02A3H         SYMBOL        start_address
  X:02A5H         SYMBOL        count
  X:02A7H         SYMBOL        crc
  X:02A9H         SYMBOL        send_total_count
  -------         ENDDO         
  C:0E1AH         LINE#         292
  C:0E2BH         LINE#         293
  C:0E2BH         LINE#         294
  C:0E30H         LINE#         295
  C:0E32H         LINE#         296
  C:0E36H         LINE#         297
  C:0E3AH         LINE#         298
  C:0E3EH         LINE#         299
  C:0E42H         LINE#         302
  C:0E5AH         LINE#         303
  C:0E6EH         LINE#         304
  C:0E7BH         LINE#         305
  C:0E8FH         LINE#         306
  C:0E9BH         LINE#         313
  C:0EB1H         LINE#         314
  C:0EB7H         LINE#         315
  C:0EBFH         LINE#         316
  C:0EC3H         LINE#         317
  C:0EC3H         LINE#         323
  C:0ECAH         LINE#         324
  C:0EDCH         LINE#         325
  C:0EE6H         LINE#         326
  C:0EEEH         LINE#         327
  C:0F08H         LINE#         328
  C:0F08H         LINE#         329
  C:0F19H         LINE#         331
  C:0F3DH         LINE#         332
  C:0F61H         LINE#         334
  C:0F85H         LINE#         335
  C:0FA9H         LINE#         336
  C:0FCDH         LINE#         337
  C:0FF1H         LINE#         339
  C:1015H         LINE#         340
  C:1039H         LINE#         341
  C:103CH         LINE#         342
  C:1047H         LINE#         343
  C:1054H         LINE#         344
  C:106CH         LINE#         345
  C:1085H         LINE#         346
  C:1093H         LINE#         347
  C:109CH         LINE#         348
  C:109EH         LINE#         370
  C:10C1H         LINE#         371
  C:10C9H         LINE#         372
  -------         ENDPROC       _FUNCTION_READ_INPUT_REGISTERS_4
  -------         PROC          _FUNCTION_WRITE_SINGLE_COIL_5
  X:029BH         SYMBOL        buf
  X:029EH         SYMBOL        len
  -------         DO            
  X:02A0H         SYMBOL        ret
  X:02A2H         SYMBOL        start_address
BL51 BANKED LINKER/LOCATER V6.00                                                      02/12/2023  10:36:02  PAGE 46


  X:02A4H         SYMBOL        value
  -------         ENDDO         
  C:2296H         LINE#         375
  C:22A7H         LINE#         376
  C:22A7H         LINE#         377
  C:22ADH         LINE#         378
  C:22B2H         LINE#         379
  C:22B6H         LINE#         382
  C:22CEH         LINE#         383
  C:22E2H         LINE#         384
  C:22EFH         LINE#         385
  C:2303H         LINE#         392
  C:2312H         LINE#         393
  C:2315H         LINE#         394
  C:2315H         LINE#         395
  C:2317H         LINE#         396
  C:2317H         LINE#         407
  C:232FH         LINE#         408
  C:2340H         LINE#         409
  C:2342H         LINE#         410
  C:235AH         LINE#         411
  C:235AH         LINE#         412
  C:2362H         LINE#         415
  C:2365H         LINE#         416
  -------         ENDPROC       _FUNCTION_WRITE_SINGLE_COIL_5
  -------         PROC          _FUNCTION_WRITE_SINGLE_REGISTER_6
  X:029BH         SYMBOL        buf
  X:029EH         SYMBOL        len
  -------         DO            
  X:02A0H         SYMBOL        ret
  X:02A2H         SYMBOL        start_address
  D:0006H         SYMBOL        value
  -------         ENDDO         
  C:1FE2H         LINE#         419
  C:1FF3H         LINE#         420
  C:1FF3H         LINE#         421
  C:1FF9H         LINE#         422
  C:1FFEH         LINE#         423
  C:1FFEH         LINE#         427
  C:2016H         LINE#         428
  C:202AH         LINE#         429
  C:2033H         LINE#         430
  C:203EH         LINE#         434
  C:204CH         LINE#         435
  C:2052H         LINE#         436
  C:2052H         LINE#         437
  C:2054H         LINE#         438
  C:2054H         LINE#         439
  C:206BH         LINE#         440
  C:206BH         LINE#         441
  C:2087H         LINE#         442
  C:208BH         LINE#         443
  C:208DH         LINE#         446
  C:2098H         LINE#         447
  C:2098H         LINE#         448
  C:209AH         LINE#         450
  C:20B1H         LINE#         451
BL51 BANKED LINKER/LOCATER V6.00                                                      02/12/2023  10:36:02  PAGE 47


  C:20B1H         LINE#         457
  C:20B1H         LINE#         461
  C:20CCH         LINE#         472
  C:20D4H         LINE#         474
  C:20D7H         LINE#         475
  -------         ENDPROC       _FUNCTION_WRITE_SINGLE_REGISTER_6
  -------         PROC          _FUNCTION_WRITE_MULTIPLE_COILS_F
  X:029BH         SYMBOL        buf
  X:029EH         SYMBOL        len
  -------         DO            
  X:02A0H         SYMBOL        ret
  X:02A2H         SYMBOL        crc
  X:02A4H         SYMBOL        start_address
  X:02A6H         SYMBOL        count
  X:02A8H         SYMBOL        localbufLength
  X:02A9H         SYMBOL        index
  -------         ENDDO         
  C:1724H         LINE#         486
  C:1735H         LINE#         487
  C:1735H         LINE#         488
  C:173BH         LINE#         489
  C:1740H         LINE#         490
  C:1744H         LINE#         491
  C:1748H         LINE#         492
  C:174AH         LINE#         493
  C:174CH         LINE#         497
  C:1764H         LINE#         498
  C:1778H         LINE#         499
  C:1785H         LINE#         500
  C:1799H         LINE#         507
  C:17AFH         LINE#         508
  C:17B5H         LINE#         509
  C:17B5H         LINE#         510
  C:17B8H         LINE#         511
  C:17B8H         LINE#         515
  C:17CDH         LINE#         516
  C:17DBH         LINE#         517
  C:1802H         LINE#         518
  C:180AH         LINE#         520
  C:1830H         LINE#         521
  C:1847H         LINE#         522
  C:1861H         LINE#         523
  C:1868H         LINE#         524
  C:186FH         LINE#         525
  C:1871H         LINE#         526
  C:1889H         LINE#         527
  C:1889H         LINE#         528
  C:1891H         LINE#         531
  C:1894H         LINE#         532
  -------         ENDPROC       _FUNCTION_WRITE_MULTIPLE_COILS_F
  -------         PROC          _FUNCTION_WRITE_MULTIPLE_REGISTERS_10
  X:029BH         SYMBOL        buf
  X:029EH         SYMBOL        len
  -------         DO            
  X:02A0H         SYMBOL        ret
  X:02A2H         SYMBOL        crc
  X:02A4H         SYMBOL        start_address
BL51 BANKED LINKER/LOCATER V6.00                                                      02/12/2023  10:36:02  PAGE 48


  D:0006H         SYMBOL        count
  X:02A6H         SYMBOL        localbufLength
  X:02A7H         SYMBOL        index
  -------         ENDDO         
  C:1EE5H         LINE#         541
  C:1EF6H         LINE#         542
  C:1EF6H         LINE#         543
  C:1EFCH         LINE#         544
  C:1F01H         LINE#         545
  C:1F05H         LINE#         546
  C:1F05H         LINE#         547
  C:1F07H         LINE#         548
  C:1F09H         LINE#         552
  C:1F21H         LINE#         553
  C:1F35H         LINE#         554
  C:1F3EH         LINE#         555
  C:1F49H         LINE#         562
  C:1F5BH         LINE#         563
  C:1F61H         LINE#         564
  C:1F61H         LINE#         565
  C:1F63H         LINE#         566
  C:1F63H         LINE#         569
  C:1F95H         LINE#         570
  C:1F95H         LINE#         571
  C:1F97H         LINE#         572
  C:1F97H         LINE#         582
  C:1FAEH         LINE#         583
  C:1FC8H         LINE#         584
  C:1FCFH         LINE#         585
  C:1FD6H         LINE#         589
  C:1FDEH         LINE#         592
  C:1FE1H         LINE#         593
  -------         ENDPROC       _FUNCTION_WRITE_MULTIPLE_REGISTERS_10
  -------         PROC          _FUNCTION_READ_WRITE_MULTIPLE_REGISTERS_17
  X:029BH         SYMBOL        buf
  X:029EH         SYMBOL        len
  -------         DO            
  X:02A0H         SYMBOL        ret
  X:02A2H         SYMBOL        crc
  D:0006H         SYMBOL        read_start_address
  X:02A4H         SYMBOL        write_start_address
  X:02A6H         SYMBOL        readCount
  X:02A8H         SYMBOL        writebytes
  X:02A9H         SYMBOL        writeCount
  X:02ABH         SYMBOL        localbufLength
  X:02ACH         SYMBOL        index
  X:02ADH         SYMBOL        send_total_count
  -------         ENDDO         
  C:10CAH         LINE#         602
  C:10DBH         LINE#         603
  C:10DBH         LINE#         604
  C:10E1H         LINE#         605
  C:10E6H         LINE#         606
  C:10E6H         LINE#         607
  C:10EAH         LINE#         608
  C:10EEH         LINE#         609
  C:10F0H         LINE#         610
BL51 BANKED LINKER/LOCATER V6.00                                                      02/12/2023  10:36:02  PAGE 49


  C:10F4H         LINE#         611
  C:10F6H         LINE#         612
  C:10F8H         LINE#         613
  C:10FCH         LINE#         617
  C:110DH         LINE#         618
  C:1113H         LINE#         619
  C:1120H         LINE#         620
  C:1134H         LINE#         622
  C:1141H         LINE#         623
  C:1155H         LINE#         624
  C:1162H         LINE#         625
  C:1176H         LINE#         627
  C:1180H         LINE#         630
  C:1199H         LINE#         631
  C:1199H         LINE#         632
  C:1199H         LINE#         633
  C:119BH         LINE#         634
  C:119BH         LINE#         635
  C:11B4H         LINE#         636
  C:11BAH         LINE#         637
  C:11BAH         LINE#         638
  C:11BDH         LINE#         639
  C:11BDH         LINE#         643
  C:11C5H         LINE#         644
  C:11D3H         LINE#         645
  C:11FAH         LINE#         646
  C:1202H         LINE#         648
  C:1228H         LINE#         649
  C:122FH         LINE#         650
  C:1241H         LINE#         651
  C:124BH         LINE#         652
  C:1254H         LINE#         653
  C:1262H         LINE#         654
  C:1275H         LINE#         655
  C:1283H         LINE#         656
  C:1296H         LINE#         657
  C:12A4H         LINE#         658
  C:12A6H         LINE#         659
  C:12B1H         LINE#         660
  C:12BEH         LINE#         661
  C:12D6H         LINE#         662
  C:12F1H         LINE#         663
  C:12FFH         LINE#         664
  C:1308H         LINE#         665
  C:130AH         LINE#         666
  C:1325H         LINE#         667
  C:1325H         LINE#         668
  C:132DH         LINE#         671
  C:1330H         LINE#         672
  -------         ENDPROC       _FUNCTION_READ_WRITE_MULTIPLE_REGISTERS_17
  -------         PROC          _NOT_SUPPORT_FUNCTION_CODE
  D:0007H         SYMBOL        address
  D:0005H         SYMBOL        function
  -------         DO            
  X:029BH         SYMBOL        ret
  -------         ENDDO         
  C:323DH         LINE#         677
BL51 BANKED LINKER/LOCATER V6.00                                                      02/12/2023  10:36:02  PAGE 50


  C:323DH         LINE#         678
  C:323DH         LINE#         679
  C:3244H         LINE#         680
  C:3249H         LINE#         683
  C:3251H         LINE#         684
  -------         ENDPROC       _NOT_SUPPORT_FUNCTION_CODE
  -------         PROC          _PARSE_RECV_BUFFER
  X:0292H         SYMBOL        buf
  X:0295H         SYMBOL        len
  -------         DO            
  X:0297H         SYMBOL        ret
  X:0299H         SYMBOL        temp_crc
  D:0006H         SYMBOL        temp_crc2
  -------         ENDDO         
  C:1531H         LINE#         689
  C:1542H         LINE#         690
  C:1542H         LINE#         691
  C:1547H         LINE#         692
  C:154BH         LINE#         693
  C:154DH         LINE#         698
  C:1559H         LINE#         699
  C:156AH         LINE#         701
  C:1583H         LINE#         703
  C:1583H         LINE#         704
  C:1585H         LINE#         705
  C:1585H         LINE#         706
  C:15A0H         LINE#         707
  C:15C2H         LINE#         708
  C:15D3H         LINE#         713
  C:15DFH         LINE#         715
  C:15E7H         LINE#         716
  C:15EBH         LINE#         717
  C:15EBH         LINE#         719
  C:15FBH         LINE#         720
  C:1606H         LINE#         721
  C:1606H         LINE#         724
  C:1639H         LINE#         725
  C:1647H         LINE#         726
  C:165EH         LINE#         727
  C:1675H         LINE#         728
  C:168CH         LINE#         729
  C:16A2H         LINE#         730
  C:16B8H         LINE#         731
  C:16CEH         LINE#         732
  C:16E4H         LINE#         733
  C:16FAH         LINE#         734
  C:171BH         LINE#         735
  C:171BH         LINE#         737
  C:1723H         LINE#         738
  -------         ENDPROC       _PARSE_RECV_BUFFER
  -------         ENDMOD        MODBUS

  -------         MODULE        CRC
  C:0000H         SYMBOL        _ICE_DUMMY_
  C:0026H         PUBLIC        _crc16
  C:1331H         SYMBOL        auchCRCHi
  C:1431H         SYMBOL        auchCRCLo
BL51 BANKED LINKER/LOCATER V6.00                                                      02/12/2023  10:36:02  PAGE 51


  -------         PROC          _CRC16
  X:02B4H         SYMBOL        msg
  X:02B7H         SYMBOL        DataLen
  -------         DO            
  X:02B9H         SYMBOL        usTemp
  D:0007H         SYMBOL        uchCRCHi
  D:0005H         SYMBOL        uchCRCLo
  D:0002H         SYMBOL        uIndex
  -------         ENDDO         
  C:0026H         LINE#         81
  C:0037H         LINE#         82
  C:0037H         LINE#         83
  C:003CH         LINE#         84
  C:003EH         LINE#         85
  C:0040H         LINE#         87
  C:004EH         LINE#         88
  C:0065H         LINE#         89
  C:006BH         LINE#         90
  C:0071H         LINE#         91
  C:0073H         LINE#         92
  C:007BH         LINE#         93
  C:0085H         LINE#         95
  C:008AH         LINE#         96
  -------         ENDPROC       _CRC16
  -------         ENDMOD        CRC

  -------         MODULE        ?C?CLDPTR
  C:1B6BH         PUBLIC        ?C?CLDPTR
  -------         ENDMOD        ?C?CLDPTR

  -------         MODULE        ?C?CLDOPTR
  C:1B84H         PUBLIC        ?C?CLDOPTR
  -------         ENDMOD        ?C?CLDOPTR

  -------         MODULE        ?C?CSTOPTR
  C:1BB1H         PUBLIC        ?C?CSTOPTR
  -------         ENDMOD        ?C?CSTOPTR

  -------         MODULE        ?C?IMUL
  C:1BD3H         PUBLIC        ?C?IMUL
  -------         ENDMOD        ?C?IMUL

  -------         MODULE        ?C?UIDIV
  C:1BE5H         PUBLIC        ?C?UIDIV
  -------         ENDMOD        ?C?UIDIV

  -------         MODULE        ?C?ILDIX
  C:1C3AH         PUBLIC        ?C?ILDIX
  -------         ENDMOD        ?C?ILDIX

  -------         MODULE        ?C?SLCMP
  C:1C50H         PUBLIC        ?C?SLCMP
  -------         ENDMOD        ?C?SLCMP

  -------         MODULE        ?C?OFFXADD
  C:1C66H         PUBLIC        ?C?OFFXADD
  -------         ENDMOD        ?C?OFFXADD
BL51 BANKED LINKER/LOCATER V6.00                                                      02/12/2023  10:36:02  PAGE 52



  -------         MODULE        ?C?CCASE
  C:1C72H         PUBLIC        ?C?CCASE
  -------         ENDMOD        ?C?CCASE

  -------         MODULE        PRINTF
  X:02B8H         PUBLIC        ?_PRINTF517?BYTE
  X:02B8H         PUBLIC        ?_PRINTF?BYTE
  X:02B8H         PUBLIC        ?_SPRINTF517?BYTE
  X:02B8H         PUBLIC        ?_SPRINTF?BYTE
  C:084BH         PUBLIC        _PRINTF
  C:084BH         PUBLIC        _PRINTF517
  C:0845H         PUBLIC        _SPRINTF
  C:0845H         PUBLIC        _SPRINTF517
  -------         ENDMOD        PRINTF

  -------         MODULE        ?C?CSTPTR
  C:1C98H         PUBLIC        ?C?CSTPTR
  -------         ENDMOD        ?C?CSTPTR

  -------         MODULE        ?C?PLDIXDATA
  C:1CAAH         PUBLIC        ?C?PLDIXDATA
  -------         ENDMOD        ?C?PLDIXDATA

  -------         MODULE        ?C?PSTXDATA
  C:1CC1H         PUBLIC        ?C?PSTXDATA
  -------         ENDMOD        ?C?PSTXDATA

  -------         MODULE        PUTCHAR
  C:30D5H         PUBLIC        _PUTCHAR
  -------         ENDMOD        PUTCHAR

*** WARNING L16: UNCALLED SEGMENT, IGNORED FOR OVERLAY PROCESS
    SEGMENT: ?PR?_UART_SEND_BYTE?ÎÂ¿_³ÌÐò

*** WARNING L16: UNCALLED SEGMENT, IGNORED FOR OVERLAY PROCESS
    SEGMENT: ?PR?SET_DIS?ÎÂ¿_³ÌÐò

*** WARNING L16: UNCALLED SEGMENT, IGNORED FOR OVERLAY PROCESS
    SEGMENT: ?PR?CUR_DIS?ÎÂ¿_³ÌÐò

*** WARNING L16: UNCALLED SEGMENT, IGNORED FOR OVERLAY PROCESS
    SEGMENT: ?PR?F_DIS?ÎÂ¿_³ÌÐò

*** WARNING L16: UNCALLED SEGMENT, IGNORED FOR OVERLAY PROCESS
    SEGMENT: ?PR?M_DIS?ÎÂ¿_³ÌÐò

*** WARNING L16: UNCALLED SEGMENT, IGNORED FOR OVERLAY PROCESS
    SEGMENT: ?PR?R_DIS?ÎÂ¿_³ÌÐò

*** WARNING L16: UNCALLED SEGMENT, IGNORED FOR OVERLAY PROCESS
    SEGMENT: ?PR?P1_DIS?ÎÂ¿_³ÌÐò

*** WARNING L16: UNCALLED SEGMENT, IGNORED FOR OVERLAY PROCESS
    SEGMENT: ?PR?P2_DIS?ÎÂ¿_³ÌÐò

Program Size: data=129.1 xdata=736 code=13141
BL51 BANKED LINKER/LOCATER V6.00                                                      02/12/2023  10:36:02  PAGE 53


LINK/LOCATE RUN COMPLETE.  8 WARNING(S),  0 ERROR(S)
