BL51 BANKED LINKER/LOCATER V6.22.4.0                                                    11/08/2024  16:15:52  PAGE 1


BL51 BANKED LINKER/LOCATER V6.22.4.0, INVOKED BY:
D:\APP\KEIL_V5\C51\BIN\BL51.EXE STARTUP.obj, ÎÂ¿Ø³ÌÐò.obj, modbus.obj, crc.obj TO ÎÂ¿Ø¿ª»·°åmodebuf³ÌÐò RAMSIZE (256)


MEMORY MODEL: LARGE


INPUT MODULES INCLUDED:
  STARTUP.obj (?C_STARTUP)
  ÎÂ¿Ø³ÌÐò.obj (________)
  modbus.obj (MODBUS)
  crc.obj (CRC)
  D:\APP\KEIL_V5\C51\LIB\C51L.LIB (?C_INIT)
  D:\APP\KEIL_V5\C51\LIB\C51L.LIB (?C?CLDPTR)
  D:\APP\KEIL_V5\C51\LIB\C51L.LIB (?C?CLDOPTR)
  D:\APP\KEIL_V5\C51\LIB\C51L.LIB (?C?CSTOPTR)
  D:\APP\KEIL_V5\C51\LIB\C51L.LIB (?C?IMUL)
  D:\APP\KEIL_V5\C51\LIB\C51L.LIB (?C?UIDIV)
  D:\APP\KEIL_V5\C51\LIB\C51L.LIB (?C?ILDIX)
  D:\APP\KEIL_V5\C51\LIB\C51L.LIB (?C?SLCMP)
  D:\APP\KEIL_V5\C51\LIB\C51L.LIB (?C?OFFXADD)
  D:\APP\KEIL_V5\C51\LIB\C51L.LIB (?C?CCASE)


LINK MAP OF MODULE:  ÎÂ¿Ø¿ª»·°åmodebuf³ÌÐò (?C_STARTUP)


            TYPE    BASE      LENGTH    RELOCATION   SEGMENT NAME
            -----------------------------------------------------

            * * * * * * *   D A T A   M E M O R Y   * * * * * * *
            REG     0000H     0008H     ABSOLUTE     "REG BANK 0"
            REG     0008H     0008H     ABSOLUTE     "REG BANK 1"
            REG     0010H     0008H     ABSOLUTE     "REG BANK 2"
            REG     0018H     0008H     ABSOLUTE     "REG BANK 3"
            BIT     0020H.0   0003H.5   UNIT         ?BI?________
            BIT     0023H.5   0000H.1   UNIT         ?BI?SET_DIS?________
            BIT     0023H.6   0000H.1   UNIT         ?BI?CUR_DIS?________
            BIT     0023H.7   0000H.1   UNIT         ?BI?F_DIS?________
            BIT     0024H.0   0000H.1   UNIT         ?BI?M_DIS?________
            BIT     0024H.1   0000H.1   UNIT         ?BI?R_DIS?________
            BIT     0024H.2   0000H.1   UNIT         ?BI?P1_DIS?________
            BIT     0024H.3   0000H.1   UNIT         ?BI?P2_DIS?________
            BIT     0024H.4   0000H.1   UNIT         _BIT_GROUP_
                    0024H.5   0000H.3                *** GAP ***
            IDATA   0025H     0050H     UNIT         ?ID?________
            IDATA   0075H     0001H     UNIT         ?STACK

            * * * * * * *  X D A T A   M E M O R Y  * * * * * * *
            XDATA   0000H     0243H     UNIT         ?XD?MODBUS
            XDATA   0243H     0056H     UNIT         ?XD?________
            XDATA   0299H     0027H     UNIT         _XDATA_GROUP_

            * * * * * * *   C O D E   M E M O R Y   * * * * * * *
            CODE    0000H     0003H     ABSOLUTE     
            CODE    0003H     0003H     ABSOLUTE     
            CODE    0006H     0005H     UNIT         ?PR?_BROADCAST_PROCESS?MODBUS
            CODE    000BH     0003H     ABSOLUTE     
BL51 BANKED LINKER/LOCATER V6.22.4.0                                                  11/08/2024  16:15:52  PAGE 2


            CODE    000EH     0015H     UNIT         ?PR?_IAPERASESECTOR?________
            CODE    0023H     0003H     ABSOLUTE     
            CODE    0026H     0073H     UNIT         ?PR?_CRC16?CRC
                    0099H     0002H                  *** GAP ***
            CODE    009BH     0003H     ABSOLUTE     
            CODE    009EH     07C6H     UNIT         ?PR?MAIN?________
            CODE    0864H     02D8H     UNIT         ?PR?_FUNCTION_READ_HOLDING_REGISTERS_3?MODBUS
            CODE    0B3CH     02AAH     UNIT         ?PR?_FUNCTION_READ_INPUT_REGISTERS_4?MODBUS
            CODE    0DE6H     0222H     UNIT         ?PR?_FUNCTION_READ_WRITE_MULTIPLE_REGISTERS_17?MODBUS
            CODE    1008H     0200H     UNIT         ?CO?CRC
            CODE    1208H     01C8H     UNIT         ?PR?_PARSE_RECV_BUFFER?MODBUS
            CODE    13D0H     0164H     UNIT         ?PR?_FUNCTION_READ_COILS_1?MODBUS
            CODE    1534H     0164H     UNIT         ?PR?_FUNCTION_READ_DISCREATE_INPUT_2?MODBUS
            CODE    1698H     0164H     UNIT         ?PR?_FUNCTION_WRITE_SINGLE_REGISTER_6?MODBUS
            CODE    17FCH     0134H     UNIT         ?PR?_FUNCTION_WRITE_MULTIPLE_REGISTERS_10?MODBUS
            CODE    1930H     012DH     UNIT         ?C?LIB_CODE
            CODE    1A5DH     011DH     UNIT         ?PR?_FUNCTION_WRITE_MULTIPLE_COILS_F?MODBUS
            CODE    1B7AH     0117H     UNIT         ?PR?_GET_TEMPERATURE?________
            CODE    1C91H     0104H     UNIT         ?CO?________
            CODE    1D95H     00F6H     UNIT         ?PR?T3INT?________
            CODE    1E8BH     00D7H     UNIT         ?PR?_HOT_SELECT?________
            CODE    1F62H     00CBH     UNIT         ?PR?SAVE_MODE_WR?________
            CODE    202DH     00C3H     UNIT         ?PR?READ_DATA?________
            CODE    20F0H     00AEH     UNIT         ?PR?DIS1?________
            CODE    219EH     00A4H     UNIT         ?PR?_TEMPERATURE_LPF?________
            CODE    2242H     0094H     UNIT         ?PR?_TM1722_WRITE_WORD?________
            CODE    22D6H     0093H     UNIT         ?PR?_FAN_RUN_STOP?________
            CODE    2369H     0090H     UNIT         ?PR?_FUNCTION_WRITE_SINGLE_COIL_5?MODBUS
            CODE    23F9H     008CH     UNIT         ?C_C51STARTUP
            CODE    2485H     008BH     UNIT         ?PR?_LCD_CLEAR?________
            CODE    2510H     0089H     UNIT         ?PR?_FAN_DIS?________
            CODE    2599H     0086H     UNIT         ?PR?TM0_ISR?________
            CODE    261FH     006BH     UNIT         ?PR?UART?________
            CODE    268AH     0057H     UNIT         ?PR?READ_MODE_WR_DATA?________
            CODE    26E1H     0050H     UNIT         ?PR?MODE_CHOSE?________
            CODE    2731H     0049H     UNIT         ?PR?_SEND_BAD_MSG?MODBUS
            CODE    277AH     0041H     UNIT         ?PR?_TM1722_WRITE_BYTE?________
            CODE    27BBH     003EH     UNIT         ?PR?HOT_DIS?________
            CODE    27F9H     0035H     UNIT         ?PR?TEMP_DIS?________
            CODE    282EH     0034H     UNIT         ?PR?_SEND_BUFFER?________
            CODE    2862H     0030H     UNIT         ?C_INITSEG
            CODE    2892H     002FH     UNIT         ?PR?H1_DIS?________
            CODE    28C1H     002FH     UNIT         ?PR?H2_DIS?________
            CODE    28F0H     002FH     UNIT         ?PR?H3_DIS?________
            CODE    291FH     002FH     UNIT         ?PR?TB_DIS?________
            CODE    294EH     002FH     UNIT         ?PR?JG_DIS?________
            CODE    297DH     002FH     UNIT         ?PR?MODE_DIS?________
            CODE    29ACH     002FH     UNIT         ?PR?BF_DIS?________
            CODE    29DBH     002FH     UNIT         ?PR?SET_DIS?________
            CODE    2A0AH     002FH     UNIT         ?PR?CUR_DIS?________
            CODE    2A39H     002FH     UNIT         ?PR?P1_DIS?________
            CODE    2A68H     002FH     UNIT         ?PR?P2_DIS?________
            CODE    2A97H     002FH     UNIT         ?PR?S14_DIS?________
            CODE    2AC6H     002FH     UNIT         ?PR?S15_DIS?________
            CODE    2AF5H     002DH     UNIT         ?PR?_GETADCRESULT?________
            CODE    2B22H     0025H     UNIT         ?PR?EXINT0?________
            CODE    2B47H     0023H     UNIT         ?PR?_IAPPROGRAMBYTE?________
BL51 BANKED LINKER/LOCATER V6.22.4.0                                                  11/08/2024  16:15:52  PAGE 3


            CODE    2B6AH     0021H     UNIT         ?PR?TIME_INSET?________
            CODE    2B8BH     001FH     UNIT         ?PR?FAN_CLOSE_READ?________
            CODE    2BAAH     001EH     UNIT         ?PR?_DELAY1MS?________
            CODE    2BC8H     001BH     UNIT         ?PR?_IAPREADBYTE?________
            CODE    2BE3H     0019H     UNIT         ?PR?UARTINIT?________
            CODE    2BFCH     0017H     UNIT         ?PR?FAN_CLOSE_SAVE?________
            CODE    2C13H     0017H     UNIT         ?PR?FAN_STOP?________
            CODE    2C2AH     0016H     UNIT         ?PR?TIMER0INIT?________
            CODE    2C40H     0015H     UNIT         ?PR?_NOT_SUPPORT_FUNCTION_CODE?MODBUS
            CODE    2C55H     0014H     UNIT         ?PR?SAVE_MODE_NUM?________
            CODE    2C69H     0014H     UNIT         ?PR?HOT1_DIS?________
            CODE    2C7DH     0014H     UNIT         ?PR?HOT2_DIS?________
            CODE    2C91H     0014H     UNIT         ?PR?HOT3_DIS?________
            CODE    2CA5H     0014H     UNIT         ?PR?F_DIS?________
            CODE    2CB9H     0014H     UNIT         ?PR?M_DIS?________
            CODE    2CCDH     0014H     UNIT         ?PR?R_DIS?________
            CODE    2CE1H     0014H     UNIT         ?PR?S13_DIS?________
            CODE    2CF5H     0010H     UNIT         ?PR?TIMER3INIT?________
            CODE    2D05H     000FH     UNIT         ?PR?READ_MODE?________
            CODE    2D14H     000FH     UNIT         ?PR?_PWM_SET?________
            CODE    2D23H     000EH     UNIT         ?PR?TIMER1INIT?________
            CODE    2D31H     000DH     UNIT         ?PR?IAPIDLE?________
            CODE    2D3EH     000CH     UNIT         ?PR?INITADC?________
            CODE    2D4AH     000AH     UNIT         ?PR?_UART_SEND_BYTE?________
            CODE    2D54H     000AH     UNIT         ?PR?DELAY50US?________
            CODE    2D5EH     000AH     UNIT         ?PR?FAN_RUN?________



OVERLAY MAP OF MODULE:   ÎÂ¿Ø¿ª»·°åmodebuf³ÌÐò (?C_STARTUP)


SEGMENT                                             BIT_GROUP          XDATA_GROUP
  +--> CALLED SEGMENT                            START    LENGTH     START    LENGTH
------------------------------------------------------------------------------------
?C_C51STARTUP                                    -----    -----      -----    -----
  +--> ?PR?MAIN?________
  +--> ?C_INITSEG

?PR?MAIN?________                                -----    -----      -----    -----
  +--> ?PR?UARTINIT?________
  +--> ?PR?INITADC?________
  +--> ?PR?TIMER0INIT?________
  +--> ?PR?TIMER1INIT?________
  +--> ?PR?TIMER3INIT?________
  +--> ?PR?READ_MODE?________
  +--> ?PR?READ_DATA?________
  +--> ?PR?FAN_CLOSE_READ?________
  +--> ?PR?_LCD_CLEAR?________
  +--> ?PR?_DELAY1MS?________
  +--> ?PR?DIS1?________
  +--> ?PR?FAN_CLOSE_SAVE?________
  +--> ?PR?_PARSE_RECV_BUFFER?MODBUS
  +--> ?PR?MODE_CHOSE?________
  +--> ?PR?_GET_TEMPERATURE?________
  +--> ?PR?S13_DIS?________
  +--> ?PR?S14_DIS?________
BL51 BANKED LINKER/LOCATER V6.22.4.0                                                  11/08/2024  16:15:52  PAGE 4


  +--> ?PR?SAVE_MODE_WR?________
  +--> ?PR?SAVE_MODE_NUM?________
  +--> ?PR?TB_DIS?________
  +--> ?PR?HOT_DIS?________
  +--> ?PR?FAN_STOP?________
  +--> ?PR?_FAN_RUN_STOP?________
  +--> ?PR?TIME_INSET?________
  +--> ?PR?_TEMPERATURE_LPF?________
  +--> ?PR?JG_DIS?________
  +--> ?PR?TEMP_DIS?________
  +--> ?PR?BF_DIS?________
  +--> ?PR?_FAN_DIS?________
  +--> ?PR?_HOT_SELECT?________

?PR?READ_MODE?________                           -----    -----      -----    -----
  +--> ?PR?_IAPREADBYTE?________

?PR?_IAPREADBYTE?________                        -----    -----      -----    -----
  +--> ?PR?IAPIDLE?________

?PR?READ_DATA?________                           -----    -----      -----    -----
  +--> ?PR?_IAPREADBYTE?________
  +--> ?PR?READ_MODE_WR_DATA?________

?PR?FAN_CLOSE_READ?________                      -----    -----      -----    -----
  +--> ?PR?_IAPREADBYTE?________

?PR?_LCD_CLEAR?________                          -----    -----      -----    -----
  +--> ?PR?_TM1722_WRITE_BYTE?________

?PR?_TM1722_WRITE_BYTE?________                  -----    -----      -----    -----
  +--> ?PR?DELAY50US?________

?PR?DIS1?________                                0024H.4  0000H.1    0299H    0005H
  +--> ?PR?_TM1722_WRITE_WORD?________

?PR?_TM1722_WRITE_WORD?________                  -----    -----      029EH    0001H
  +--> ?CO?________
  +--> ?PR?_TM1722_WRITE_BYTE?________

?PR?FAN_CLOSE_SAVE?________                      -----    -----      -----    -----
  +--> ?PR?_IAPERASESECTOR?________
  +--> ?PR?_IAPPROGRAMBYTE?________

?PR?_IAPERASESECTOR?________                     -----    -----      -----    -----
  +--> ?PR?IAPIDLE?________

?PR?_IAPPROGRAMBYTE?________                     -----    -----      -----    -----
  +--> ?PR?IAPIDLE?________

?PR?_PARSE_RECV_BUFFER?MODBUS                    -----    -----      0299H    0009H
  +--> ?PR?_CRC16?CRC
  +--> ?PR?_BROADCAST_PROCESS?MODBUS
  +--> ?PR?_FUNCTION_READ_COILS_1?MODBUS
  +--> ?PR?_FUNCTION_READ_DISCREATE_INPUT_2?...
  +--> ?PR?_FUNCTION_READ_HOLDING_REGISTERS_...
  +--> ?PR?_FUNCTION_READ_INPUT_REGISTERS_4?...
BL51 BANKED LINKER/LOCATER V6.22.4.0                                                  11/08/2024  16:15:52  PAGE 5


  +--> ?PR?_FUNCTION_WRITE_SINGLE_COIL_5?MODBUS
  +--> ?PR?_FUNCTION_WRITE_SINGLE_REGISTER_6...
  +--> ?PR?_FUNCTION_WRITE_MULTIPLE_COILS_F?...
  +--> ?PR?_FUNCTION_WRITE_MULTIPLE_REGISTER...
  +--> ?PR?_FUNCTION_READ_WRITE_MULTIPLE_REG...
  +--> ?PR?_NOT_SUPPORT_FUNCTION_CODE?MODBUS

?PR?_CRC16?CRC                                   -----    -----      02B9H    0007H
  +--> ?CO?CRC

?PR?_FUNCTION_READ_COILS_1?MODBUS                -----    -----      02A2H    000CH
  +--> ?PR?_SEND_BAD_MSG?MODBUS
  +--> ?PR?_CRC16?CRC
  +--> ?PR?_SEND_BUFFER?________

?PR?_SEND_BAD_MSG?MODBUS                         -----    -----      02B4H    0005H
  +--> ?PR?_CRC16?CRC
  +--> ?PR?_SEND_BUFFER?________

?PR?_SEND_BUFFER?________                        -----    -----      02B9H    0003H

?PR?_FUNCTION_READ_DISCREATE_INPUT_2?...         -----    -----      02A2H    000CH
  +--> ?PR?_SEND_BAD_MSG?MODBUS
  +--> ?PR?_CRC16?CRC
  +--> ?PR?_SEND_BUFFER?________

?PR?_FUNCTION_READ_HOLDING_REGISTERS_...         -----    -----      02A2H    000EH
  +--> ?PR?_SEND_BAD_MSG?MODBUS
  +--> ?PR?_CRC16?CRC
  +--> ?PR?_SEND_BUFFER?________

?PR?_FUNCTION_READ_INPUT_REGISTERS_4?...         -----    -----      02A2H    000EH
  +--> ?PR?_SEND_BAD_MSG?MODBUS
  +--> ?PR?_CRC16?CRC
  +--> ?PR?_SEND_BUFFER?________

?PR?_FUNCTION_WRITE_SINGLE_COIL_5?MODBUS         -----    -----      02A2H    0009H
  +--> ?PR?_SEND_BAD_MSG?MODBUS
  +--> ?PR?_SEND_BUFFER?________

?PR?_FUNCTION_WRITE_SINGLE_REGISTER_6...         -----    -----      02A2H    0009H
  +--> ?PR?_SEND_BAD_MSG?MODBUS
  +--> ?PR?_SEND_BUFFER?________

?PR?_FUNCTION_WRITE_MULTIPLE_COILS_F?...         -----    -----      02A2H    000BH
  +--> ?PR?_SEND_BAD_MSG?MODBUS
  +--> ?PR?_CRC16?CRC
  +--> ?PR?_SEND_BUFFER?________

?PR?_FUNCTION_WRITE_MULTIPLE_REGISTER...         -----    -----      02A2H    000BH
  +--> ?PR?_SEND_BAD_MSG?MODBUS
  +--> ?PR?_CRC16?CRC
  +--> ?PR?_SEND_BUFFER?________

?PR?_FUNCTION_READ_WRITE_MULTIPLE_REG...         -----    -----      02A2H    0012H
  +--> ?PR?_SEND_BAD_MSG?MODBUS
  +--> ?PR?_CRC16?CRC
BL51 BANKED LINKER/LOCATER V6.22.4.0                                                  11/08/2024  16:15:52  PAGE 6


  +--> ?PR?_SEND_BUFFER?________

?PR?_NOT_SUPPORT_FUNCTION_CODE?MODBUS            -----    -----      02A2H    0002H
  +--> ?PR?_SEND_BAD_MSG?MODBUS

?PR?MODE_CHOSE?________                          -----    -----      -----    -----
  +--> ?PR?READ_DATA?________
  +--> ?PR?_LCD_CLEAR?________
  +--> ?PR?DIS1?________
  +--> ?PR?MODE_DIS?________
  +--> ?PR?_DELAY1MS?________
  +--> ?PR?BF_DIS?________
  +--> ?PR?_FAN_DIS?________
  +--> ?PR?_HOT_SELECT?________
  +--> ?PR?TB_DIS?________
  +--> ?PR?S13_DIS?________
  +--> ?PR?S14_DIS?________
  +--> ?PR?S15_DIS?________

?PR?MODE_DIS?________                            0024H.4  0000H.1    -----    -----
  +--> ?PR?_TM1722_WRITE_BYTE?________

?PR?BF_DIS?________                              0024H.4  0000H.1    -----    -----
  +--> ?PR?_TM1722_WRITE_BYTE?________

?PR?_FAN_DIS?________                            -----    -----      -----    -----
  +--> ?PR?_TM1722_WRITE_BYTE?________

?PR?_HOT_SELECT?________                         -----    -----      -----    -----
  +--> ?PR?HOT1_DIS?________
  +--> ?PR?HOT2_DIS?________
  +--> ?PR?HOT3_DIS?________
  +--> ?PR?H1_DIS?________
  +--> ?PR?H2_DIS?________
  +--> ?PR?H3_DIS?________

?PR?HOT1_DIS?________                            0024H.4  0000H.1    -----    -----
  +--> ?PR?_TM1722_WRITE_BYTE?________

?PR?HOT2_DIS?________                            0024H.4  0000H.1    -----    -----
  +--> ?PR?_TM1722_WRITE_BYTE?________

?PR?HOT3_DIS?________                            0024H.4  0000H.1    -----    -----
  +--> ?PR?_TM1722_WRITE_BYTE?________

?PR?H1_DIS?________                              0024H.4  0000H.1    -----    -----
  +--> ?PR?_TM1722_WRITE_BYTE?________

?PR?H2_DIS?________                              0024H.4  0000H.1    -----    -----
  +--> ?PR?_TM1722_WRITE_BYTE?________

?PR?H3_DIS?________                              0024H.4  0000H.1    -----    -----
  +--> ?PR?_TM1722_WRITE_BYTE?________

?PR?TB_DIS?________                              0024H.4  0000H.1    -----    -----
  +--> ?PR?_TM1722_WRITE_BYTE?________

BL51 BANKED LINKER/LOCATER V6.22.4.0                                                  11/08/2024  16:15:52  PAGE 7


?PR?S13_DIS?________                             0024H.4  0000H.1    -----    -----
  +--> ?PR?_TM1722_WRITE_BYTE?________

?PR?S14_DIS?________                             0024H.4  0000H.1    -----    -----
  +--> ?PR?_TM1722_WRITE_BYTE?________

?PR?S15_DIS?________                             0024H.4  0000H.1    -----    -----
  +--> ?PR?_TM1722_WRITE_BYTE?________

?PR?_GET_TEMPERATURE?________                    -----    -----      0299H    0005H
  +--> ?PR?_TEMPERATURE_LPF?________
  +--> ?CO?________

?PR?_TEMPERATURE_LPF?________                    -----    -----      -----    -----
  +--> ?PR?_GETADCRESULT?________
  +--> ?PR?_DELAY1MS?________

?PR?SAVE_MODE_WR?________                        -----    -----      -----    -----
  +--> ?PR?_IAPERASESECTOR?________
  +--> ?PR?_IAPPROGRAMBYTE?________

?PR?SAVE_MODE_NUM?________                       -----    -----      -----    -----
  +--> ?PR?_IAPERASESECTOR?________
  +--> ?PR?_IAPPROGRAMBYTE?________

?PR?HOT_DIS?________                             0024H.4  0000H.1    -----    -----
  +--> ?PR?_LCD_CLEAR?________
  +--> ?PR?_TM1722_WRITE_BYTE?________

?PR?FAN_STOP?________                            -----    -----      -----    -----
  +--> ?PR?_PWM_SET?________

?PR?_FAN_RUN_STOP?________                       -----    -----      -----    -----
  +--> ?PR?FAN_STOP?________
  +--> ?PR?FAN_RUN?________
  +--> ?PR?_PWM_SET?________

?PR?JG_DIS?________                              0024H.4  0000H.1    -----    -----
  +--> ?PR?_TM1722_WRITE_BYTE?________

?PR?TEMP_DIS?________                            0024H.4  0000H.1    -----    -----
  +--> ?PR?_TM1722_WRITE_BYTE?________



SYMBOL TABLE OF MODULE:  ÎÂ¿Ø¿ª»·°åmodebuf³ÌÐò (?C_STARTUP)

  VALUE           TYPE          NAME
  ----------------------------------

  -------         MODULE        ?C_STARTUP
  C:23F9H         SEGMENT       ?C_C51STARTUP
  I:0075H         SEGMENT       ?STACK
  C:0000H         PUBLIC        ?C_STARTUP
  D:00E0H         SYMBOL        ACC
  D:00F0H         SYMBOL        B
  D:0083H         SYMBOL        DPH
BL51 BANKED LINKER/LOCATER V6.22.4.0                                                  11/08/2024  16:15:52  PAGE 8


  D:0082H         SYMBOL        DPL
  N:0000H         SYMBOL        IBPSTACK
  N:0100H         SYMBOL        IBPSTACKTOP
  N:0080H         SYMBOL        IDATALEN
  C:23FCH         SYMBOL        IDATALOOP
  N:0000H         SYMBOL        PBPSTACK
  N:0100H         SYMBOL        PBPSTACKTOP
  N:0000H         SYMBOL        PDATALEN
  N:0000H         SYMBOL        PDATASTART
  N:0000H         SYMBOL        PPAGE
  N:0000H         SYMBOL        PPAGEENABLE
  D:00A0H         SYMBOL        PPAGE_SFR
  D:0081H         SYMBOL        SP
  C:23F9H         SYMBOL        STARTUP1
  N:0000H         SYMBOL        XBPSTACK
  N:0000H         SYMBOL        XBPSTACKTOP
  N:0000H         SYMBOL        XDATALEN
  N:0000H         SYMBOL        XDATASTART
  C:0000H         LINE#         126
  C:23F9H         LINE#         133
  C:23FBH         LINE#         134
  C:23FCH         LINE#         135
  C:23FDH         LINE#         136
  C:23FFH         LINE#         185
  C:2402H         LINE#         196
  -------         ENDMOD        ?C_STARTUP

  -------         MODULE        ________
  C:0000H         SYMBOL        _ICE_DUMMY_
  B:0020H.0       PUBLIC        hot_power_bit
  I:0025H         PUBLIC        hot_num
  D:0092H         PUBLIC        P1M0
  D:0093H         PUBLIC        P0M1
  D:0096H         PUBLIC        P2M0
  D:0091H         PUBLIC        P1M1
  D:0080H         PUBLIC        P0
  D:00B2H         PUBLIC        P3M0
  D:0095H         PUBLIC        P2M1
  D:0090H         PUBLIC        P1
  I:0026H         PUBLIC        dis_temp_cnt
  D:00B4H         PUBLIC        P4M0
  D:00B1H         PUBLIC        P3M1
  D:00A0H         PUBLIC        P2
  D:00CAH         PUBLIC        P5M0
  D:00B3H         PUBLIC        P4M1
  D:00B0H         PUBLIC        P3
  C:2D14H         PUBLIC        _pwm_set
  C:1F62H         PUBLIC        save_mode_wr
  C:000EH         PUBLIC        _IapEraseSector
  D:00C9H         PUBLIC        P5M1
  D:00C0H         PUBLIC        P4
  C:2BAEH         PUBLIC        _Delay1ms
  B:0020H.1       PUBLIC        hot_fan_bit
  B:0020H.2       PUBLIC        sp_bit
  B:0080H.7       PUBLIC        hot_in
  D:00C8H         PUBLIC        P5
  B:00A8H.7       PUBLIC        EA
BL51 BANKED LINKER/LOCATER V6.22.4.0                                                  11/08/2024  16:15:52  PAGE 9


  D:00E8H         PUBLIC        P6
  D:00F8H         PUBLIC        P7
  C:2CA5H         PUBLIC        f_dis
  B:0020H.3       PUBLIC        ss_bit
  B:0020H.4       PUBLIC        temp_set_bit
  B:0090H.3       PUBLIC        T4
  B:0080H.6       PUBLIC        hot_ok
  B:0090H.4       PUBLIC        T5
  I:0027H         PUBLIC        tb_num
  B:0020H.5       PUBLIC        fan_bit2
  C:282EH         PUBLIC        _send_buffer
  B:0020H.6       PUBLIC        fan_bit3
  B:0090H.7       PUBLIC        out1
  I:0028H         PUBLIC        pwm5
  D:00F5H         PUBLIC        PWMCR
  B:00A0H.1       PUBLIC        out2
  I:002AH         PUBLIC        dev_address
  B:00A0H.2       PUBLIC        out3
  D:00BAH         PUBLIC        P_SW2
  I:002BH         PUBLIC        PeriodCnt
  I:002FH         PUBLIC        temp_set_cnt
  I:0030H         PUBLIC        ss_cnt
  D:00A8H         PUBLIC        IE
  C:2CB9H         PUBLIC        m_dis
  I:0032H         PUBLIC        lcd_0ah
  C:2B51H         PUBLIC        _IapProgramByte
  B:0020H.7       PUBLIC        power_on_bit
  I:0033H         PUBLIC        lcd_0bh
  D:00C5H         PUBLIC        IAP_CMD
  I:0034H         PUBLIC        tm1
  I:0036H         PUBLIC        lcd_0eh
  C:2CCDH         PUBLIC        r_dis
  I:0037H         PUBLIC        tm2
  I:0039H         PUBLIC        lcd_0fh
  D:00BDH         PUBLIC        ADC_RES
  I:003AH         PUBLIC        tm3
  I:003CH         PUBLIC        tm4
  D:00F7H         PUBLIC        PWMFDCR
  C:22DAH         PUBLIC        _fan_run_stop
  B:00C8H.4       PUBLIC        speak
  I:003EH         PUBLIC        tm5
  C:1C91H         PUBLIC        Tab
  I:0040H         PUBLIC        tm6
  I:0042H         PUBLIC        fenduan_num
  B:00A8H.4       PUBLIC        ES
  D:00B8H         PUBLIC        IP
  I:0043H         PUBLIC        tt1
  C:2892H         PUBLIC        H1_dis
  I:0045H         PUBLIC        tt2
  I:0047H         PUBLIC        t_cnt
  C:202DH         PUBLIC        read_data
  B:0098H.0       PUBLIC        RI
  C:28C1H         PUBLIC        H2_dis
  C:2D31H         PUBLIC        IapIdle
  C:26E1H         PUBLIC        mode_chose
  C:28F0H         PUBLIC        H3_dis
  I:0048H         PUBLIC        HighRH
BL51 BANKED LINKER/LOCATER V6.22.4.0                                                  11/08/2024  16:15:52  PAGE 10


  B:0098H.1       PUBLIC        TI
  C:261FH         PUBLIC        Uart
  C:2485H         PUBLIC        _lcd_clear
  C:2C69H         PUBLIC        hot1_dis
  D:00C3H         PUBLIC        IAP_ADDRH
  C:2C7DH         PUBLIC        hot2_dis
  C:2D4AH         PUBLIC        _UART_Send_Byte
  I:0049H         PUBLIC        HighRL
  C:2C91H         PUBLIC        hot3_dis
  C:1CA3H         PUBLIC        temp_table
  D:00D8H         PUBLIC        CCON
  D:00C4H         PUBLIC        IAP_ADDRL
  C:2D05H         PUBLIC        read_mode
  C:009EH         PUBLIC        main
  B:0021H.0       PUBLIC        tb_num_bit
  B:0021H.1       PUBLIC        dis_ss_bit
  B:00C0H.1       PUBLIC        TM1722_CLK
  B:00B0H.7       PUBLIC        TM1722_DIO
  X:0243H         PUBLIC        ID_old
  C:2B8BH         PUBLIC        fan_close_read
  C:1E8BH         PUBLIC        _hot_select
  C:2BCCH         PUBLIC        _IapReadByte
  I:004AH         PUBLIC        time
  D:00BCH         PUBLIC        ADC_CONTR
  D:0099H         PUBLIC        SBUF
  D:0098H         PUBLIC        SCON
  C:2BE3H         PUBLIC        UartInit
  D:0089H         PUBLIC        TMOD
  D:0088H         PUBLIC        TCON
  C:2B6AH         PUBLIC        time_inset
  I:004CH         PUBLIC        temp
  B:00B0H.6       PUBLIC        TM1722_STB
  X:024AH         PUBLIC        ID_new
  X:0251H         PUBLIC        cptr
  I:005AH         PUBLIC        g_need_process_datas
  B:0088H.1       PUBLIC        IE0
  D:00AFH         PUBLIC        IE2
  C:2D54H         PUBLIC        Delay50us
  D:008EH         PUBLIC        AUXR
  C:2599H         PUBLIC        tm0_isr
  C:2BFCH         PUBLIC        fan_close_save
  B:0021H.2       PUBLIC        power_on_bit2
  C:2A39H         PUBLIC        p1_dis
  D:00C7H         PUBLIC        IAP_CONTR
  C:2A68H         PUBLIC        p2_dis
  D:00F1H         PUBLIC        PWMCFG
  C:297DH         PUBLIC        mode_dis
  B:00A8H.1       PUBLIC        ET0
  B:0088H.5       PUBLIC        TF0
  B:00A8H.3       PUBLIC        ET1
  C:2C2AH         PUBLIC        Timer0Init
  C:2D23H         PUBLIC        Timer1Init
  D:008CH         PUBLIC        TH0
  D:008DH         PUBLIC        TH1
  B:0088H.0       PUBLIC        IT0
  B:00A8H.0       PUBLIC        EX0
  C:2CF5H         PUBLIC        Timer3Init
BL51 BANKED LINKER/LOCATER V6.22.4.0                                                  11/08/2024  16:15:52  PAGE 11


  I:005BH         PUBLIC        LowRH
  D:00D6H         PUBLIC        T2H
  D:00D4H         PUBLIC        T3H
  D:008AH         PUBLIC        TL0
  B:0021H.3       PUBLIC        fan_close_bit
  B:0021H.4       PUBLIC        power_bit
  D:008BH         PUBLIC        TL1
  B:0021H.5       PUBLIC        save_bit
  I:005CH         PUBLIC        LowRL
  D:00D7H         PUBLIC        T2L
  D:00D5H         PUBLIC        T3L
  C:279EH         PUBLIC        _TM1722_Write_Byte
  X:0253H         PUBLIC        g_current_need_times
  X:0255H         PUBLIC        g_recv_buffer_index
  D:00C2H         PUBLIC        IAP_DATA
  B:0088H.4       PUBLIC        TR0
  B:0021H.6       PUBLIC        fan_bit
  I:005DH         PUBLIC        power_cnt
  I:005EH         PUBLIC        fan_close_cnt
  B:0088H.6       PUBLIC        TR1
  C:2514H         PUBLIC        _fan_dis
  C:1B86H         PUBLIC        _get_temperature
  I:005FH         PUBLIC        save_cnt
  X:0257H         PUBLIC        g_recv_buffer
  D:00C1H         PUBLIC        WDT_CONTR
  C:219EH         PUBLIC        _Temperature_LPF
  I:0061H         PUBLIC        mode_num
  C:27FFH         PUBLIC        temp_dis
  C:2B22H         PUBLIC        exint0
  C:2242H         PUBLIC        _TM1722_Write_Word
  B:0021H.7       PUBLIC        auto_bit
  B:0022H.0       PUBLIC        clk_bit
  D:009DH         PUBLIC        P1ASF
  I:0062H         PUBLIC        fan_cnt
  D:00D1H         PUBLIC        T4T3M
  C:2C13H         PUBLIC        fan_stop
  C:2D3EH         PUBLIC        InitADC
  B:0022H.1       PUBLIC        dis_HT_bit
  I:0063H         PUBLIC        lcd_03h
  D:00BEH         PUBLIC        ADC_RESL
  B:00A0H.0       PUBLIC        lcd_bl
  B:0080H.5       PUBLIC        hot_fan
  I:0064H         PUBLIC        lcd_06h
  I:0065H         PUBLIC        lcd_07h
  I:0066H         PUBLIC        temp_set
  B:00C0H.4       PUBLIC        led1
  I:0067H         PUBLIC        power_run
  B:00A0H.6       PUBLIC        led2
  I:0068H         PUBLIC        fan_num
  B:00C0H.3       PUBLIC        led3
  I:0069H         PUBLIC        key_buf
  C:29ACH         PUBLIC        bf_dis
  B:0022H.2       PUBLIC        hot_HT_bit
  B:00A0H.5       PUBLIC        led4
  B:0022H.3       PUBLIC        fan_close_ok
  B:00C0H.2       PUBLIC        led5
  I:006AH         PUBLIC        out_clear_cnt
BL51 BANKED LINKER/LOCATER V6.22.4.0                                                  11/08/2024  16:15:52  PAGE 12


  X:0297H         PUBLIC        g_need_times
  C:2C55H         PUBLIC        save_mode_num
  B:00A0H.4       PUBLIC        led6
  I:006BH         PUBLIC        fan_pwm
  C:2D5EH         PUBLIC        fan_run
  C:2A0AH         PUBLIC        cur_dis
  C:268AH         PUBLIC        read_mode_wr_data
  B:0022H.4       PUBLIC        save_all_bit
  B:0022H.5       PUBLIC        hot_bit
  C:27E5H         PUBLIC        hot_dis
  C:2AF5H         PUBLIC        _GetADCResult
  B:0022H.6       PUBLIC        PWMOUT
  C:29DBH         PUBLIC        set_dis
  B:0022H.7       PUBLIC        key_find_bit
  I:006DH         PUBLIC        mode_wr
  C:20FEH         PUBLIC        dis1
  D:00C6H         PUBLIC        IAP_TRIG
  C:294EH         PUBLIC        jg_dis
  C:1D95H         PUBLIC        t3int
  B:0023H.0       PUBLIC        tb_bit
  C:291FH         PUBLIC        tb_dis
  C:2CE1H         PUBLIC        s13_dis
  B:0023H.1       PUBLIC        uart_ok
  I:0072H         PUBLIC        cnt3
  C:2A97H         PUBLIC        s14_dis
  B:0023H.2       PUBLIC        mode_num_bit
  I:0073H         PUBLIC        cnt4
  D:00D0H         PUBLIC        PSW
  C:2AC6H         PUBLIC        s15_dis
  B:0023H.3       PUBLIC        dis_temp_bit
  I:0074H         PUBLIC        cnt5
  B:0023H.4       PUBLIC        zb_bit
  D:0094H         PUBLIC        P0M0
  C:1B81H         SYMBOL        L?0509
  -------         PROC          L?0508
  -------         ENDPROC       L?0508
  C:1B81H         SYMBOL        L?0509
  -------         PROC          _GET_TEMPERATURE
  D:0004H         SYMBOL        adc
  -------         DO            
  X:0299H         SYMBOL        p
  X:029BH         SYMBOL        i
  D:0006H         SYMBOL        j
  X:029DH         SYMBOL        k
  D:0002H         SYMBOL        min
  D:0007H         SYMBOL        max
  -------         ENDDO         
  C:1B86H         LINE#         539
  C:1B8AH         LINE#         540
  C:1B8AH         LINE#         546
  C:1B94H         LINE#         550
  C:1B96H         LINE#         551
  C:1B98H         LINE#         553
  C:1B99H         LINE#         554
  C:1B99H         LINE#         555
  C:1BA5H         LINE#         556
  C:1BDAH         LINE#         557
BL51 BANKED LINKER/LOCATER V6.22.4.0                                                  11/08/2024  16:15:52  PAGE 13


  C:1BDBH         LINE#         558
  C:1BE0H         LINE#         559
  C:1C06H         LINE#         560
  C:1C2CH         LINE#         562
  C:1C2CH         LINE#         563
  C:1C31H         LINE#         564
  C:1C31H         LINE#         565
  C:1C32H         LINE#         566
  C:1C5AH         LINE#         567
  C:1C7DH         LINE#         568
  C:1C7DH         LINE#         569
  C:1C7EH         LINE#         572
  C:1C88H         LINE#         575
  C:1C88H         LINE#         576
  C:1C88H         LINE#         577
  C:1C88H         LINE#         578
  C:1C88H         LINE#         579
  C:1C90H         LINE#         580
  -------         ENDPROC       _GET_TEMPERATURE
  C:2BAAH         SYMBOL        L?0507
  -------         PROC          L?0506
  -------         ENDPROC       L?0506
  C:2BAAH         SYMBOL        L?0507
  -------         PROC          _DELAY1MS
  D:0006H         SYMBOL        dd
  -------         DO            
  D:0005H         SYMBOL        i
  D:0004H         SYMBOL        j
  -------         ENDDO         
  C:2BAEH         LINE#         585
  C:2BAEH         LINE#         586
  C:2BAEH         LINE#         588
  C:2BB2H         LINE#         589
  C:2BB3H         LINE#         590
  C:2BB4H         LINE#         591
  C:2BB5H         LINE#         592
  C:2BB7H         LINE#         593
  C:2BB9H         LINE#         595
  C:2BB9H         LINE#         596
  C:2BBBH         LINE#         597
  C:2BBDH         LINE#         599
  C:2BC0H         LINE#         600
  C:2BC5H         LINE#         601
  C:2BC7H         LINE#         602
  -------         ENDPROC       _DELAY1MS
  -------         PROC          UARTINIT
  C:2BE3H         LINE#         637
  C:2BE3H         LINE#         638
  C:2BE3H         LINE#         639
  C:2BE6H         LINE#         647
  C:2BE9H         LINE#         648
  C:2BECH         LINE#         649
  C:2BEFH         LINE#         650
  C:2BF2H         LINE#         651
  C:2BF5H         LINE#         652
  C:2BF7H         LINE#         653
  C:2BF9H         LINE#         654
BL51 BANKED LINKER/LOCATER V6.22.4.0                                                  11/08/2024  16:15:52  PAGE 14


  C:2BFBH         LINE#         658
  -------         ENDPROC       UARTINIT
  -------         PROC          TIMER0INIT
  C:2C2AH         LINE#         661
  C:2C2AH         LINE#         662
  C:2C2AH         LINE#         663
  C:2C2DH         LINE#         664
  C:2C30H         LINE#         665
  C:2C33H         LINE#         666
  C:2C36H         LINE#         667
  C:2C39H         LINE#         668
  C:2C3BH         LINE#         669
  C:2C3DH         LINE#         670
  C:2C3FH         LINE#         671
  -------         ENDPROC       TIMER0INIT
  -------         PROC          TIMER1INIT
  C:2D23H         LINE#         675
  C:2D23H         LINE#         676
  C:2D23H         LINE#         677
  C:2D26H         LINE#         678
  C:2D29H         LINE#         679
  C:2D2CH         LINE#         680
  C:2D2EH         LINE#         681
  C:2D30H         LINE#         683
  -------         ENDPROC       TIMER1INIT
  -------         PROC          TIMER3INIT
  C:2CF5H         LINE#         689
  C:2CF5H         LINE#         690
  C:2CF5H         LINE#         691
  C:2CF8H         LINE#         692
  C:2CFBH         LINE#         693
  C:2CFEH         LINE#         694
  C:2D01H         LINE#         695
  C:2D04H         LINE#         696
  -------         ENDPROC       TIMER3INIT
  -------         PROC          IAPIDLE
  C:2D31H         LINE#         704
  C:2D31H         LINE#         705
  C:2D31H         LINE#         706
  C:2D34H         LINE#         707
  C:2D36H         LINE#         708
  C:2D38H         LINE#         709
  C:2D3BH         LINE#         710
  C:2D3DH         LINE#         711
  -------         ENDPROC       IAPIDLE
  C:2BC8H         SYMBOL        L?0511
  -------         PROC          L?0510
  -------         ENDPROC       L?0510
  C:2BC8H         SYMBOL        L?0511
  -------         PROC          _IAPREADBYTE
  D:0006H         SYMBOL        addr
  -------         DO            
  D:0007H         SYMBOL        dat
  -------         ENDDO         
  C:2BCCH         LINE#         716
  C:2BCCH         LINE#         717
  C:2BCCH         LINE#         720
BL51 BANKED LINKER/LOCATER V6.22.4.0                                                  11/08/2024  16:15:52  PAGE 15


  C:2BCFH         LINE#         721
  C:2BD2H         LINE#         722
  C:2BD4H         LINE#         723
  C:2BD7H         LINE#         724
  C:2BDAH         LINE#         725
  C:2BDDH         LINE#         726
  C:2BDEH         LINE#         727
  C:2BE0H         LINE#         728
  -------         ENDPROC       _IAPREADBYTE
  C:2B47H         SYMBOL        L?0505
  -------         PROC          L?0504
  -------         ENDPROC       L?0504
  C:2B47H         SYMBOL        L?0505
  -------         PROC          _IAPPROGRAMBYTE
  D:0006H         SYMBOL        addr
  D:0005H         SYMBOL        dat
  C:2B51H         LINE#         736
  C:2B51H         LINE#         737
  C:2B51H         LINE#         738
  C:2B54H         LINE#         739
  C:2B57H         LINE#         740
  C:2B59H         LINE#         741
  C:2B5CH         LINE#         742
  C:2B60H         LINE#         743
  C:2B63H         LINE#         744
  C:2B66H         LINE#         745
  C:2B67H         LINE#         746
  -------         ENDPROC       _IAPPROGRAMBYTE
  -------         PROC          _IAPERASESECTOR
  D:0006H         SYMBOL        addr
  C:000EH         LINE#         752
  C:000EH         LINE#         753
  C:000EH         LINE#         754
  C:0011H         LINE#         755
  C:0014H         LINE#         756
  C:0016H         LINE#         757
  C:0019H         LINE#         758
  C:001CH         LINE#         759
  C:001FH         LINE#         760
  C:0020H         LINE#         761
  -------         ENDPROC       _IAPERASESECTOR
  -------         PROC          SAVE_MODE_NUM
  -------         DO            
  D:0004H         SYMBOL        addr
  -------         ENDDO         
  C:2C55H         LINE#         766
  C:2C55H         LINE#         767
  C:2C55H         LINE#         770
  C:2C58H         LINE#         771
  C:2C5AH         LINE#         772
  C:2C5FH         LINE#         774
  C:2C66H         LINE#         777
  C:2C68H         LINE#         778
  -------         ENDPROC       SAVE_MODE_NUM
  -------         PROC          FAN_CLOSE_SAVE
  -------         DO            
  D:0004H         SYMBOL        addr
BL51 BANKED LINKER/LOCATER V6.22.4.0                                                  11/08/2024  16:15:52  PAGE 16


  -------         ENDDO         
  C:2BFCH         LINE#         781
  C:2BFCH         LINE#         782
  C:2BFCH         LINE#         785
  C:2C00H         LINE#         786
  C:2C02H         LINE#         787
  C:2C09H         LINE#         789
  C:2C10H         LINE#         792
  C:2C12H         LINE#         794
  -------         ENDPROC       FAN_CLOSE_SAVE
  -------         PROC          FAN_CLOSE_READ
  -------         DO            
  D:0006H         SYMBOL        addr
  -------         ENDDO         
  C:2B8BH         LINE#         797
  C:2B8BH         LINE#         798
  C:2B8BH         LINE#         801
  C:2B8FH         LINE#         802
  C:2B91H         LINE#         803
  C:2B98H         LINE#         804
  C:2B9AH         LINE#         806
  C:2BA9H         LINE#         807
  -------         ENDPROC       FAN_CLOSE_READ
  -------         PROC          READ_MODE_WR_DATA
  C:268AH         LINE#         812
  C:268AH         LINE#         813
  C:268AH         LINE#         814
  C:2691H         LINE#         815
  C:2697H         LINE#         816
  C:269DH         LINE#         817
  C:26A3H         LINE#         818
  C:26A9H         LINE#         820
  C:26B8H         LINE#         821
  C:26C2H         LINE#         822
  C:26CCH         LINE#         823
  C:26D6H         LINE#         824
  C:26E0H         LINE#         826
  -------         ENDPROC       READ_MODE_WR_DATA
  -------         PROC          SAVE_MODE_WR
  -------         DO            
  D:0004H         SYMBOL        n
  D:0002H         SYMBOL        addr
  -------         ENDDO         
  C:1F62H         LINE#         829
  C:1F62H         LINE#         830
  C:1F62H         LINE#         834
  C:1F68H         LINE#         835
  C:1F6EH         LINE#         836
  C:1F74H         LINE#         837
  C:1F7AH         LINE#         838
  C:1F80H         LINE#         840
  C:1F88H         LINE#         841
  C:1F88H         LINE#         842
  C:1F8BH         LINE#         843
  C:1F8DH         LINE#         844
  C:1F93H         LINE#         845
  C:1FA2H         LINE#         846
BL51 BANKED LINKER/LOCATER V6.22.4.0                                                  11/08/2024  16:15:52  PAGE 17


  C:1FA4H         LINE#         847
  C:1FA5H         LINE#         849
  C:1FAAH         LINE#         850
  C:1FAAH         LINE#         851
  C:1FADH         LINE#         852
  C:1FAFH         LINE#         853
  C:1FB5H         LINE#         854
  C:1FC4H         LINE#         855
  C:1FC6H         LINE#         856
  C:1FC7H         LINE#         858
  C:1FCCH         LINE#         859
  C:1FCCH         LINE#         860
  C:1FCFH         LINE#         861
  C:1FD1H         LINE#         862
  C:1FD7H         LINE#         863
  C:1FE6H         LINE#         864
  C:1FE8H         LINE#         865
  C:1FE9H         LINE#         867
  C:1FEEH         LINE#         868
  C:1FEEH         LINE#         869
  C:1FF1H         LINE#         870
  C:1FF3H         LINE#         871
  C:1FF9H         LINE#         872
  C:2008H         LINE#         873
  C:200AH         LINE#         874
  C:200BH         LINE#         876
  C:2010H         LINE#         877
  C:2010H         LINE#         878
  C:2013H         LINE#         879
  C:2015H         LINE#         880
  C:201BH         LINE#         881
  C:202AH         LINE#         882
  C:202CH         LINE#         883
  C:202CH         LINE#         884
  -------         ENDPROC       SAVE_MODE_WR
  -------         PROC          READ_MODE
  -------         DO            
  D:0006H         SYMBOL        addr
  -------         ENDDO         
  C:2D05H         LINE#         887
  C:2D05H         LINE#         888
  C:2D05H         LINE#         890
  C:2D07H         LINE#         891
  C:2D0AH         LINE#         892
  C:2D11H         LINE#         894
  C:2D13H         LINE#         897
  -------         ENDPROC       READ_MODE
  -------         PROC          READ_DATA
  -------         DO            
  D:0002H         SYMBOL        addr
  D:0005H         SYMBOL        n
  -------         ENDDO         
  C:202DH         LINE#         900
  C:202DH         LINE#         901
  C:202DH         LINE#         905
  C:203CH         LINE#         907
  C:2044H         LINE#         908
BL51 BANKED LINKER/LOCATER V6.22.4.0                                                  11/08/2024  16:15:52  PAGE 18


  C:2044H         LINE#         909
  C:2046H         LINE#         910
  C:2049H         LINE#         911
  C:205DH         LINE#         912
  C:205FH         LINE#         913
  C:2062H         LINE#         915
  C:2067H         LINE#         916
  C:2067H         LINE#         917
  C:2069H         LINE#         918
  C:206CH         LINE#         919
  C:2080H         LINE#         920
  C:2082H         LINE#         921
  C:2084H         LINE#         923
  C:208CH         LINE#         924
  C:208CH         LINE#         925
  C:208EH         LINE#         926
  C:2091H         LINE#         927
  C:20A5H         LINE#         928
  C:20A7H         LINE#         929
  C:20A9H         LINE#         931
  C:20AEH         LINE#         932
  C:20AEH         LINE#         933
  C:20B0H         LINE#         934
  C:20B3H         LINE#         935
  C:20C7H         LINE#         936
  C:20C9H         LINE#         937
  C:20CBH         LINE#         939
  C:20D2H         LINE#         940
  C:20D2H         LINE#         941
  C:20D4H         LINE#         942
  C:20D7H         LINE#         943
  C:20EBH         LINE#         944
  C:20EDH         LINE#         945
  C:20EDH         LINE#         947
  -------         ENDPROC       READ_DATA
  -------         PROC          INITADC
  C:2D3EH         LINE#         963
  C:2D3EH         LINE#         964
  C:2D3EH         LINE#         965
  C:2D41H         LINE#         966
  C:2D44H         LINE#         967
  C:2D46H         LINE#         968
  C:2D49H         LINE#         970
  -------         ENDPROC       INITADC
  -------         PROC          _GETADCRESULT
  D:0007H         SYMBOL        ch
  -------         DO            
  D:0004H         SYMBOL        dd
  -------         ENDDO         
  C:2AF5H         LINE#         976
  C:2AF5H         LINE#         977
  C:2AF5H         LINE#         978
  C:2AF8H         LINE#         980
  C:2AFDH         LINE#         981
  C:2AFEH         LINE#         982
  C:2AFFH         LINE#         983
  C:2B00H         LINE#         984
BL51 BANKED LINKER/LOCATER V6.22.4.0                                                  11/08/2024  16:15:52  PAGE 19


  C:2B01H         LINE#         985
  C:2B06H         LINE#         986
  C:2B09H         LINE#         988
  C:2B0FH         LINE#         989
  C:2B1CH         LINE#         990
  C:2B20H         LINE#         991
  C:2B21H         LINE#         992
  -------         ENDPROC       _GETADCRESULT
  -------         PROC          _TEMPERATURE_LPF
  D:0003H         SYMBOL        ch
  -------         DO            
  D:0004H         SYMBOL        a
  D:0002H         SYMBOL        i
  D:0007H         SYMBOL        j
  D:0006H         SYMBOL        k
  -------         ENDDO         
  C:219EH         LINE#         996
  C:21A0H         LINE#         997
  C:21A0H         LINE#         1000
  C:21A2H         LINE#         1001
  C:21A2H         LINE#         1002
  C:21B2H         LINE#         1003
  C:21B9H         LINE#         1004
  C:21BEH         LINE#         1005
  C:21C0H         LINE#         1006
  C:21C0H         LINE#         1007
  C:21C8H         LINE#         1008
  C:21C8H         LINE#         1009
  C:21E0H         LINE#         1010
  C:21E0H         LINE#         1011
  C:21E0H         LINE#         1012
  C:21F6H         LINE#         1013
  C:2201H         LINE#         1014
  C:2201H         LINE#         1015
  C:2204H         LINE#         1016
  C:2209H         LINE#         1017
  C:2214H         LINE#         1019
  -------         ENDPROC       _TEMPERATURE_LPF
  -------         PROC          _UART_SEND_BYTE
  D:0007H         SYMBOL        mydata
  C:2D4AH         LINE#         1050
  C:2D4AH         LINE#         1051
  C:2D4AH         LINE#         1053
  C:2D4CH         LINE#         1055
  C:2D4EH         LINE#         1056
  C:2D51H         LINE#         1057
  C:2D53H         LINE#         1060
  -------         ENDPROC       _UART_SEND_BYTE
  -------         PROC          DELAY50US
  -------         DO            
  D:0007H         SYMBOL        i
  D:0006H         SYMBOL        j
  -------         ENDDO         
  C:2D54H         LINE#         1078
  C:2D54H         LINE#         1079
  C:2D54H         LINE#         1082
  C:2D55H         LINE#         1083
BL51 BANKED LINKER/LOCATER V6.22.4.0                                                  11/08/2024  16:15:52  PAGE 20


  C:2D57H         LINE#         1084
  C:2D59H         LINE#         1086
  C:2D59H         LINE#         1087
  C:2D5BH         LINE#         1088
  C:2D5DH         LINE#         1090
  -------         ENDPROC       DELAY50US
  C:277AH         SYMBOL        L?0494
  C:2795H         SYMBOL        L?0495
  C:2797H         SYMBOL        L?0496
  -------         PROC          L?0493
  -------         ENDPROC       L?0493
  C:277AH         SYMBOL        L?0494
  C:2795H         SYMBOL        L?0495
  C:2797H         SYMBOL        L?0496
  -------         PROC          _TM1722_WRITE_BYTE
  D:0005H         SYMBOL        dat
  -------         DO            
  D:0007H         SYMBOL        i
  -------         ENDDO         
  C:279EH         LINE#         1102
  C:27A0H         LINE#         1103
  C:27A0H         LINE#         1106
  C:27A3H         LINE#         1107
  C:27A5H         LINE#         1108
  C:27A7H         LINE#         1109
  C:27A7H         LINE#         1110
  C:27A9H         LINE#         1111
  C:27ADH         LINE#         1112
  C:27AFH         LINE#         1113
  C:27B3H         LINE#         1114
  C:27B8H         LINE#         1115
  -------         ENDPROC       _TM1722_WRITE_BYTE
  -------         PROC          _TM1722_WRITE_WORD
  D:0002H         SYMBOL        num_addr
  D:0005H         SYMBOL        num
  -------         DO            
  X:029EH         SYMBOL        temp1
  D:0004H         SYMBOL        temp2
  D:0001H         SYMBOL        addr1
  D:0003H         SYMBOL        addr2
  C:22C8H         SYMBOL        next_num1
  -------         ENDDO         
  C:2242H         LINE#         1128
  C:2244H         LINE#         1129
  C:2244H         LINE#         1134
  C:2274H         LINE#         1135
  C:228AH         LINE#         1136
  C:22A1H         LINE#         1140
  C:22A3H         LINE#         1141
  C:22A5H         LINE#         1142
  C:22A7H         LINE#         1143
  C:22ACH         LINE#         1144
  C:22AEH         LINE#         1145
  C:22B3H         LINE#         1146
  C:22B5H         LINE#         1148
  C:22B9H         LINE#         1150
  C:22BEH         LINE#         1151
BL51 BANKED LINKER/LOCATER V6.22.4.0                                                  11/08/2024  16:15:52  PAGE 21


  C:22C6H         LINE#         1152
  C:22C8H         LINE#         1154
  C:22C9H         LINE#         1156
  C:22CEH         LINE#         1157
  C:22D0H         LINE#         1158
  C:22D0H         LINE#         1160
  C:22D3H         LINE#         1161
  C:22D5H         LINE#         1163
  -------         ENDPROC       _TM1722_WRITE_WORD
  C:2510H         SYMBOL        L?0515
  -------         PROC          L?0514
  -------         ENDPROC       L?0514
  C:2510H         SYMBOL        L?0515
  -------         PROC          _FAN_DIS
  D:0007H         SYMBOL        num
  C:2514H         LINE#         1166
  C:2514H         LINE#         1167
  C:2514H         LINE#         1168
  C:2520H         LINE#         1169
  C:252FH         LINE#         1170
  C:253EH         LINE#         1171
  C:254DH         LINE#         1172
  C:255CH         LINE#         1173
  C:256BH         LINE#         1174
  C:2578H         LINE#         1176
  C:257AH         LINE#         1177
  C:257CH         LINE#         1178
  C:257EH         LINE#         1179
  C:2583H         LINE#         1180
  C:2585H         LINE#         1181
  C:258AH         LINE#         1182
  C:258CH         LINE#         1185
  C:2591H         LINE#         1186
  C:2593H         LINE#         1187
  C:2593H         LINE#         1189
  C:2596H         LINE#         1190
  C:2598H         LINE#         1192
  -------         ENDPROC       _FAN_DIS
  -------         PROC          _LCD_CLEAR
  D:0007H         SYMBOL        dat
  C:2485H         LINE#         1202
  C:2485H         LINE#         1203
  C:2485H         LINE#         1205
  C:2489H         LINE#         1206
  C:248CH         LINE#         1207
  C:248FH         LINE#         1208
  C:2493H         LINE#         1209
  C:2496H         LINE#         1210
  C:249AH         LINE#         1211
  C:249EH         LINE#         1213
  C:24A0H         LINE#         1214
  C:24A2H         LINE#         1215
  C:24A4H         LINE#         1216
  C:24A9H         LINE#         1217
  C:24ABH         LINE#         1218
  C:24B0H         LINE#         1219
  C:24B2H         LINE#         1222
BL51 BANKED LINKER/LOCATER V6.22.4.0                                                  11/08/2024  16:15:52  PAGE 22


  C:24B7H         LINE#         1223
  C:24BEH         LINE#         1224
  C:24C0H         LINE#         1226
  C:24C5H         LINE#         1227
  C:24CBH         LINE#         1228
  C:24CDH         LINE#         1230
  C:24D2H         LINE#         1231
  C:24D8H         LINE#         1232
  C:24DAH         LINE#         1234
  C:24DFH         LINE#         1235
  C:24E6H         LINE#         1236
  C:24E8H         LINE#         1239
  C:24EDH         LINE#         1240
  C:24F3H         LINE#         1241
  C:24F5H         LINE#         1243
  C:24FAH         LINE#         1244
  C:2501H         LINE#         1245
  C:2503H         LINE#         1247
  C:2508H         LINE#         1248
  C:250AH         LINE#         1249
  C:250AH         LINE#         1251
  C:250DH         LINE#         1252
  C:250FH         LINE#         1254
  -------         ENDPROC       _LCD_CLEAR
  C:20F0H         SYMBOL        L?0498
  C:20F4H         SYMBOL        L?0499
  C:20F7H         SYMBOL        L?0500
  C:20FAH         SYMBOL        L?0501
  -------         PROC          L?0497
  -------         ENDPROC       L?0497
  C:20F0H         SYMBOL        L?0498
  C:20F4H         SYMBOL        L?0499
  C:20F7H         SYMBOL        L?0500
  C:20FAH         SYMBOL        L?0501
  -------         PROC          DIS1
  B:0024H.4       SYMBOL        sss
  X:0299H         SYMBOL        ss
  -------         DO            
  X:029BH         SYMBOL        a1
  X:029CH         SYMBOL        a2
  X:029DH         SYMBOL        a3
  -------         ENDDO         
  C:20FEH         LINE#         1258
  C:20FEH         LINE#         1259
  C:20FEH         LINE#         1261
  C:2104H         LINE#         1262
  C:2104H         LINE#         1263
  C:2126H         LINE#         1264
  C:2141H         LINE#         1265
  C:2155H         LINE#         1267
  C:215FH         LINE#         1268
  C:2169H         LINE#         1270
  C:2177H         LINE#         1271
  C:2181H         LINE#         1273
  C:2186H         LINE#         1275
  C:2188H         LINE#         1277
  C:2188H         LINE#         1278
BL51 BANKED LINKER/LOCATER V6.22.4.0                                                  11/08/2024  16:15:52  PAGE 23


  C:218FH         LINE#         1279
  C:2196H         LINE#         1280
  C:219DH         LINE#         1282
  C:219DH         LINE#         1284
  -------         ENDPROC       DIS1
  -------         PROC          L?0516
  -------         ENDPROC       L?0516
  -------         PROC          TEMP_DIS
  B:0024H.4       SYMBOL        on_off
  C:27FFH         LINE#         1290
  C:27FFH         LINE#         1291
  C:27FFH         LINE#         1292
  C:280AH         LINE#         1293
  C:280DH         LINE#         1295
  C:280FH         LINE#         1296
  C:2811H         LINE#         1297
  C:2813H         LINE#         1298
  C:2818H         LINE#         1299
  C:281AH         LINE#         1300
  C:281FH         LINE#         1301
  C:2821H         LINE#         1303
  C:2826H         LINE#         1304
  C:2828H         LINE#         1305
  C:2828H         LINE#         1308
  C:282BH         LINE#         1309
  C:282DH         LINE#         1310
  -------         ENDPROC       TEMP_DIS
  C:27D7H         SYMBOL        L?0503
  -------         PROC          L?0502
  -------         ENDPROC       L?0502
  C:27D7H         SYMBOL        L?0503
  -------         PROC          HOT_DIS
  B:0024H.4       SYMBOL        on_off
  C:27E5H         LINE#         1314
  C:27E5H         LINE#         1315
  C:27E5H         LINE#         1316
  C:27F0H         LINE#         1317
  C:27F3H         LINE#         1319
  C:27F3H         LINE#         1320
  C:27F3H         LINE#         1321
  C:27F3H         LINE#         1322
  C:27F3H         LINE#         1323
  C:27F3H         LINE#         1324
  C:27F3H         LINE#         1325
  C:27F3H         LINE#         1327
  C:27F3H         LINE#         1328
  C:27F3H         LINE#         1329
  C:27F3H         LINE#         1332
  C:27F6H         LINE#         1333
  C:27F8H         LINE#         1334
  -------         ENDPROC       HOT_DIS
  -------         PROC          HOT1_DIS
  B:0024H.4       SYMBOL        on_off
  C:2C69H         LINE#         1338
  C:2C69H         LINE#         1339
  C:2C69H         LINE#         1340
  C:2C74H         LINE#         1341
BL51 BANKED LINKER/LOCATER V6.22.4.0                                                  11/08/2024  16:15:52  PAGE 24


  C:2C77H         LINE#         1343
  C:2C77H         LINE#         1344
  C:2C77H         LINE#         1345
  C:2C77H         LINE#         1346
  C:2C77H         LINE#         1347
  C:2C77H         LINE#         1348
  C:2C77H         LINE#         1349
  C:2C77H         LINE#         1351
  C:2C77H         LINE#         1352
  C:2C77H         LINE#         1353
  C:2C77H         LINE#         1356
  C:2C7AH         LINE#         1357
  C:2C7CH         LINE#         1358
  -------         ENDPROC       HOT1_DIS
  -------         PROC          HOT2_DIS
  B:0024H.4       SYMBOL        on_off
  C:2C7DH         LINE#         1364
  C:2C7DH         LINE#         1365
  C:2C7DH         LINE#         1366
  C:2C88H         LINE#         1367
  C:2C8BH         LINE#         1369
  C:2C8BH         LINE#         1370
  C:2C8BH         LINE#         1371
  C:2C8BH         LINE#         1372
  C:2C8BH         LINE#         1373
  C:2C8BH         LINE#         1374
  C:2C8BH         LINE#         1375
  C:2C8BH         LINE#         1377
  C:2C8BH         LINE#         1378
  C:2C8BH         LINE#         1379
  C:2C8BH         LINE#         1382
  C:2C8EH         LINE#         1383
  C:2C90H         LINE#         1384
  -------         ENDPROC       HOT2_DIS
  -------         PROC          HOT3_DIS
  B:0024H.4       SYMBOL        on_off
  C:2C91H         LINE#         1389
  C:2C91H         LINE#         1390
  C:2C91H         LINE#         1391
  C:2C9CH         LINE#         1392
  C:2C9FH         LINE#         1394
  C:2C9FH         LINE#         1395
  C:2C9FH         LINE#         1396
  C:2C9FH         LINE#         1397
  C:2C9FH         LINE#         1398
  C:2C9FH         LINE#         1399
  C:2C9FH         LINE#         1400
  C:2C9FH         LINE#         1402
  C:2C9FH         LINE#         1403
  C:2C9FH         LINE#         1404
  C:2C9FH         LINE#         1407
  C:2CA2H         LINE#         1408
  C:2CA4H         LINE#         1409
  -------         ENDPROC       HOT3_DIS
  -------         PROC          H1_DIS
  B:0024H.4       SYMBOL        on_off
  C:2892H         LINE#         1415
BL51 BANKED LINKER/LOCATER V6.22.4.0                                                  11/08/2024  16:15:52  PAGE 25


  C:2892H         LINE#         1416
  C:2892H         LINE#         1417
  C:289DH         LINE#         1418
  C:28A0H         LINE#         1420
  C:28A2H         LINE#         1421
  C:28A4H         LINE#         1422
  C:28A6H         LINE#         1423
  C:28ABH         LINE#         1424
  C:28ADH         LINE#         1425
  C:28B2H         LINE#         1426
  C:28B4H         LINE#         1428
  C:28B9H         LINE#         1429
  C:28BBH         LINE#         1430
  C:28BBH         LINE#         1433
  C:28BEH         LINE#         1434
  C:28C0H         LINE#         1435
  -------         ENDPROC       H1_DIS
  -------         PROC          H2_DIS
  B:0024H.4       SYMBOL        on_off
  C:28C1H         LINE#         1438
  C:28C1H         LINE#         1439
  C:28C1H         LINE#         1440
  C:28CCH         LINE#         1441
  C:28CFH         LINE#         1443
  C:28D1H         LINE#         1444
  C:28D3H         LINE#         1445
  C:28D5H         LINE#         1446
  C:28DAH         LINE#         1447
  C:28DCH         LINE#         1448
  C:28E1H         LINE#         1449
  C:28E3H         LINE#         1451
  C:28E8H         LINE#         1452
  C:28EAH         LINE#         1453
  C:28EAH         LINE#         1456
  C:28EDH         LINE#         1457
  C:28EFH         LINE#         1458
  -------         ENDPROC       H2_DIS
  -------         PROC          H3_DIS
  B:0024H.4       SYMBOL        on_off
  C:28F0H         LINE#         1464
  C:28F0H         LINE#         1465
  C:28F0H         LINE#         1466
  C:28FBH         LINE#         1467
  C:28FEH         LINE#         1469
  C:2900H         LINE#         1470
  C:2902H         LINE#         1471
  C:2904H         LINE#         1472
  C:2909H         LINE#         1473
  C:290BH         LINE#         1474
  C:2910H         LINE#         1475
  C:2912H         LINE#         1477
  C:2917H         LINE#         1478
  C:2919H         LINE#         1479
  C:2919H         LINE#         1482
  C:291CH         LINE#         1483
  C:291EH         LINE#         1484
  -------         ENDPROC       H3_DIS
BL51 BANKED LINKER/LOCATER V6.22.4.0                                                  11/08/2024  16:15:52  PAGE 26


  -------         PROC          TB_DIS
  B:0024H.4       SYMBOL        on_off
  C:291FH         LINE#         1488
  C:291FH         LINE#         1489
  C:291FH         LINE#         1490
  C:292AH         LINE#         1491
  C:292DH         LINE#         1493
  C:292FH         LINE#         1494
  C:2931H         LINE#         1495
  C:2933H         LINE#         1496
  C:2938H         LINE#         1497
  C:293AH         LINE#         1498
  C:293FH         LINE#         1499
  C:2941H         LINE#         1501
  C:2946H         LINE#         1502
  C:2948H         LINE#         1503
  C:2948H         LINE#         1506
  C:294BH         LINE#         1507
  C:294DH         LINE#         1508
  -------         ENDPROC       TB_DIS
  -------         PROC          JG_DIS
  B:0024H.4       SYMBOL        on_off
  C:294EH         LINE#         1516
  C:294EH         LINE#         1517
  C:294EH         LINE#         1518
  C:2959H         LINE#         1519
  C:295CH         LINE#         1521
  C:295EH         LINE#         1522
  C:2960H         LINE#         1523
  C:2962H         LINE#         1524
  C:2967H         LINE#         1525
  C:2969H         LINE#         1526
  C:296EH         LINE#         1527
  C:2970H         LINE#         1529
  C:2975H         LINE#         1530
  C:2977H         LINE#         1531
  C:2977H         LINE#         1534
  C:297AH         LINE#         1535
  C:297CH         LINE#         1536
  -------         ENDPROC       JG_DIS
  -------         PROC          MODE_DIS
  B:0024H.4       SYMBOL        on_off
  C:297DH         LINE#         1543
  C:297DH         LINE#         1544
  C:297DH         LINE#         1545
  C:2988H         LINE#         1546
  C:298BH         LINE#         1548
  C:298DH         LINE#         1549
  C:298FH         LINE#         1550
  C:2991H         LINE#         1551
  C:2996H         LINE#         1552
  C:2998H         LINE#         1553
  C:299DH         LINE#         1554
  C:299FH         LINE#         1556
  C:29A4H         LINE#         1557
  C:29A6H         LINE#         1558
  C:29A6H         LINE#         1561
BL51 BANKED LINKER/LOCATER V6.22.4.0                                                  11/08/2024  16:15:52  PAGE 27


  C:29A9H         LINE#         1562
  C:29ABH         LINE#         1563
  -------         ENDPROC       MODE_DIS
  -------         PROC          BF_DIS
  B:0024H.4       SYMBOL        on_off
  C:29ACH         LINE#         1572
  C:29ACH         LINE#         1573
  C:29ACH         LINE#         1574
  C:29B7H         LINE#         1575
  C:29BAH         LINE#         1577
  C:29BCH         LINE#         1578
  C:29BEH         LINE#         1579
  C:29C0H         LINE#         1580
  C:29C5H         LINE#         1581
  C:29C7H         LINE#         1582
  C:29CCH         LINE#         1583
  C:29CEH         LINE#         1585
  C:29D3H         LINE#         1586
  C:29D5H         LINE#         1587
  C:29D5H         LINE#         1590
  C:29D8H         LINE#         1591
  C:29DAH         LINE#         1592
  -------         ENDPROC       BF_DIS
  -------         PROC          SET_DIS
  B:0023H.5       SYMBOL        on_off
  C:29DBH         LINE#         1598
  C:29DBH         LINE#         1599
  C:29DBH         LINE#         1600
  C:29E6H         LINE#         1601
  C:29E9H         LINE#         1603
  C:29EBH         LINE#         1604
  C:29EDH         LINE#         1605
  C:29EFH         LINE#         1606
  C:29F4H         LINE#         1607
  C:29F6H         LINE#         1608
  C:29FBH         LINE#         1609
  C:29FDH         LINE#         1611
  C:2A02H         LINE#         1612
  C:2A04H         LINE#         1613
  C:2A04H         LINE#         1616
  C:2A07H         LINE#         1617
  C:2A09H         LINE#         1618
  -------         ENDPROC       SET_DIS
  -------         PROC          CUR_DIS
  B:0023H.6       SYMBOL        on_off
  C:2A0AH         LINE#         1622
  C:2A0AH         LINE#         1623
  C:2A0AH         LINE#         1624
  C:2A15H         LINE#         1625
  C:2A18H         LINE#         1627
  C:2A1AH         LINE#         1628
  C:2A1CH         LINE#         1629
  C:2A1EH         LINE#         1630
  C:2A23H         LINE#         1631
  C:2A25H         LINE#         1632
  C:2A2AH         LINE#         1633
  C:2A2CH         LINE#         1635
BL51 BANKED LINKER/LOCATER V6.22.4.0                                                  11/08/2024  16:15:52  PAGE 28


  C:2A31H         LINE#         1636
  C:2A33H         LINE#         1637
  C:2A33H         LINE#         1640
  C:2A36H         LINE#         1641
  C:2A38H         LINE#         1642
  -------         ENDPROC       CUR_DIS
  -------         PROC          F_DIS
  B:0023H.7       SYMBOL        on_off
  C:2CA5H         LINE#         1647
  C:2CA5H         LINE#         1648
  C:2CA5H         LINE#         1649
  C:2CB0H         LINE#         1650
  C:2CB3H         LINE#         1652
  C:2CB3H         LINE#         1653
  C:2CB3H         LINE#         1654
  C:2CB3H         LINE#         1655
  C:2CB3H         LINE#         1656
  C:2CB3H         LINE#         1657
  C:2CB3H         LINE#         1658
  C:2CB3H         LINE#         1660
  C:2CB3H         LINE#         1661
  C:2CB3H         LINE#         1662
  C:2CB3H         LINE#         1665
  C:2CB6H         LINE#         1666
  C:2CB8H         LINE#         1667
  -------         ENDPROC       F_DIS
  -------         PROC          M_DIS
  B:0024H.0       SYMBOL        on_off
  C:2CB9H         LINE#         1673
  C:2CB9H         LINE#         1674
  C:2CB9H         LINE#         1675
  C:2CC4H         LINE#         1676
  C:2CC7H         LINE#         1678
  C:2CC7H         LINE#         1679
  C:2CC7H         LINE#         1680
  C:2CC7H         LINE#         1681
  C:2CC7H         LINE#         1682
  C:2CC7H         LINE#         1683
  C:2CC7H         LINE#         1684
  C:2CC7H         LINE#         1686
  C:2CC7H         LINE#         1687
  C:2CC7H         LINE#         1688
  C:2CC7H         LINE#         1691
  C:2CCAH         LINE#         1692
  C:2CCCH         LINE#         1693
  -------         ENDPROC       M_DIS
  -------         PROC          R_DIS
  B:0024H.1       SYMBOL        on_off
  C:2CCDH         LINE#         1698
  C:2CCDH         LINE#         1699
  C:2CCDH         LINE#         1700
  C:2CD8H         LINE#         1701
  C:2CDBH         LINE#         1703
  C:2CDBH         LINE#         1704
  C:2CDBH         LINE#         1705
  C:2CDBH         LINE#         1706
  C:2CDBH         LINE#         1707
BL51 BANKED LINKER/LOCATER V6.22.4.0                                                  11/08/2024  16:15:52  PAGE 29


  C:2CDBH         LINE#         1708
  C:2CDBH         LINE#         1709
  C:2CDBH         LINE#         1711
  C:2CDBH         LINE#         1712
  C:2CDBH         LINE#         1713
  C:2CDBH         LINE#         1716
  C:2CDEH         LINE#         1717
  C:2CE0H         LINE#         1718
  -------         ENDPROC       R_DIS
  -------         PROC          P1_DIS
  B:0024H.2       SYMBOL        on_off
  C:2A39H         LINE#         1723
  C:2A39H         LINE#         1724
  C:2A39H         LINE#         1725
  C:2A44H         LINE#         1726
  C:2A47H         LINE#         1728
  C:2A49H         LINE#         1729
  C:2A4BH         LINE#         1730
  C:2A4DH         LINE#         1731
  C:2A52H         LINE#         1732
  C:2A54H         LINE#         1733
  C:2A59H         LINE#         1734
  C:2A5BH         LINE#         1736
  C:2A60H         LINE#         1737
  C:2A62H         LINE#         1738
  C:2A62H         LINE#         1741
  C:2A65H         LINE#         1742
  C:2A67H         LINE#         1743
  -------         ENDPROC       P1_DIS
  -------         PROC          P2_DIS
  B:0024H.3       SYMBOL        on_off
  C:2A68H         LINE#         1748
  C:2A68H         LINE#         1749
  C:2A68H         LINE#         1750
  C:2A73H         LINE#         1751
  C:2A76H         LINE#         1753
  C:2A78H         LINE#         1754
  C:2A7AH         LINE#         1755
  C:2A7CH         LINE#         1756
  C:2A81H         LINE#         1757
  C:2A83H         LINE#         1758
  C:2A88H         LINE#         1759
  C:2A8AH         LINE#         1761
  C:2A8FH         LINE#         1762
  C:2A91H         LINE#         1763
  C:2A91H         LINE#         1766
  C:2A94H         LINE#         1767
  C:2A96H         LINE#         1768
  -------         ENDPROC       P2_DIS
  -------         PROC          S13_DIS
  B:0024H.4       SYMBOL        on_off
  C:2CE1H         LINE#         1773
  C:2CE1H         LINE#         1774
  C:2CE1H         LINE#         1775
  C:2CECH         LINE#         1776
  C:2CEFH         LINE#         1778
  C:2CEFH         LINE#         1779
BL51 BANKED LINKER/LOCATER V6.22.4.0                                                  11/08/2024  16:15:52  PAGE 30


  C:2CEFH         LINE#         1780
  C:2CEFH         LINE#         1781
  C:2CEFH         LINE#         1782
  C:2CEFH         LINE#         1783
  C:2CEFH         LINE#         1784
  C:2CEFH         LINE#         1786
  C:2CEFH         LINE#         1787
  C:2CEFH         LINE#         1788
  C:2CEFH         LINE#         1791
  C:2CF2H         LINE#         1792
  C:2CF4H         LINE#         1793
  -------         ENDPROC       S13_DIS
  -------         PROC          S14_DIS
  B:0024H.4       SYMBOL        on_off
  C:2A97H         LINE#         1798
  C:2A97H         LINE#         1799
  C:2A97H         LINE#         1800
  C:2AA2H         LINE#         1801
  C:2AA5H         LINE#         1803
  C:2AA7H         LINE#         1804
  C:2AA9H         LINE#         1805
  C:2AABH         LINE#         1806
  C:2AB0H         LINE#         1807
  C:2AB2H         LINE#         1808
  C:2AB7H         LINE#         1809
  C:2AB9H         LINE#         1811
  C:2ABEH         LINE#         1812
  C:2AC0H         LINE#         1813
  C:2AC0H         LINE#         1816
  C:2AC3H         LINE#         1817
  C:2AC5H         LINE#         1818
  -------         ENDPROC       S14_DIS
  -------         PROC          S15_DIS
  B:0024H.4       SYMBOL        on_off
  C:2AC6H         LINE#         1821
  C:2AC6H         LINE#         1822
  C:2AC6H         LINE#         1823
  C:2AD1H         LINE#         1824
  C:2AD4H         LINE#         1826
  C:2AD6H         LINE#         1827
  C:2AD8H         LINE#         1828
  C:2ADAH         LINE#         1829
  C:2ADFH         LINE#         1830
  C:2AE1H         LINE#         1831
  C:2AE6H         LINE#         1832
  C:2AE8H         LINE#         1834
  C:2AEDH         LINE#         1835
  C:2AEFH         LINE#         1836
  C:2AEFH         LINE#         1839
  C:2AF2H         LINE#         1840
  C:2AF4H         LINE#         1841
  -------         ENDPROC       S15_DIS
  -------         PROC          _HOT_SELECT
  D:0007H         SYMBOL        dd
  C:1E8BH         LINE#         1848
  C:1E8BH         LINE#         1849
  C:1E8BH         LINE#         1850
BL51 BANKED LINKER/LOCATER V6.22.4.0                                                  11/08/2024  16:15:52  PAGE 31


  C:1EB8H         LINE#         1851
  C:1EB8H         LINE#         1852
  C:1ED0H         LINE#         1853
  C:1EE8H         LINE#         1854
  C:1EFBH         LINE#         1855
  C:1F0EH         LINE#         1856
  C:1F26H         LINE#         1857
  C:1F43H         LINE#         1858
  C:1F61H         LINE#         1859
  C:1F61H         LINE#         1862
  -------         ENDPROC       _HOT_SELECT
  -------         PROC          MODE_CHOSE
  C:26E1H         LINE#         1869
  C:26E1H         LINE#         1870
  C:26E1H         LINE#         1871
  C:26E4H         LINE#         1873
  C:26E9H         LINE#         1876
  C:2701H         LINE#         1879
  C:2704H         LINE#         1880
  C:2709H         LINE#         1882
  C:270CH         LINE#         1884
  C:2713H         LINE#         1886
  C:2722H         LINE#         1888
  C:2727H         LINE#         1889
  C:272CH         LINE#         1890
  -------         ENDPROC       MODE_CHOSE
  -------         PROC          _PWM_SET
  D:0006H         SYMBOL        pwmdata
  C:2D14H         LINE#         1897
  C:2D14H         LINE#         1898
  C:2D14H         LINE#         1900
  C:2D17H         LINE#         1901
  C:2D1FH         LINE#         1903
  C:2D22H         LINE#         1905
  -------         ENDPROC       _PWM_SET
  -------         PROC          FAN_RUN
  C:2D5EH         LINE#         1910
  C:2D5EH         LINE#         1911
  C:2D5EH         LINE#         1912
  C:2D61H         LINE#         1913
  C:2D64H         LINE#         1914
  C:2D67H         LINE#         1916
  -------         ENDPROC       FAN_RUN
  -------         PROC          FAN_STOP
  C:2C13H         LINE#         1922
  C:2C13H         LINE#         1923
  C:2C13H         LINE#         1924
  C:2C1AH         LINE#         1925
  C:2C1DH         LINE#         1926
  C:2C20H         LINE#         1927
  C:2C23H         LINE#         1928
  C:2C29H         LINE#         1930
  -------         ENDPROC       FAN_STOP
  C:22D6H         SYMBOL        L?0513
  -------         PROC          L?0512
  -------         ENDPROC       L?0512
  C:22D6H         SYMBOL        L?0513
BL51 BANKED LINKER/LOCATER V6.22.4.0                                                  11/08/2024  16:15:52  PAGE 32


  -------         PROC          _FAN_RUN_STOP
  D:0007H         SYMBOL        dd
  C:22DAH         LINE#         1936
  C:22DAH         LINE#         1937
  C:22DAH         LINE#         1938
  C:22FFH         LINE#         1939
  C:22FFH         LINE#         1940
  C:2305H         LINE#         1942
  C:2315H         LINE#         1944
  C:2325H         LINE#         1946
  C:2335H         LINE#         1948
  C:2345H         LINE#         1950
  C:2355H         LINE#         1952
  C:2368H         LINE#         1954
  C:2368H         LINE#         1956
  -------         ENDPROC       _FAN_RUN_STOP
  -------         PROC          _SEND_BUFFER
  X:02B9H         SYMBOL        buf
  D:0004H         SYMBOL        len
  C:282EH         LINE#         1961
  C:2839H         LINE#         1962
  C:2839H         LINE#         1963
  C:2843H         LINE#         1964
  C:2845H         LINE#         1965
  C:285AH         LINE#         1966
  C:285DH         LINE#         1967
  C:285FH         LINE#         1968
  C:2861H         LINE#         1969
  -------         ENDPROC       _SEND_BUFFER
  -------         PROC          UART
  C:261FH         LINE#         1975
  C:2632H         LINE#         1977
  C:2635H         LINE#         1978
  C:2637H         LINE#         1979
  C:263CH         LINE#         1980
  C:2651H         LINE#         1981
  C:266AH         LINE#         1982
  C:2679H         LINE#         1983
  C:2679H         LINE#         1985
  -------         ENDPROC       UART
  -------         PROC          TIME_INSET
  C:2B6AH         LINE#         1989
  C:2B6AH         LINE#         1990
  C:2B6AH         LINE#         1991
  C:2B83H         LINE#         1992
  C:2B8AH         LINE#         1993
  -------         ENDPROC       TIME_INSET
  -------         PROC          EXINT0
  C:2B22H         LINE#         1997
  C:2B29H         LINE#         1999
  C:2B2FH         LINE#         2000
  C:2B37H         LINE#         2001
  C:2B3AH         LINE#         2002
  C:2B3CH         LINE#         2003
  C:2B3EH         LINE#         2004
  C:2B40H         LINE#         2005
  C:2B42H         LINE#         2006
BL51 BANKED LINKER/LOCATER V6.22.4.0                                                  11/08/2024  16:15:52  PAGE 33


  -------         ENDPROC       EXINT0
  -------         PROC          TM0_ISR
  C:2599H         LINE#         2010
  C:25A6H         LINE#         2012
  C:25A9H         LINE#         2013
  C:25D5H         LINE#         2014
  C:25D5H         LINE#         2015
  C:25D9H         LINE#         2016
  C:25DFH         LINE#         2017
  C:25E3H         LINE#         2018
  C:25E9H         LINE#         2019
  C:25EFH         LINE#         2020
  C:25F3H         LINE#         2021
  C:25F5H         LINE#         2023
  C:25F5H         LINE#         2025
  C:25F7H         LINE#         2026
  C:25FFH         LINE#         2027
  C:2602H         LINE#         2028
  C:2604H         LINE#         2029
  C:2606H         LINE#         2030
  C:2608H         LINE#         2032
  C:260AH         LINE#         2033
  C:2614H         LINE#         2034
  -------         ENDPROC       TM0_ISR
  -------         PROC          T3INT
  C:1D95H         LINE#         2052
  C:1DA2H         LINE#         2055
  C:1DB8H         LINE#         2056
  C:1DB8H         LINE#         2057
  C:1DC6H         LINE#         2058
  C:1DCAH         LINE#         2059
  C:1DCAH         LINE#         2060
  C:1DCAH         LINE#         2064
  C:1DD1H         LINE#         2066
  C:1DD4H         LINE#         2067
  C:1DD4H         LINE#         2068
  C:1DD7H         LINE#         2069
  C:1DDDH         LINE#         2070
  C:1DDDH         LINE#         2071
  C:1DDFH         LINE#         2072
  C:1DE1H         LINE#         2073
  C:1DEFH         LINE#         2075
  C:1DEFH         LINE#         2077
  C:1DEFH         LINE#         2079
  C:1DF2H         LINE#         2080
  C:1DFCH         LINE#         2083
  C:1DFFH         LINE#         2084
  C:1DFFH         LINE#         2085
  C:1E02H         LINE#         2086
  C:1E0EH         LINE#         2087
  C:1E0EH         LINE#         2090
  C:1E11H         LINE#         2091
  C:1E11H         LINE#         2092
  C:1E14H         LINE#         2093
  C:1E20H         LINE#         2095
  C:1E20H         LINE#         2101
  C:1E23H         LINE#         2102
BL51 BANKED LINKER/LOCATER V6.22.4.0                                                  11/08/2024  16:15:52  PAGE 34


  C:1E23H         LINE#         2104
  C:1E31H         LINE#         2105
  C:1E34H         LINE#         2107
  C:1E34H         LINE#         2113
  C:1E37H         LINE#         2114
  C:1E37H         LINE#         2115
  C:1E3FH         LINE#         2116
  C:1E52H         LINE#         2119
  C:1E60H         LINE#         2120
  C:1E63H         LINE#         2122
  C:1E65H         LINE#         2124
  C:1E65H         LINE#         2125
  C:1E6DH         LINE#         2126
  C:1E80H         LINE#         2129
  C:1E80H         LINE#         2133
  -------         ENDPROC       T3INT
  -------         PROC          MAIN
  -------         DO            
  C:013EH         SYMBOL        restar
  C:026BH         SYMBOL        restar2
  -------         ENDDO         
  C:009EH         LINE#         2139
  C:009EH         LINE#         2140
  C:009EH         LINE#         2142
  C:00A0H         LINE#         2143
  C:00A2H         LINE#         2144
  C:00A4H         LINE#         2145
  C:00A6H         LINE#         2147
  C:00A9H         LINE#         2148
  C:00ACH         LINE#         2152
  C:00AFH         LINE#         2153
  C:00B2H         LINE#         2156
  C:00B5H         LINE#         2157
  C:00B7H         LINE#         2160
  C:00B9H         LINE#         2161
  C:00BBH         LINE#         2163
  C:00BDH         LINE#         2164
  C:00BFH         LINE#         2166
  C:00C1H         LINE#         2167
  C:00C3H         LINE#         2169
  C:00C9H         LINE#         2173
[...]
  C:15D7H         LINE#         213
  C:15DEH         LINE#         214
  C:15F0H         LINE#         215
  C:15FAH         LINE#         216
  C:1602H         LINE#         217
  C:160CH         LINE#         218
  C:161FH         LINE#         219
  C:162DH         LINE#         220
  C:162FH         LINE#         221
  C:163AH         LINE#         222
  C:1647H         LINE#         223
  C:165FH         LINE#         224
  C:1678H         LINE#         225
  C:1686H         LINE#         226
  C:168FH         LINE#         229
  C:1697H         LINE#         230
  -------         ENDPROC       _FUNCTION_READ_DISCREATE_INPUT_2
  -------         PROC          _FUNCTION_READ_HOLDING_REGISTERS_3
  X:02A2H         SYMBOL        buf
  -------         DO            
  X:02A5H         SYMBOL        ret
  X:02A7H         SYMBOL        out_count
  X:02A8H         SYMBOL        start_address
  X:02AAH         SYMBOL        count
  X:02ACH         SYMBOL        crc
  X:02AEH         SYMBOL        send_total_count
  -------         ENDDO         
  C:0864H         LINE#         233
  C:086FH         LINE#         234
  C:086FH         LINE#         235
  C:0874H         LINE#         236
  C:0876H         LINE#         237
  C:087AH         LINE#         238
  C:087EH         LINE#         239
  C:0882H         LINE#         240
  C:0886H         LINE#         243
  C:089EH         LINE#         244
  C:08B2H         LINE#         245
  C:08BFH         LINE#         246
  C:08D3H         LINE#         247
  C:08DFH         LINE#         251
  C:08F5H         LINE#         252
  C:08FBH         LINE#         253
  C:0903H         LINE#         254
BL51 BANKED LINKER/LOCATER V6.22.4.0                                                  11/08/2024  16:15:52  PAGE 44


  C:0907H         LINE#         255
  C:0907H         LINE#         260
  C:091EH         LINE#         261
  C:092CH         LINE#         262
  C:0933H         LINE#         263
  C:0945H         LINE#         264
  C:094FH         LINE#         265
  C:0957H         LINE#         266
  C:0971H         LINE#         267
  C:0971H         LINE#         268
  C:0982H         LINE#         270
  C:09A6H         LINE#         271
  C:09CAH         LINE#         273
  C:09EEH         LINE#         274
  C:0A12H         LINE#         275
  C:0A36H         LINE#         276
  C:0A5AH         LINE#         278
  C:0A7EH         LINE#         279
  C:0AA2H         LINE#         280
  C:0AA5H         LINE#         281
  C:0AB0H         LINE#         282
  C:0ABDH         LINE#         283
  C:0AD5H         LINE#         284
  C:0AEEH         LINE#         285
  C:0AFCH         LINE#         286
  C:0B05H         LINE#         287
  C:0B0EH         LINE#         288
  C:0B10H         LINE#         290
  C:0B33H         LINE#         291
  C:0B3BH         LINE#         292
  -------         ENDPROC       _FUNCTION_READ_HOLDING_REGISTERS_3
  -------         PROC          _FUNCTION_READ_INPUT_REGISTERS_4
  X:02A2H         SYMBOL        buf
  -------         DO            
  X:02A5H         SYMBOL        ret
  X:02A7H         SYMBOL        out_count
  X:02A8H         SYMBOL        start_address
  X:02AAH         SYMBOL        count
  X:02ACH         SYMBOL        crc
  X:02AEH         SYMBOL        send_total_count
  -------         ENDDO         
  C:0B3CH         LINE#         295
  C:0B47H         LINE#         296
  C:0B47H         LINE#         297
  C:0B4CH         LINE#         298
  C:0B4EH         LINE#         299
  C:0B52H         LINE#         300
  C:0B56H         LINE#         301
  C:0B5AH         LINE#         302
  C:0B5EH         LINE#         305
  C:0B76H         LINE#         306
  C:0B8AH         LINE#         307
  C:0B97H         LINE#         308
  C:0BABH         LINE#         309
  C:0BB7H         LINE#         313
  C:0BCDH         LINE#         314
  C:0BD3H         LINE#         315
BL51 BANKED LINKER/LOCATER V6.22.4.0                                                  11/08/2024  16:15:52  PAGE 45


  C:0BDBH         LINE#         316
  C:0BDFH         LINE#         317
  C:0BDFH         LINE#         323
  C:0BE6H         LINE#         324
  C:0BF8H         LINE#         325
  C:0C02H         LINE#         326
  C:0C0AH         LINE#         327
  C:0C24H         LINE#         328
  C:0C24H         LINE#         329
  C:0C35H         LINE#         331
  C:0C59H         LINE#         332
  C:0C7DH         LINE#         334
  C:0CA1H         LINE#         335
  C:0CC5H         LINE#         336
  C:0CE9H         LINE#         337
  C:0D0DH         LINE#         339
  C:0D31H         LINE#         340
  C:0D55H         LINE#         341
  C:0D58H         LINE#         342
  C:0D63H         LINE#         343
  C:0D70H         LINE#         344
  C:0D88H         LINE#         345
  C:0DA1H         LINE#         346
  C:0DAFH         LINE#         347
  C:0DB8H         LINE#         348
  C:0DBAH         LINE#         351
  C:0DDDH         LINE#         352
  C:0DE5H         LINE#         353
  -------         ENDPROC       _FUNCTION_READ_INPUT_REGISTERS_4
  -------         PROC          _FUNCTION_WRITE_SINGLE_COIL_5
  X:02A2H         SYMBOL        buf
  X:02A5H         SYMBOL        len
  -------         DO            
  X:02A7H         SYMBOL        ret
  X:02A9H         SYMBOL        start_address
  D:0006H         SYMBOL        value
  -------         ENDDO         
  C:2369H         LINE#         356
  C:237AH         LINE#         357
  C:237AH         LINE#         358
  C:237FH         LINE#         359
  C:2383H         LINE#         360
  C:2383H         LINE#         363
  C:239BH         LINE#         364
  C:23AFH         LINE#         365
  C:23B8H         LINE#         366
  C:23C3H         LINE#         370
  C:23CDH         LINE#         371
  C:23D0H         LINE#         372
  C:23D8H         LINE#         373
  C:23DCH         LINE#         374
  C:23DCH         LINE#         384
  C:23F0H         LINE#         387
  C:23F8H         LINE#         388
  -------         ENDPROC       _FUNCTION_WRITE_SINGLE_COIL_5
  -------         PROC          _FUNCTION_WRITE_SINGLE_REGISTER_6
  X:02A2H         SYMBOL        buf
BL51 BANKED LINKER/LOCATER V6.22.4.0                                                  11/08/2024  16:15:52  PAGE 46


  X:02A5H         SYMBOL        len
  -------         DO            
  X:02A7H         SYMBOL        ret
  X:02A9H         SYMBOL        start_address
  D:0006H         SYMBOL        value
  -------         ENDDO         
  C:1698H         LINE#         391
  C:16A9H         LINE#         392
  C:16A9H         LINE#         393
  C:16AEH         LINE#         394
  C:16B2H         LINE#         395
  C:16B2H         LINE#         399
  C:16CAH         LINE#         400
  C:16DEH         LINE#         401
  C:16E7H         LINE#         402
  C:16F2H         LINE#         406
  C:1700H         LINE#         407
  C:1706H         LINE#         408
  C:170EH         LINE#         409
  C:1712H         LINE#         410
  C:1712H         LINE#         411
  C:1729H         LINE#         412
  C:1729H         LINE#         413
  C:174BH         LINE#         414
  C:174FH         LINE#         415
  C:1751H         LINE#         418
  C:1751H         LINE#         419
  C:1751H         LINE#         420
  C:1751H         LINE#         421
  C:1754H         LINE#         422
  C:176BH         LINE#         423
  C:176BH         LINE#         424
  C:177FH         LINE#         425
  C:1781H         LINE#         426
  C:1781H         LINE#         427
  C:1781H         LINE#         428
  C:1783H         LINE#         430
  C:179AH         LINE#         431
  C:179AH         LINE#         432
  C:17B0H         LINE#         434
  C:17B0H         LINE#         435
  C:17B0H         LINE#         436
  C:17B2H         LINE#         438
  C:17C9H         LINE#         439
  C:17C9H         LINE#         440
  C:17DFH         LINE#         442
  C:17EAH         LINE#         443
  C:17F3H         LINE#         444
  C:17F3H         LINE#         446
  C:17FBH         LINE#         447
  -------         ENDPROC       _FUNCTION_WRITE_SINGLE_REGISTER_6
  -------         PROC          _FUNCTION_WRITE_MULTIPLE_COILS_F
  X:02A2H         SYMBOL        buf
  -------         DO            
  X:02A5H         SYMBOL        ret
  X:02A7H         SYMBOL        crc
  X:02A9H         SYMBOL        start_address
BL51 BANKED LINKER/LOCATER V6.22.4.0                                                  11/08/2024  16:15:52  PAGE 47


  D:0006H         SYMBOL        count
  X:02ABH         SYMBOL        localbufLength
  X:02ACH         SYMBOL        index
  -------         ENDDO         
  C:1A5DH         LINE#         458
  C:1A68H         LINE#         459
  C:1A68H         LINE#         460
  C:1A6DH         LINE#         461
  C:1A71H         LINE#         462
  C:1A75H         LINE#         463
  C:1A75H         LINE#         464
  C:1A77H         LINE#         465
  C:1A79H         LINE#         469
  C:1A91H         LINE#         470
  C:1AA5H         LINE#         471
  C:1AAEH         LINE#         472
  C:1AB9H         LINE#         476
  C:1ACBH         LINE#         477
  C:1AD1H         LINE#         478
  C:1AD9H         LINE#         479
  C:1ADDH         LINE#         480
  C:1ADDH         LINE#         484
  C:1AF2H         LINE#         485
  C:1B00H         LINE#         486
  C:1B27H         LINE#         487
  C:1B2FH         LINE#         490
  C:1B49H         LINE#         491
  C:1B63H         LINE#         492
  C:1B6AH         LINE#         493
  C:1B71H         LINE#         494
  C:1B79H         LINE#         495
  -------         ENDPROC       _FUNCTION_WRITE_MULTIPLE_COILS_F
  -------         PROC          _FUNCTION_WRITE_MULTIPLE_REGISTERS_10
  X:02A2H         SYMBOL        buf
  -------         DO            
  X:02A5H         SYMBOL        ret
  X:02A7H         SYMBOL        crc
  X:02A9H         SYMBOL        start_address
  D:0006H         SYMBOL        count
  X:02ABH         SYMBOL        localbufLength
  X:02ACH         SYMBOL        index
  -------         ENDDO         
  C:17FCH         LINE#         504
  C:1807H         LINE#         505
  C:1807H         LINE#         506
  C:180CH         LINE#         507
  C:1810H         LINE#         508
  C:1814H         LINE#         509
  C:1814H         LINE#         510
  C:1816H         LINE#         511
  C:1818H         LINE#         515
  C:1830H         LINE#         516
  C:1844H         LINE#         517
  C:184DH         LINE#         518
  C:1858H         LINE#         522
  C:186AH         LINE#         523
  C:1870H         LINE#         524
BL51 BANKED LINKER/LOCATER V6.22.4.0                                                  11/08/2024  16:15:52  PAGE 48


  C:1877H         LINE#         525
  C:187AH         LINE#         526
  C:187AH         LINE#         529
  C:18ACH         LINE#         530
  C:18B3H         LINE#         531
  C:18B5H         LINE#         532
  C:18B5H         LINE#         535
  C:18C6H         LINE#         536
  C:18CFH         LINE#         537
  C:18D8H         LINE#         538
  C:18E1H         LINE#         539
  C:18EAH         LINE#         542
  C:18F9H         LINE#         543
  C:1913H         LINE#         544
  C:191AH         LINE#         545
  C:1921H         LINE#         547
  C:1923H         LINE#         548
  C:192CH         LINE#         549
  C:192FH         LINE#         550
  -------         ENDPROC       _FUNCTION_WRITE_MULTIPLE_REGISTERS_10
  -------         PROC          _FUNCTION_READ_WRITE_MULTIPLE_REGISTERS_17
  X:02A2H         SYMBOL        buf
  -------         DO            
  X:02A5H         SYMBOL        ret
  X:02A7H         SYMBOL        crc
  X:02A9H         SYMBOL        read_start_address
  D:0006H         SYMBOL        write_start_address
  X:02ABH         SYMBOL        readCount
  X:02ADH         SYMBOL        writebytes
  X:02AEH         SYMBOL        writeCount
  X:02B0H         SYMBOL        localbufLength
  X:02B1H         SYMBOL        index
  X:02B2H         SYMBOL        send_total_count
  -------         ENDDO         
  C:0DE6H         LINE#         559
  C:0DF1H         LINE#         560
  C:0DF1H         LINE#         561
  C:0DF6H         LINE#         562
  C:0DFAH         LINE#         563
  C:0DFEH         LINE#         564
  C:0DFEH         LINE#         565
  C:0E02H         LINE#         566
  C:0E04H         LINE#         567
  C:0E08H         LINE#         568
  C:0E0AH         LINE#         569
  C:0E0CH         LINE#         570
  C:0E10H         LINE#         574
  C:0E28H         LINE#         575
  C:0E3CH         LINE#         576
  C:0E49H         LINE#         577
  C:0E5DH         LINE#         579
  C:0E63H         LINE#         580
  C:0E69H         LINE#         581
  C:0E76H         LINE#         582
  C:0E8AH         LINE#         584
  C:0E94H         LINE#         587
  C:0EADH         LINE#         588
BL51 BANKED LINKER/LOCATER V6.22.4.0                                                  11/08/2024  16:15:52  PAGE 49


  C:0EADH         LINE#         589
  C:0EADH         LINE#         590
  C:0EAFH         LINE#         591
  C:0EAFH         LINE#         592
  C:0EC8H         LINE#         593
  C:0ECEH         LINE#         594
  C:0ED6H         LINE#         595
  C:0EDAH         LINE#         596
  C:0EDAH         LINE#         600
  C:0EE2H         LINE#         601
  C:0EF0H         LINE#         602
  C:0F17H         LINE#         603
  C:0F1FH         LINE#         606
  C:0F26H         LINE#         607
  C:0F38H         LINE#         608
  C:0F42H         LINE#         609
  C:0F4BH         LINE#         610
  C:0F59H         LINE#         611
  C:0F6CH         LINE#         612
  C:0F7AH         LINE#         613
  C:0F8DH         LINE#         614
  C:0F9BH         LINE#         615
  C:0F9DH         LINE#         616
  C:0FA8H         LINE#         617
  C:0FB5H         LINE#         618
  C:0FCDH         LINE#         619
  C:0FE8H         LINE#         620
  C:0FF6H         LINE#         621
  C:0FFFH         LINE#         624
  C:1007H         LINE#         625
  -------         ENDPROC       _FUNCTION_READ_WRITE_MULTIPLE_REGISTERS_17
  -------         PROC          _NOT_SUPPORT_FUNCTION_CODE
  D:0007H         SYMBOL        address
  D:0005H         SYMBOL        function
  -------         DO            
  X:02A2H         SYMBOL        ret
  -------         ENDDO         
  C:2C40H         LINE#         630
  C:2C40H         LINE#         631
  C:2C40H         LINE#         632
  C:2C47H         LINE#         633
  C:2C4CH         LINE#         635
  C:2C54H         LINE#         636
  -------         ENDPROC       _NOT_SUPPORT_FUNCTION_CODE
  -------         PROC          _PARSE_RECV_BUFFER
  X:0299H         SYMBOL        buf
  X:029CH         SYMBOL        len
  -------         DO            
  X:029EH         SYMBOL        ret
  X:02A0H         SYMBOL        temp_crc
  D:0006H         SYMBOL        temp_crc2
  -------         ENDDO         
  C:1208H         LINE#         641
  C:1219H         LINE#         642
  C:1219H         LINE#         643
  C:121EH         LINE#         644
  C:1222H         LINE#         645
BL51 BANKED LINKER/LOCATER V6.22.4.0                                                  11/08/2024  16:15:52  PAGE 50


  C:1224H         LINE#         647
  C:1230H         LINE#         648
  C:1241H         LINE#         650
  C:125CH         LINE#         651
  C:125CH         LINE#         652
  C:125EH         LINE#         653
  C:125EH         LINE#         654
  C:1279H         LINE#         655
  C:129BH         LINE#         656
  C:12ACH         LINE#         658
  C:12B8H         LINE#         660
  C:12C0H         LINE#         661
  C:12C4H         LINE#         662
  C:12C4H         LINE#         664
  C:12D4H         LINE#         665
  C:12DFH         LINE#         666
  C:12DFH         LINE#         669
  C:1312H         LINE#         670
  C:1318H         LINE#         671
  C:1329H         LINE#         672
  C:133AH         LINE#         673
  C:134AH         LINE#         674
  C:1360H         LINE#         675
  C:1376H         LINE#         676
  C:1386H         LINE#         677
  C:1396H         LINE#         678
  C:13A6H         LINE#         679
  C:13C7H         LINE#         680
  C:13C7H         LINE#         682
  C:13CFH         LINE#         683
  -------         ENDPROC       _PARSE_RECV_BUFFER
  -------         ENDMOD        MODBUS

  -------         MODULE        CRC
  C:0000H         SYMBOL        _ICE_DUMMY_
  C:0026H         PUBLIC        _crc16
  C:1008H         SYMBOL        auchCRCHi
  C:1108H         SYMBOL        auchCRCLo
  -------         PROC          _CRC16
  X:02B9H         SYMBOL        msg
  X:02BCH         SYMBOL        DataLen
  -------         DO            
  X:02BEH         SYMBOL        usTemp
  D:0007H         SYMBOL        uchCRCHi
  D:0005H         SYMBOL        uchCRCLo
  D:0002H         SYMBOL        uIndex
  -------         ENDDO         
  C:0026H         LINE#         81
  C:0037H         LINE#         82
  C:0037H         LINE#         83
  C:003CH         LINE#         84
  C:003EH         LINE#         85
  C:0040H         LINE#         87
  C:004EH         LINE#         88
  C:0065H         LINE#         89
  C:0072H         LINE#         90
  C:007FH         LINE#         91
BL51 BANKED LINKER/LOCATER V6.22.4.0                                                  11/08/2024  16:15:52  PAGE 51


  C:0081H         LINE#         92
  C:0089H         LINE#         93
  C:0093H         LINE#         95
  C:0098H         LINE#         96
  -------         ENDPROC       _CRC16
  -------         ENDMOD        CRC

  -------         MODULE        ?C?CLDPTR
  C:1930H         PUBLIC        ?C?CLDPTR
  -------         ENDMOD        ?C?CLDPTR

  -------         MODULE        ?C?CLDOPTR
  C:1949H         PUBLIC        ?C?CLDOPTR
  -------         ENDMOD        ?C?CLDOPTR

  -------         MODULE        ?C?CSTOPTR
  C:1976H         PUBLIC        ?C?CSTOPTR
  -------         ENDMOD        ?C?CSTOPTR

  -------         MODULE        ?C?IMUL
  C:1998H         PUBLIC        ?C?IMUL
  -------         ENDMOD        ?C?IMUL

  -------         MODULE        ?C?UIDIV
  C:19AAH         PUBLIC        ?C?UIDIV
  -------         ENDMOD        ?C?UIDIV

  -------         MODULE        ?C?ILDIX
  C:19FFH         PUBLIC        ?C?ILDIX
  -------         ENDMOD        ?C?ILDIX

  -------         MODULE        ?C?SLCMP
  C:1A15H         PUBLIC        ?C?SLCMP
  -------         ENDMOD        ?C?SLCMP

  -------         MODULE        ?C?OFFXADD
  C:1A2BH         PUBLIC        ?C?OFFXADD
  -------         ENDMOD        ?C?OFFXADD

  -------         MODULE        ?C?CCASE
  C:1A37H         PUBLIC        ?C?CCASE
  -------         ENDMOD        ?C?CCASE

*** WARNING L16: UNCALLED SEGMENT, IGNORED FOR OVERLAY PROCESS
    SEGMENT: ?PR?_UART_SEND_BYTE?________

*** WARNING L16: UNCALLED SEGMENT, IGNORED FOR OVERLAY PROCESS
    SEGMENT: ?PR?SET_DIS?________

*** WARNING L16: UNCALLED SEGMENT, IGNORED FOR OVERLAY PROCESS
    SEGMENT: ?PR?CUR_DIS?________

*** WARNING L16: UNCALLED SEGMENT, IGNORED FOR OVERLAY PROCESS
    SEGMENT: ?PR?F_DIS?________

*** WARNING L16: UNCALLED SEGMENT, IGNORED FOR OVERLAY PROCESS
    SEGMENT: ?PR?M_DIS?________
BL51 BANKED LINKER/LOCATER V6.22.4.0                                                  11/08/2024  16:15:52  PAGE 52



*** WARNING L16: UNCALLED SEGMENT, IGNORED FOR OVERLAY PROCESS
    SEGMENT: ?PR?R_DIS?________

*** WARNING L16: UNCALLED SEGMENT, IGNORED FOR OVERLAY PROCESS
    SEGMENT: ?PR?P1_DIS?________

*** WARNING L16: UNCALLED SEGMENT, IGNORED FOR OVERLAY PROCESS
    SEGMENT: ?PR?P2_DIS?________

Program Size: data=117.5 xdata=704 code=11622
LINK/LOCATE RUN COMPLETE.  8 WARNING(S),  0 ERROR(S)
